1994
1 ['Michael', 'Jessica']
10 ['Andrew', 'Megan']
100 ['Vincent', 'Meghan']
1000 ['Blaise', 'Meranda']
101 ['Dillon', 'Leah']
102 ['Cory', 'Mackenzie']
103 ['Isaac', 'Grace']
104 ['Angel', 'Christine']
105 ['Jake', 'Cynthia']
106 ['Alejandro', 'Margaret']
107 ['Brett', 'Lindsay']
108 ['Joel', 'Angelica']
109 ['Alec', 'Michaela']
11 ['Joseph', 'Nicole']
110 ['George', 'Bianca']
111 ['Cole', 'Veronica']
112 ['Jorge', 'Holly']
113 ['Eduardo', 'Kristina']
114 ['Chase', 'Gabriela']
115 ['Raymond', 'Kristin']
116 ['Casey', 'Bethany']
117 ['Devon', 'Autumn']
118 ['Wesley', 'Casey']
119 ['Ricardo', 'Hailey']
12 ['Zachary', 'Kayla']
120 ['Francisco', 'Melanie']
121 ['Colton', 'Brenda']
122 ['Troy', 'Brandi']
123 ['Oscar', 'Lisa']
124 ['Colin', 'Rachael']
125 ['Mason', 'Desiree']
126 ['Keith', 'Kendra']
127 ['Jack', 'April']
128 ['Dominic', 'Karen']
129 ['Brendan', 'Julie']
13 ['David', 'Rachel']
130 ['Chad', 'Kathleen']
131 ['Phillip', 'Leslie']
132 ['Donald', 'Dominique']
133 ['Elijah', 'Natasha']
134 ['Johnathan', 'Kara']
135 ['Martin', 'Patricia']
136 ['Derrick', 'Hayley']
137 ['Ronald', 'Bailey']
138 ['Cristian', 'Carly']
139 ['Xavier', 'Cassidy']
14 ['James', 'Lauren']
140 ['Julian', 'Karina']
141 ['Frank', 'Summer']
142 ['Mario', 'Tori']
143 ['Manuel', 'Ana']
144 ['Alan', 'Ariel']
145 ['Omar', 'Nancy']
146 ['Henry', 'Tara']
147 ['Edgar', 'Alejandra']
148 ['Andre', 'Marisa']
149 ['Clayton', 'Claire']
15 ['John', 'Stephanie']
150 ['Bryce', 'Caitlyn']
151 ['Grant', 'Adriana']
152 ['Collin', 'Rebekah']
153 ['Javier', 'Alison']
154 ['Jonathon', 'Kaylee']
155 ['Darius', 'Chloe']
156 ['Douglas', 'Raven']
157 ['Levi', 'Jocelyn']
158 ['Jeremiah', 'Kylie']
159 ['Noah', 'Valerie']
16 ['Ryan', 'Hannah']
160 ['Sergio', 'Gabriella']
161 ['Hector', 'Jade']
162 ['Roberto', 'Audrey']
163 ['Andres', 'Katrina']
164 ['Nicolas', 'Krystal']
165 ['Johnny', 'Deanna']
166 ['Jackson', 'Ariana']
167 ['Gary', 'Dana']
168 ['Philip', 'Mikayla']
169 ['Isaiah', 'Meagan']
17 ['Austin', 'Jennifer']
170 ['Curtis', 'Diamond']
171 ['Drew', 'Sandra']
172 ['Ivan', 'Kassandra']
173 ['Brady', 'Jasmin']
174 ['Fernando', 'Bridget']
175 ['Edwin', 'Monique']
176 ['Hayden', 'Angel']
177 ['Dennis', 'Daisy']
178 ['Cesar', 'Chelsey']
179 ['Allen', 'Kendall']
18 ['Anthony', 'Alexis']
180 ['Zachery', 'Ashlee']
181 ['Ruben', 'Felicia']
182 ['Maxwell', 'Krista']
183 ['Jalen', 'Joanna']
184 ['Marco', 'Khadijah']
185 ['Erick', 'Sophia']
186 ['Randy', 'Yesenia']
187 ['Mathew', 'Mallory']
188 ['Brent', 'Lydia']
189 ['Tony', 'Mercedes']
19 ['William', 'Victoria']
190 ['Pedro', 'Jazmin']
191 ['Max', 'Jillian']
192 ['Preston', 'Mckenzie']
193 ['Jerry', 'Kirsten']
194 ['Riley', 'Gina']
195 ['Calvin', 'Jazmine']
196 ['Larry', 'Priscilla']
197 ['Wyatt', 'Cindy']
198 ['Craig', 'Makayla']
199 ['Raul', 'Claudia']
2 ['Christopher', 'Ashley']
20 ['Justin', 'Danielle']
200 ['Colby', 'Alisha']
201 ['Darren', 'Evelyn']
202 ['Rafael', 'Aaliyah']
203 ['Jeffery', 'Kiara']
204 ['Carl', 'Anne']
205 ['Ricky', 'Cierra']
206 ['Louis', 'Ashleigh']
207 ['Tevin', 'Colleen']
208 ['Jaime', 'Ciara']
209 ['Albert', 'Lacey']
21 ['Robert', 'Amber']
210 ['Jimmy', 'Allyson']
211 ['Kristopher', 'Tabitha']
212 ['Trey', 'Denise']
213 ['Marc', 'Abby']
214 ['Skyler', 'Brandy']
215 ['Damian', 'Guadalupe']
216 ['Chance', 'Zoe']
217 ['Forrest', 'Ellen']
218 ['Harrison', 'Faith']
219 ['Kaleb', 'Marina']
22 ['Alexander', 'Courtney']
220 ['Julio', 'Cristina']
221 ['Alberto', 'Linda']
222 ['Dallas', 'Isabella']
223 ['Sebastian', 'Nichole']
224 ['Trenton', 'Jaclyn']
225 ['Conner', 'Karla']
226 ['Armando', 'Amelia']
227 ['Alexis', 'Jessie']
228 ['Gage', 'Rosa']
229 ['Emmanuel', 'Mayra']
23 ['Jonathan', 'Jasmine']
230 ['Gerardo', 'Meredith']
231 ['Danny', 'Carolyn']
232 ['Zackary', 'Maggie']
233 ['Micheal', 'Hope']
234 ['Russell', 'Asia']
235 ['Shaquille', 'Naomi']
236 ['Lawrence', 'Clarissa']
237 ['Diego', 'Hanna']
238 ['Parker', 'Daniela']
239 ['Dominique', 'Carmen']
24 ['Kyle', 'Rebecca']
240 ['Jamal', 'Justine']
241 ['Terry', 'Tessa']
242 ['Abraham', 'Tatiana']
243 ['Joe', 'Isabel']
244 ['Rodney', 'Wendy']
245 ['Jonah', 'Katlyn']
246 ['Micah', 'Tamara']
247 ['Kody', 'Maya']
248 ['Arthur', 'Kasey']
249 ['Landon', 'Kiana']
25 ['Cody', 'Morgan']
250 ['Deandre', 'Alexus']
251 ['Walter', 'Raquel']
252 ['Todd', 'Bria']
253 ['Marcos', 'Aubrey']
254 ['Bobby', 'Candace']
255 ['Billy', 'Teresa']
256 ['Gavin', 'Ashlyn']
257 ['Lance', 'Tiara']
258 ['Andy', 'Kelsie']
259 ['Nolan', 'Celeste']
26 ['Kevin', 'Alyssa']
260 ['Avery', 'Alissa']
261 ['Donovan', 'Theresa']
262 ['Jay', 'Katelynn']
263 ['Nickolas', 'Britney']
264 ['Roger', 'Kelli']
265 ['Enrique', 'Nina']
266 ['Josue', 'Tyler']
267 ['Randall', 'Renee']
268 ['Trent', 'Jacquelyn']
269 ['Ramon', 'Carolina']
27 ['Thomas', 'Brianna']
270 ['Branden', 'Genesis']
271 ['Jon', 'Ruby']
272 ['Morgan', 'Cara']
273 ['Arturo', 'Susan']
274 ['Alfredo', 'Heidi']
275 ['Terrance', 'Carrie']
276 ['Jessie', 'Jordyn']
277 ['Malcolm', 'Miriam']
278 ['Damien', 'Brenna']
279 ['Devonte', 'Janet']
28 ['Aaron', 'Alexandra']
280 ['Marvin', 'Ebony']
281 ['Gustavo', 'Jenny']
282 ['Marquis', 'Arianna']
283 ['Israel', 'Gloria']
284 ['Gerald', 'Toni']
285 ['Jamie', 'Ashton']
286 ['Miles', 'Cecilia']
287 ['Giovanni', 'Camille']
288 ['Kendall', 'Tiana']
289 ['Johnathon', 'Esther']
29 ['Jordan', 'Kelsey']
290 ['Eddie', 'Charlotte']
291 ['Willie', 'Candice']
292 ['Theodore', 'Martha']
293 ['Damon', 'Madeleine']
294 ['Maurice', 'Virginia']
295 ['Reginald', 'Aimee']
296 ['Lorenzo', 'Tia']
297 ['Lee', 'Elena']
298 ['Josiah', 'Savanna']
299 ['Frederick', 'Vivian']
3 ['Matthew', 'Emily']
30 ['Eric', 'Katherine']
300 ['Salvador', 'Selena']
301 ['Demetrius', 'Marie']
302 ['Dominick', 'Angelina']
303 ['Bryant', 'Imani']
304 ['Conor', 'Carissa']
305 ['Eli', 'Cassie']
306 ['Zackery', 'Dakota']
307 ['Roy', 'Adrianna']
308 ['Malik', 'Alexia']
309 ['Devante', 'Logan']
31 ['Benjamin', 'Melissa']
310 ['Quinton', 'Lillian']
311 ['Ross', 'Ruth']
312 ['Marshall', 'Darian']
313 ['Tyrone', 'Janelle']
314 ['Dean', 'Mikaela']
315 ['Carson', 'Sharon']
316 ['Tommy', 'Harley']
317 ['Ernesto', 'Mia']
318 ['Elias', 'Barbara']
319 ['Ty', 'Stacy']
32 ['Dylan', 'Kimberly']
320 ['Zachariah', 'Helen']
321 ['Terrence', 'Sadie']
322 ['Dante', 'Nikki']
323 ['Harley', 'Kierra']
324 ['Shaun', 'Anastasia']
325 ['Zane', 'Tayler']
326 ['Fabian', 'Kellie']
327 ['Pablo', 'Hunter']
328 ['Brock', 'Nicolette']
329 ['Brennan', 'Stacey']
33 ['Samuel', 'Michelle']
330 ['Bruce', 'Shayla']
331 ['Kelvin', 'Tierra']
332 ['Darrell', 'Elise']
333 ['Wayne', 'Robin']
334 ['Rene', 'Alana']
335 ['Denzel', 'Carla']
336 ['Terrell', 'Liliana']
337 ['Brenden', 'Shawna']
338 ['Jerome', 'Annie']
339 ['Drake', 'Rose']
34 ['Steven', 'Allison']
340 ['Francis', 'Valeria']
341 ['Braden', 'Ann']
342 ['Brendon', 'Shanice']
343 ['Quentin', 'Callie']
344 ['Nelson', 'Devin']
345 ['Steve', 'Christian']
346 ['Myles', 'Karissa']
347 ['Angelo', 'Eva']
348 ['Chandler', 'Melinda']
349 ['Franklin', 'Lorena']
35 ['Christian', 'Tiffany']
350 ['Neil', 'Pamela']
351 ['Tucker', 'Riley']
352 ['Melvin', 'Kate']
353 ['Lane', 'Chelsie']
354 ['Clay', 'Paola']
355 ['Ashton', 'Deborah']
356 ['Simon', 'Brianne']
357 ['Darian', 'Adrienne']
358 ['Guillermo', 'Melody']
359 ['Desmond', 'Aliyah']
36 ['Jose', 'Haley']
360 ['Liam', 'Elisabeth']
361 ['Ronnie', 'Tina']
362 ['Orlando', 'Justice']
363 ['Trevon', 'Sonia']
364 ['Weston', 'Larissa']
365 ['Dale', 'Francesca']
366 ['Mackenzie', 'Kylee']
367 ['Devan', 'Marisol']
368 ['Byron', 'Jane']
369 ['Leonard', 'Tanya']
37 ['Brian', 'Mary']
370 ['Oliver', 'Chasity']
371 ['Ismael', 'Devon']
372 ['Darryl', 'Alyson']
373 ['Eugene', 'Tania']
374 ['Daquan', 'Sasha']
375 ['Kendrick', 'Esmeralda']
376 ['Leonardo', 'Natalia']
377 ['Roman', 'Kenya']
378 ['Esteban', 'Breana']
379 ['Emilio', 'Kira']
38 ['Adam', 'Chelsea']
380 ['Emanuel', 'Macy']
381 ['Karl', 'Regina']
382 ['Geoffrey', 'Alaina']
383 ['Darien', 'Donna']
384 ['Keegan', 'Mckenna']
385 ['Stanley', 'Brooklyn']
386 ['Warren', 'Destinee']
387 ['Kenny', 'Kristine']
388 ['Rodolfo', 'Kali']
389 ['Saul', 'Leticia']
39 ['Timothy', 'Christina']
390 ['Ernest', 'Lily']
391 ['Felix', 'Bryanna']
392 ['Quinn', 'Josephine']
393 ['Graham', 'Randi']
394 ['Keenan', 'Juliana']
395 ['Beau', 'Christy']
396 ['Stefan', 'Tracy']
397 ['Clinton', 'Kari']
398 ['Skylar', 'Meaghan']
399 ['Abel', 'Precious']
4 ['Joshua', 'Samantha']
40 ['Nathan', 'Shelby']
400 ['Corbin', 'Makenzie']
401 ['Moises', 'Kyla']
402 ['Sterling', 'Paula']
403 ['Davon', 'Skylar']
404 ['Griffin', 'Serena']
405 ['Ray', 'Kyra']
406 ['Kyler', 'India']
407 ['Jarrett', 'Maranda']
408 ['Deshawn', 'Rachelle']
409 ['Dwayne', 'Selina']
41 ['Richard', 'Anna']
410 ['Glenn', 'Taryn']
411 ['Kurt', 'Carley']
412 ['Sam', 'Frances']
413 ['Wade', 'Kaitlynn']
414 ['Joey', 'Emilee']
415 ['Kameron', 'Sophie']
416 ['Harry', 'Tiffani']
417 ['Cedric', 'Arielle']
418 ['Hugo', 'Ciera']
419 ['Alvin', 'Abbey']
42 ['Patrick', 'Abigail']
420 ['Felipe', 'Irene']
421 ['Carter', 'Shayna']
422 ['Leon', 'Alice']
423 ['Tylor', 'Celina']
424 ['Davis', 'Cortney']
425 ['Gilberto', 'Kourtney']
426 ['Jaquan', 'Joy']
427 ['Jermaine', 'Sylvia']
428 ['Allan', 'Kristy']
429 ['Rashad', 'Brittani']
43 ['Charles', 'Sara']
430 ['Reid', 'Kailey']
431 ['Jakob', 'Peyton']
432 ['Alfonso', 'Daniella']
433 ['Jordon', 'Alma']
434 ['Elliot', 'Clara']
435 ['Lukas', 'Kaila']
436 ['Dane', 'Cheyanne']
437 ['Sheldon', 'Kayleigh']
438 ['Cooper', 'Johanna']
439 ['Harold', 'Jaime']
44 ['Sean', 'Heather']
440 ['Aidan', 'Tanisha']
441 ['Rudy', 'Josie']
442 ['Braxton', 'Mariana']
443 ['Kristian', 'Kristi']
444 ['Reed', 'Chandler']
445 ['Jarred', 'Sidney']
446 ['Gilbert', 'Payton']
447 ['Marquise', 'Maritza']
448 ['Noel', 'Elaine']
449 ['Tyrell', 'Robyn']
45 ['Jesse', 'Erin']
450 ['Javon', 'Allie']
451 ['Nikolas', 'Michele']
452 ['Tristan', 'Anissa']
453 ['Demarcus', 'Carina']
454 ['Owen', 'Christa']
455 ['Jarvis', 'Madelyn']
456 ['Clarence', 'Marlene']
457 ['Ramiro', 'Kiera']
458 ['Rogelio', 'Jeanette']
459 ['Elliott', 'Marilyn']
46 ['Jason', 'Laura']
460 ['Stephan', 'Angelique']
461 ['Ali', 'Cristal']
462 ['Leo', 'Nadia']
463 ['Rolando', 'Noelle']
464 ['Stuart', 'Janae']
465 ['Alonzo', 'Yvette']
466 ['Justice', 'Haylee']
467 ['Darnell', 'Katharine']
468 ['Bryson', 'Micaela']
469 ['Sawyer', 'Tasha']
47 ['Jeremy', 'Maria']
470 ['Tomas', 'Trisha']
471 ['Quincy', 'Ericka']
472 ['Brody', 'Lucy']
473 ['Deon', 'Talia']
474 ['Jarrod', 'Nora']
475 ['Donte', 'Lori']
476 ['Alfred', 'Blanca']
477 ['Charlie', 'Elisa']
478 ['Nigel', 'Haleigh']
479 ['Marlon', 'Katarina']
48 ['Mark', 'Kaitlyn']
480 ['Ariel', 'Chantel']
481 ['Keaton', 'Yvonne']
482 ['Deonte', 'Kaleigh']
483 ['Kurtis', 'Iris']
484 ['Chris', 'Avery']
485 ['Noe', 'Dalia']
486 ['Roderick', 'Simone']
487 ['Lewis', 'Margarita']
488 ['Clint', 'Jada']
489 ['Ralph', 'Sofia']
49 ['Stephen', 'Andrea']
490 ['Tre', 'Viviana']
491 ['Rodrigo', 'Paris']
492 ['Jayson', 'Corinne']
493 ['Garret', 'Carol']
494 ['Bret', 'Edith']
495 ['Bernard', 'Lyndsey']
496 ['Damion', 'Maribel']
497 ['Barry', 'Desirae']
498 ['Mitchel', 'Moriah']
499 ['Derick', 'Kelley']
5 ['Tyler', 'Sarah']
50 ['Alex', 'Olivia']
500 ['Nathanael', 'Stefanie']
501 ['Tyson', 'Shaina']
502 ['Blaine', 'Gianna']
503 ['Payton', 'Susana']
504 ['Shannon', 'Alanna']
505 ['Austen', 'Tianna']
506 ['Kory', 'Casandra']
507 ['Clifford', 'Judith']
508 ['Markus', 'Laurel']
509 ['Sidney', 'Misty']
51 ['Juan', 'Jordan']
510 ['Julius', 'Stephany']
511 ['Santiago', 'Kadijah']
512 ['Duncan', 'Emilie']
513 ['Kelly', 'Itzel']
514 ['Grayson', 'Sandy']
515 ['Brad', 'Delaney']
516 ['Efrain', 'Charity']
517 ['Raheem', 'Kaley']
518 ['Earl', 'Kelsi']
519 ['Kirk', 'Perla']
52 ['Cameron', 'Madison']
520 ['Mauricio', 'Ivy']
521 ['Maximilian', 'Kiersten']
522 ['Dequan', 'Tess']
523 ['Howard', 'Bridgette']
524 ['Vicente', 'Kennedy']
525 ['Baby', 'Lizbeth']
526 ['Darion', 'Alexandrea']
527 ['Lamar', 'Dallas']
528 ['Dashawn', 'Yolanda']
529 ['Heath', 'Hallie']
53 ['Travis', 'Marissa']
530 ['Khalil', 'Bonnie']
531 ['Dorian', 'Chanel']
532 ['Stephon', 'Jill']
533 ['Wilson', 'Kassidy']
534 ['Walker', 'Kaylin']
535 ['Ahmad', 'Yasmin']
536 ['Perry', 'Kaylyn']
537 ['Humberto', 'Julianna']
538 ['Shelby', 'Kathy']
539 ['Adan', 'Mollie']
54 ['Taylor', 'Brooke']
540 ['Dwight', 'Diane']
541 ['Isiah', 'Norma']
542 ['Tyree', 'Alisa']
543 ['Dion', 'Nia']
544 ['Jaylen', 'Rochelle']
545 ['Kareem', 'Lena']
546 ['Peyton', 'Julianne']
547 ['Carlton', 'Araceli']
548 ['Dexter', 'Isabelle']
549 ['Daryl', 'Rocio']
55 ['Jeffrey', 'Kristen']
550 ['Antoine', 'Anita']
551 ['Osvaldo', 'Dorothy']
552 ['Gordon', 'Leanna']
553 ['Terence', 'Breanne']
554 ['Addison', 'Beatriz']
555 ['Gunnar', 'Paulina']
556 ['Jaron', 'Carlie']
557 ['Moses', 'Genevieve']
558 ['Colten', 'Lacy']
559 ['Kasey', 'Karli']
56 ['Dustin', 'Natalie']
560 ['Uriel', 'Suzanne']
561 ['Alvaro', 'Alina']
562 ['Leroy', 'Janice']
563 ['Chaz', 'Sheila']
564 ['Juwan', 'Alysha']
565 ['Korey', 'Halie']
566 ['Amir', 'Hillary']
567 ['Courtney', 'Kelsea']
568 ['Jace', 'Keri']
569 ['Jamar', 'Antoinette']
57 ['Trevor', 'Erica']
570 ['Shayne', 'Charlene']
571 ['Roland', 'Kaylie']
572 ['Norman', 'Fatima']
573 ['Salvatore', 'Rosemary']
574 ['Brice', 'Cayla']
575 ['Glen', 'Katelin']
576 ['Lonnie', 'Karly']
577 ['Brenton', 'Sally']
578 ['Leonel', 'Shana']
579 ['Anton', 'Ashlie']
58 ['Luis', 'Katelyn']
580 ['Darrius', 'Jacklyn']
581 ['Deion', 'Alex']
582 ['Davonte', 'Corina']
583 ['Fredrick', 'Dawn']
584 ['Mohammad', 'Eleanor']
585 ['Freddy', 'Zhane']
586 ['Adolfo', 'Rhiannon']
587 ['Travon', 'Maegan']
588 ['Brayden', 'Noemi']
589 ['Issac', 'Dulce']
59 ['Connor', 'Vanessa']
590 ['Toby', 'Ashlynn']
591 ['Darrin', 'Skyler']
592 ['Cade', 'Lexus']
593 ['Coleman', 'Eliza']
594 ['Dimitri', 'Shirley']
595 ['Solomon', 'Karlie']
596 ['Deven', 'Lea']
597 ['Quintin', 'Lucia']
598 ['Jamel', 'Shelbi']
599 ['Kent', 'Connie']
6 ['Brandon', 'Taylor']
60 ['Caleb', 'Shannon']
600 ['Cullen', 'Roxanne']
601 ['Dillan', 'Sade']
602 ['Agustin', 'Tonya']
603 ['Frankie', 'Joyce']
604 ['Holden', 'Juanita']
605 ['Coty', 'Savanah']
606 ['Kristofer', 'Mara']
607 ['Reynaldo', 'Nathalie']
608 ['Jean', 'Beverly']
609 ['Joaquin', 'Eileen']
61 ['Devin', 'Miranda']
610 ['Conrad', 'Kasandra']
611 ['Devonta', 'Mckayla']
612 ['Neal', 'Regan']
613 ['Lloyd', 'Giselle']
614 ['Mohammed', 'Rikki']
615 ['Ben', 'Karlee']
616 ['Ezekiel', 'Elaina']
617 ['Mike', 'Keisha']
618 ['Nathanial', 'Ryan']
619 ['Everett', 'Heaven']
62 ['Evan', 'Kelly']
620 ['Lamont', 'Yadira']
621 ['Guadalupe', 'Jesse']
622 ['Aron', 'Shantel']
623 ['Milton', 'Clare']
624 ['Cortez', 'Reyna']
625 ['Dandre', 'Aisha']
626 ['Rigoberto', 'Kacie']
627 ['Tracy', 'Abbie']
628 ['Kane', 'Kalyn']
629 ['Cornelius', 'Shanna']
63 ['Jared', 'Paige']
630 ['Jaden', 'Katy']
631 ['Nestor', 'Bobbie']
632 ['Houston', 'Cameron']
633 ['Malachi', 'Loren']
634 ['Clark', 'Kerri']
635 ['Vernon', 'Brook']
636 ['Clifton', 'Darlene']
637 ['Rick', 'Hailee']
638 ['Arnold', 'Kori']
639 ['Hakeem', 'Georgia']
64 ['Paul', 'Jacqueline']
640 ['Ignacio', 'Thalia']
641 ['Marcel', 'Kerry']
642 ['Ahmed', 'Rebeca']
643 ['Irvin', 'Annette']
644 ['Tate', 'Angie']
645 ['Brooks', 'Yasmine']
646 ['Dusty', 'Luz']
647 ['Darin', 'Lucero']
648 ['Duane', 'Blair']
649 ['Gerard', 'Latisha']
65 ['Kenneth', 'Crystal']
650 ['Deangelo', 'Montana']
651 ['Raphael', 'Shauna']
652 ['Fred', 'Mariela']
653 ['Jaleel', 'Alayna']
654 ['Rickey', 'Cora']
655 ['Colt', 'Tammy']
656 ['Forest', 'Leanne']
657 ['Reece', 'Tyra']
658 ['German', 'Jena']
659 ['Trever', 'Tabatha']
66 ['Bryan', 'Cassandra']
660 ['Will', 'Carli']
661 ['Shaquan', 'Katlin']
662 ['Bennett', 'Silvia']
663 ['Bradford', 'Brittni']
664 ['Ladarius', 'Jodi']
665 ['Winston', 'Clarisa']
666 ['Brennen', 'Darby']
667 ['Gino', 'Iesha']
668 ['Jairo', 'Justina']
669 ['Jamison', 'Aurora']
67 ['Hunter', 'Gabrielle']
670 ['Mohamed', 'Rita']
671 ['Bernardo', 'Antonia']
672 ['Ezequiel', 'Stacie']
673 ['Herbert', 'Kala']
674 ['Jimmie', 'Ali']
675 ['Kerry', 'Beth']
676 ['Raymundo', 'Demi']
677 ['Reuben', 'Christie']
678 ['Madison', 'Ayanna']
679 ['Don', 'Janessa']
68 ['Gabriel', 'Briana']
680 ['Brandyn', 'Christen']
681 ['Estevan', 'Skye']
682 ['Kieran', 'Bobbi']
683 ['Aubrey', 'Cheryl']
684 ['Keon', 'Debra']
685 ['Robin', 'Sonya']
686 ['Heriberto', 'Kiley']
687 ['Jameson', 'Stevie']
688 ['Kade', 'Maureen']
689 ['Zechariah', 'Myranda']
69 ['Dakota', 'Lindsey']
690 ['Thaddeus', 'Ella']
691 ['Jovan', 'Tatyana']
692 ['Antwan', 'Cori']
693 ['Jefferson', 'Denisha']
694 ['Dillion', 'Jaqueline']
695 ['Ezra', 'Octavia']
696 ['Akeem', 'Celia']
697 ['Pierce', 'Eden']
698 ['Rory', 'Madalyn']
699 ['Codey', 'Lauryn']
7 ['Jacob', 'Brittany']
70 ['Logan', 'Katie']
700 ['Darrion', 'Baby']
701 ['Loren', 'Jennie']
702 ['Sammy', 'Halle']
703 ['Dylon', 'Karley']
704 ['Freddie', 'Reagan']
705 ['Paris', 'Arlene']
706 ['Ulises', 'Maura']
707 ['Hassan', 'Brandie']
708 ['Arron', 'Aspen']
709 ['Cordell', 'Devan']
71 ['Mitchell', 'Sierra']
710 ['Johnnie', 'Kristian']
711 ['Jonas', 'Fabiola']
712 ['Kaden', 'Jayme']
713 ['Kolby', 'Latasha']
714 ['Kai', 'Melina']
715 ['Brandan', 'Christiana']
716 ['Jeff', 'Domonique']
717 ['Moshe', 'Gwendolyn']
718 ['Rashawn', 'Jenifer']
719 ['Vaughn', 'Racheal']
72 ['Carlos', 'Alexandria']
720 ['Irving', 'Destiney']
721 ['Khalid', 'Gladys']
722 ['Davion', 'Lara']
723 ['Gene', 'Leigh']
724 ['Santos', 'Lesley']
725 ['Cruz', 'Micah']
726 ['Javonte', 'Carlee']
727 ['Leslie', 'Helena']
728 ['Dakotah', 'Shea']
729 ['Gonzalo', 'Mikala']
73 ['Corey', 'Julia']
730 ['Jasper', 'Ashly']
731 ['Caden', 'Janie']
732 ['Kolton', 'Joanne']
733 ['Donavan', 'Joselyn']
734 ['Stewart', 'Sarai']
735 ['Jamarcus', 'Shyanne']
736 ['Nico', 'Kristyn']
737 ['Pierre', 'Shelly']
738 ['Guy', 'Yazmin']
739 ['Sage', 'Breonna']
74 ['Ian', 'Mariah']
740 ['Lester', 'Brionna']
741 ['Zakary', 'Gretchen']
742 ['Grady', 'Kacey']
743 ['Jackie', 'Shakira']
744 ['Jamil', 'Daphne']
745 ['Dana', 'Destini']
746 ['Donnell', 'Brittanie']
747 ['Donnie', 'Krysta']
748 ['Shea', 'Yessenia']
749 ['Royce', 'Audra']
75 ['Marcus', 'Sydney']
750 ['August', 'Ava']
751 ['Dayton', 'Ayana']
752 ['Infant', 'Dayana']
753 ['Isaias', 'Hali']
754 ['Jerrod', 'Hollie']
755 ['Keanu', 'Elyse']
756 ['Nick', 'Mandy']
757 ['Benito', 'Betty']
758 ['Bo', 'Dianna']
759 ['Camron', 'Mindy']
76 ['Gregory', 'Emma']
760 ['Jade', 'Lizette']
761 ['Jaylon', 'Ingrid']
762 ['Myron', 'Kenia']
763 ['Herman', 'Kristie']
764 ['Bradly', 'Maddison']
765 ['Cyrus', 'Shelbie']
766 ['Darrian', 'Brielle']
767 ['Erich', 'Emerald']
768 ['Bailey', 'Kendal']
769 ['Jabari', 'Kortney']
77 ['Derek', 'Amy']
770 ['Keven', 'Allyssa']
771 ['Rhett', 'Berenice']
772 ['Codie', 'Kirstin']
773 ['Garrison', 'Juana']
774 ['Jarod', 'Jackie']
775 ['Lincoln', 'Maricela']
776 ['Deondre', 'Danica']
777 ['Elvis', 'Essence']
778 ['Montana', 'Kianna']
779 ['Reese', 'Dayna']
78 ['Nathaniel', 'Caitlin']
780 ['Tobias', 'Jalisa']
781 ['Vance', 'Janette']
782 ['Floyd', 'Magdalena']
783 ['Octavio', 'Roxana']
784 ['Devyn', 'Gabriel']
785 ['Gregorio', 'Jaimie']
786 ['Junior', 'Jana']
787 ['Fidel', 'Lynn']
788 ['Elmer', 'Salina']
789 ['Quinten', 'Trinity']
79 ['Scott', 'Kathryn']
790 ['Alexandro', 'Alesha']
791 ['Aric', 'Jessika']
792 ['Daulton', 'Kaela']
793 ['Elisha', 'Liana']
794 ['Josef', 'Shaniqua']
795 ['Savon', 'Joelle']
796 ['Adonis', 'Terri']
797 ['Dewayne', 'Devyn']
798 ['Asa', 'Sage']
799 ['Dan', 'Staci']
8 ['Daniel', 'Amanda']
80 ['Jesus', 'Jenna']
800 ['Rico', 'Addison']
801 ['Jamaal', 'Ellie']
802 ['Bronson', 'Graciela']
803 ['Camden', 'Terra']
804 ['Rocky', 'Bryana']
805 ['Dario', 'Macey']
806 ['Trace', 'Katerina']
807 ['Ari', 'Stormy']
808 ['Cristopher', 'Tricia']
809 ['Jim', 'Zana']
81 ['Blake', 'Angela']
810 ['Tayler', 'Aileen']
811 ['Erin', 'Lacie']
812 ['Josh', 'Athena']
813 ['Tory', 'Ayla']
814 ['Anderson', 'Belinda']
815 ['Hugh', 'Elissa']
816 ['Jessy', 'Kailyn']
817 ['Shyheim', 'Patrice']
818 ['Stetson', 'Phoebe']
819 ['Tyron', 'Celine']
82 ['Garrett', 'Savannah']
820 ['Austyn', 'Elisha']
821 ['Deshaun', 'Julissa']
822 ['Dondre', 'Kailee']
823 ['Jacoby', 'Alysia']
824 ['Rex', 'Deja']
825 ['Kelsey', 'Nadine']
826 ['Emmett', 'Sherry']
827 ['Justyn', 'Traci']
828 ['Kadeem', 'Judy']
829 ['Leland', 'Maira']
83 ['Bradley', 'Alicia']
830 ['Markell', 'Jessi']
831 ['Efren', 'Nataly']
832 ['Marquez', 'Myra']
833 ['Menachem', 'Olga']
834 ['Ted', 'Adrian']
835 ['Unknown', 'Alycia']
836 ['Cecil', 'Constance']
837 ['Kellen', 'Kalie']
838 ['Markel', 'Billie']
839 ['Misael', 'Catalina']
84 ['Edward', 'Breanna']
840 ['Rasheed', 'Marlena']
841 ['Alton', 'Martina']
842 ['Blair', 'Britany']
843 ['Harvey', 'Christin']
844 ['Justus', 'Griselda']
845 ['Ellis', 'Lexi']
846 ['Lionel', 'Marisela']
847 ['Maximillian', 'Ivette']
848 ['Abram', 'Kaycee']
849 ['Amos', 'Kayley']
85 ['Dalton', 'Catherine']
850 ['Dallin', 'Scarlett']
851 ['Edgardo', 'Kaci']
852 ['Jayden', 'Alessandra']
853 ['Khari', 'Brea']
854 ['Dawson', 'Breann']
855 ['Denver', 'Cecelia']
856 ['Jevon', 'Jazmyn']
857 ['Tyquan', 'Irma']
858 ['Rusty', 'Jami']
859 ['Trayvon', 'Kia']
86 ['Shawn', 'Destiny']
860 ['Niko', 'Austin']
861 ['Sonny', 'Tracey']
862 ['Alonso', 'Alysa']
863 ['Davin', 'Asha']
864 ['Hernan', 'Chantal']
865 ['Muhammad', 'Keely']
866 ['Augustus', 'Elsa']
867 ['Benny', 'Kaylynn']
868 ['Daron', 'Pauline']
869 ['Mikel', 'Ashanti']
87 ['Peter', 'Jamie']
870 ['Remington', 'Corey']
871 ['Silas', 'Kenzie']
872 ['Valentin', 'Beatrice']
873 ['Wendell', 'Layla']
874 ['Antony', 'Noel']
875 ['Clyde', 'Alecia']
876 ['Gunner', 'Bridgett']
877 ['Ibrahim', 'Dina']
878 ['Kelby', 'Kimberlee']
879 ['Kevon', 'Leandra']
88 ['Antonio', 'Monica']
880 ['Najee', 'Sarina']
881 ['Talon', 'Iliana']
882 ['Galen', 'Janay']
883 ['Asher', 'Latoya']
884 ['Barrett', 'Marlee']
885 ['Jess', 'Aja']
886 ['Jody', 'Ashely']
887 ['Jorden', 'Bailee']
888 ['Demetri', 'Melisa']
889 ['Devontae', 'Anjelica']
89 ['Ethan', 'Brittney']
890 ['Lyle', 'Katlynn']
891 ['Auston', 'Kayli']
892 ['Coby', 'Sydnee']
893 ['Marques', 'Hana']
894 ['Orion', 'Haylie']
895 ['Sherman', 'Nikole']
896 ['Alexandre', 'Nohely']
897 ['Ryne', 'Yaritza']
898 ['Storm', 'Eboni']
899 ['Turner', 'Laken']
9 ['Nicholas', 'Elizabeth']
90 ['Seth', 'Erika']
900 ['Bryon', 'Lorraine']
901 ['Cain', 'Mai']
902 ['Dionte', 'Marley']
903 ['Kegan', 'Kimberley']
904 ['Aldo', 'Makenna']
905 ['Andreas', 'Tiffanie']
906 ['Isidro', 'Damaris']
907 ['Jaylin', 'Emilia']
908 ['Titus', 'Fiona']
909 ['Cristobal', 'Jamila']
91 ['Luke', 'Whitney']
910 ['Giancarlo', 'Princess']
911 ['Randolph', 'Rylee']
912 ['Dalvin', 'Macie']
913 ['Edmund', 'Marcella']
914 ['Kelton', 'Vanesa']
915 ['Trae', 'Dylan']
916 ['Brant', 'Mariam']
917 ['Broderick', 'Nikita']
918 ['Carlo', 'Maxine']
919 ['Chadwick', 'Alena']
92 ['Shane', 'Madeline']
920 ['Jerrell', 'Chaya']
921 ['Kennedy', 'Jasmyn']
922 ['Chaim', 'Joana']
923 ['Darrien', 'Tyesha']
924 ['Domenic', 'Aubree']
925 ['Hans', 'Carson']
926 ['Layne', 'Lyndsay']
927 ['River', 'Susanna']
928 ['Chester', 'Viridiana']
929 ['Kendal', 'Giovanna']
93 ['Victor', 'Kaitlin']
930 ['Kenton', 'Eunice']
931 ['Tavon', 'Patience']
932 ['Codi', 'Katheryn']
933 ['Eliseo', 'Monika']
934 ['Julien', 'Tiarra']
935 ['Rodrick', 'Yasmeen']
936 ['Ulysses', 'Chantelle']
937 ['Alek', 'Kristal']
938 ['Destin', 'Lourdes']
939 ['Kole', 'Cydney']
94 ['Miguel', 'Caroline']
940 ['Marty', 'Joann']
941 ['Otis', 'Mattie']
942 ['Tyrin', 'Ricki']
943 ['Darwin', 'Aleah']
944 ['Justen', 'Amie']
945 ['Shelton', 'Geneva']
946 ['Kirby', 'Lexie']
947 ['Randal', 'Mariel']
948 ['Tariq', 'Dominque']
949 ['Ryder', 'Tanesha']
95 ['Lucas', 'Alexa']
950 ['Dakoda', 'China']
951 ['Demarco', 'Denisse']
952 ['Jacques', 'Leilani']
953 ['Axel', 'Lissette']
954 ['Greg', 'Rhonda']
955 ['Tyshawn', 'Shyann']
956 ['Wilfredo', 'Danyelle']
957 ['Ashley', 'Drew']
958 ['Cale', 'Jerrica']
959 ['Demonte', 'Paloma']
96 ['Tanner', 'Molly']
960 ['Mikal', 'Valentina']
961 ['Syed', 'Janine']
962 ['Sylvester', 'Laurie']
963 ['Eliezer', 'Leann']
964 ['Samson', 'Lizeth']
965 ['Ervin', 'Blake']
966 ['Male', 'Kinsey']
967 ['Nicklaus', 'Kirstie']
968 ['Pete', 'Leeann']
969 ['Shay', 'Michael']
97 ['Spencer', 'Sabrina']
970 ['Waylon', 'Porsha']
971 ['Westley', 'Andria']
972 ['Darrick', 'Janell']
973 ['Garry', 'Lana']
974 ['Dejuan', 'Malia']
975 ['Genaro', 'Reina']
976 ['Maverick', 'Valencia']
977 ['Morris', 'Caitlynn']
978 ['Samir', 'Elyssa']
979 ['Schuyler', 'Janel']
98 ['Adrian', 'Diana']
980 ['Armani', 'Jodie']
981 ['Demario', 'Kathrine']
982 ['Desean', 'Tatum']
983 ['Eddy', 'Tiera']
984 ['Garett', 'Adilene']
985 ['Kahlil', 'Annamarie']
986 ['Spenser', 'Darcy']
987 ['Bryton', 'Jean']
988 ['Dontae', 'Jessenia']
989 ['Jerald', 'London']
99 ['Erik', 'Cheyenne']
990 ['Jonatan', 'Betsy']
991 ['Lazaro', 'Danika']
992 ['Luther', 'Isis']
993 ['Nikko', 'Mari']
994 ['Abdul', 'Marjorie']
995 ['Brannon', 'Eliana']
996 ['Francesco', 'Fallon']
997 ['Mickey', 'Kallie']
998 ['Dominque', 'Lidia']
999 ['Kenyon', 'Lynette']
