2002
1 ['Jacob', 'Emily']
10 ['Daniel', 'Olivia']
100 ['Victor', 'Audrey']
1000 ['Fletcher', 'Emerald']
101 ['Jayden', 'Catherine']
102 ['Jake', 'Briana']
103 ['Tristan', 'Katie']
104 ['Kenneth', 'Breanna']
105 ['Carson', 'Alexandria']
106 ['Marcus', 'Laura']
107 ['Carter', 'Molly']
108 ['Dakota', 'Kathryn']
109 ['Jorge', 'Amy']
11 ['William', 'Elizabeth']
110 ['Spencer', 'Angel']
111 ['Tanner', 'Isabelle']
112 ['Kaleb', 'Sofia']
113 ['Liam', 'Daniela']
114 ['Stephen', 'Arianna']
115 ['Henry', 'Ashanti']
116 ['Colin', 'Gabriela']
117 ['Dalton', 'Diana']
118 ['Paul', 'Kelsey']
119 ['Wyatt', 'Kelly']
12 ['Anthony', 'Alyssa']
120 ['Edward', 'Madelyn']
121 ['Oscar', 'Alicia']
122 ['Vincent', 'Lindsey']
123 ['Joel', 'Caitlin']
124 ['Brendan', 'Jillian']
125 ['Colby', 'Mikayla']
126 ['Parker', 'Cassandra']
127 ['Grant', 'Cheyenne']
128 ['Colton', 'Alexia']
129 ['Maxwell', 'Margaret']
13 ['David', 'Lauren']
130 ['Shane', 'Mariah']
131 ['George', 'Cassidy']
132 ['Jeffrey', 'Avery']
133 ['Eduardo', 'Lizbeth']
134 ['Peter', 'Ana']
135 ['Aiden', 'Sabrina']
136 ['Ivan', 'Kennedy']
137 ['Nicolas', 'Lydia']
138 ['Brayden', 'Daisy']
139 ['Derek', 'Amelia']
14 ['Tyler', 'Isabella']
140 ['Gage', 'Skylar']
141 ['Francisco', 'Tiffany']
142 ['Landon', 'Adriana']
143 ['Ricardo', 'Mckenzie']
144 ['Travis', 'Erica']
145 ['Cristian', 'Mya']
146 ['Jalen', 'Angelica']
147 ['Brady', 'Miranda']
148 ['Collin', 'Caitlyn']
149 ['Bradley', 'Sophie']
15 ['Alexander', 'Grace']
150 ['Alan', 'Karen']
151 ['Omar', 'Summer']
152 ['Shawn', 'Brooklyn']
153 ['Caden', 'Gracie']
154 ['Josiah', 'Crystal']
155 ['Preston', 'Jordyn']
156 ['Erik', 'Kiara']
157 ['Javier', 'Valerie']
158 ['Andres', 'Ashlyn']
159 ['Fernando', 'Heather']
16 ['Ryan', 'Jessica']
160 ['Devon', 'Hope']
161 ['Alexis', 'Kylee']
162 ['Cesar', 'Alondra']
163 ['Damian', 'Gianna']
164 ['Manuel', 'Jamie']
165 ['Max', 'Abby']
166 ['Jonah', 'Erika']
167 ['Levi', 'Karina']
168 ['Braden', 'Bianca']
169 ['Gregory', 'Naomi']
17 ['John', 'Brianna']
170 ['Johnathan', 'Brittany']
171 ['Mario', 'Juliana']
172 ['Nolan', 'Veronica']
173 ['Kaden', 'Natalia']
174 ['Micah', 'Meghan']
175 ['Edgar', 'Karla']
176 ['Mitchell', 'Cynthia']
177 ['Raymond', 'Mckenna']
178 ['Clayton', 'Chelsea']
179 ['Edwin', 'Bethany']
18 ['James', 'Taylor']
180 ['Trenton', 'Monica']
181 ['Corey', 'Delaney']
182 ['Erick', 'Payton']
183 ['Wesley', 'Jasmin']
184 ['Emmanuel', 'Shannon']
185 ['Scott', 'Julianna']
186 ['Sergio', 'Kristen']
187 ['Marco', 'Kyla']
188 ['Roberto', 'Peyton']
189 ['Dustin', 'Maggie']
19 ['Zachary', 'Kayla']
190 ['Taylor', 'Nevaeh']
191 ['Donovan', 'Alejandra']
192 ['Martin', 'Hayley']
193 ['Dawson', 'Kate']
194 ['Hector', 'Hanna']
195 ['Cooper', 'Aubrey']
196 ['Conner', 'Kendall']
197 ['Eli', 'Valeria']
198 ['Brett', 'Makenzie']
199 ['Harrison', 'Reagan']
2 ['Michael', 'Madison']
20 ['Brandon', 'Anna']
200 ['Ashton', 'Ellie']
201 ['Dillon', 'Rylee']
202 ['Giovanni', 'Michaela']
203 ['Jakob', 'Aliyah']
204 ['Abraham', 'Charlotte']
205 ['Peyton', 'Esmeralda']
206 ['Alec', 'Carly']
207 ['Cade', 'Diamond']
208 ['Andy', 'Ruby']
209 ['Andre', 'Jazmin']
21 ['Jonathan', 'Victoria']
210 ['Malachi', 'Jayla']
211 ['Malik', 'Rebekah']
212 ['Damien', 'Sadie']
213 ['Trey', 'Brenda']
214 ['Ty', 'Desiree']
215 ['Jaylen', 'Ariel']
216 ['Frank', 'Nadia']
217 ['Drew', 'Giselle']
218 ['Elias', 'Julie']
219 ['Ruben', 'Kaitlin']
22 ['Justin', 'Megan']
220 ['Josue', 'Addison']
221 ['Calvin', 'Macy']
222 ['Zane', 'Adrianna']
223 ['Skyler', 'Kara']
224 ['Dominick', 'Claudia']
225 ['Pedro', 'Alana']
226 ['Phillip', 'Kyra']
227 ['Ronald', 'Kendra']
228 ['Griffin', 'Genesis']
229 ['Bryson', 'Jazmine']
23 ['Dylan', 'Sydney']
230 ['Leonardo', 'Alison']
231 ['Trent', 'Holly']
232 ['Rafael', 'Elena']
233 ['Chance', 'Nancy']
234 ['Gerardo', 'Allyson']
235 ['Derrick', 'Savanna']
236 ['Johnny', 'Britney']
237 ['Darius', 'Raven']
238 ['Chandler', 'Elise']
239 ['Miles', 'Eva']
24 ['Christian', 'Rachel']
240 ['Raul', 'Joanna']
241 ['Casey', 'Makenna']
242 ['Simon', 'Jaden']
243 ['Armando', 'Nina']
244 ['Kobe', 'Serena']
245 ['Avery', 'Guadalupe']
246 ['Allen', 'Fatima']
247 ['Marcos', 'Selena']
248 ['Keith', 'Haylee']
249 ['Troy', 'Vivian']
25 ['Samuel', 'Chloe']
250 ['Enrique', 'Camryn']
251 ['Israel', 'Katelynn']
252 ['Donald', 'Cierra']
253 ['Keegan', 'Mallory']
254 ['Zackary', 'April']
255 ['Payton', 'Lindsay']
256 ['Julio', 'Cameron']
257 ['Dante', 'Mariana']
258 ['Jaime', 'Cindy']
259 ['Brenden', 'Liliana']
26 ['Austin', 'Jasmine']
260 ['Kameron', 'Kathleen']
261 ['Lance', 'Wendy']
262 ['Alberto', 'Lucy']
263 ['Philip', 'Nayeli']
264 ['Brock', 'Josephine']
265 ['Gustavo', 'Anastasia']
266 ['Drake', 'Asia']
267 ['Jimmy', 'Camille']
268 ['Oliver', 'Zoey']
269 ['Jonathon', 'Cecilia']
27 ['Benjamin', 'Sophia']
270 ['Danny', 'Kassandra']
271 ['Fabian', 'Yesenia']
272 ['Louis', 'Skyler']
273 ['Mathew', 'Kristina']
274 ['Brennan', 'Ashleigh']
275 ['Cory', 'Sandra']
276 ['Kai', 'Heaven']
277 ['Kyler', 'Kira']
278 ['Angelo', 'Kirsten']
279 ['Brody', 'Patricia']
28 ['Nathan', 'Jennifer']
280 ['Dennis', 'Katrina']
281 ['Jace', 'Josie']
282 ['Marc', 'Amaya']
283 ['Tony', 'Kailey']
284 ['Gary', 'Miriam']
285 ['Camden', 'Priscilla']
286 ['Roman', 'Tori']
287 ['Jerry', 'Tatiana']
288 ['Arturo', 'Bridget']
289 ['Saul', 'Layla']
29 ['Logan', 'Morgan']
290 ['Damon', 'Serenity']
291 ['Curtis', 'Carolina']
292 ['Corbin', 'Madeleine']
293 ['Randy', 'Mercedes']
294 ['Emanuel', 'Tessa']
295 ['Pablo', 'Tara']
296 ['Tucker', 'Jayden']
297 ['Lorenzo', 'Kiana']
298 ['Albert', 'Rachael']
299 ['Lane', 'Melody']
3 ['Joshua', 'Hannah']
30 ['Jose', 'Natalie']
300 ['Theodore', 'Casey']
301 ['Myles', 'Alissa']
302 ['Darren', 'Esther']
303 ['Alfredo', 'Christine']
304 ['Bryant', 'Natasha']
305 ['Douglas', 'Carmen']
306 ['Larry', 'Clara']
307 ['Tyson', 'Lauryn']
308 ['Grayson', 'Celeste']
309 ['Chad', 'Alaina']
31 ['Noah', 'Kaitlyn']
310 ['Jaxon', 'Paola']
311 ['Quinn', 'India']
312 ['Joe', 'Bryanna']
313 ['Axel', 'Halle']
314 ['Maximus', 'Shayla']
315 ['Tristen', 'Annie']
316 ['Melvin', 'Alexus']
317 ['Lukas', 'Brittney']
318 ['Nickolas', 'Imani']
319 ['Ramon', 'Eleanor']
32 ['Gabriel', 'Hailey']
320 ['Ali', 'Nia']
321 ['Santiago', 'Denise']
322 ['Ayden', 'Heidi']
323 ['Ernesto', 'Dakota']
324 ['Zachery', 'Kayleigh']
325 ['Bailey', 'Sidney']
326 ['Maximilian', 'Anne']
327 ['Arthur', 'Marisa']
328 ['Russell', 'Brenna']
329 ['Kristopher', 'Logan']
33 ['Kevin', 'Julia']
330 ['Braxton', 'Annabelle']
331 ['Walter', 'Rose']
332 ['Jayson', 'Emilee']
333 ['Zion', 'Lilly']
334 ['Justice', 'Daniella']
335 ['Jay', 'Callie']
336 ['Moises', 'Ciara']
337 ['Esteban', 'Dana']
338 ['Emilio', 'Ruth']
339 ['Ismael', 'Kassidy']
34 ['Robert', 'Destiny']
340 ['Leo', 'Helen']
341 ['Dallas', 'Rosa']
342 ['Tommy', 'Clarissa']
343 ['Salvador', 'Cristina']
344 ['Ricky', 'Harley']
345 ['Lawrence', 'Kamryn']
346 ['Marvin', 'Annika']
347 ['Ezekiel', 'Fiona']
348 ['Micheal', 'Ashlynn']
349 ['Camron', 'Deanna']
35 ['Caleb', 'Haley']
350 ['Carl', 'Whitney']
351 ['Reece', 'Jadyn']
352 ['Quentin', 'Yasmin']
353 ['Mauricio', 'Ashlee']
354 ['Abel', 'Jenny']
355 ['Mateo', 'Hallie']
356 ['Brayan', 'Madalyn']
357 ['Jaheim', 'Meredith']
358 ['Isiah', 'Kristin']
359 ['Nikolas', 'Anahi']
36 ['Thomas', 'Katherine']
360 ['Amir', 'Dominique']
361 ['Braeden', 'Eliza']
362 ['Jeffery', 'Lisa']
363 ['Brent', 'Paulina']
364 ['Jamal', 'Elisabeth']
365 ['Deandre', 'Eden']
366 ['Jon', 'Carolyn']
367 ['Kade', 'Talia']
368 ['Marshall', 'Sasha']
369 ['Hugo', 'Virginia']
37 ['Jordan', 'Nicole']
370 ['Branden', 'Laila']
371 ['Rodney', 'Allie']
372 ['Dean', 'Julissa']
373 ['Morgan', 'Hailee']
374 ['Orlando', 'Tamara']
375 ['Jaiden', 'Kaylie']
376 ['Cayden', 'Teresa']
377 ['Jarrett', 'Tiana']
378 ['Maurice', 'Ashton']
379 ['Craig', 'Georgia']
38 ['Hunter', 'Alexandra']
380 ['Terry', 'Alayna']
381 ['Weston', 'Gloria']
382 ['Chris', 'Iris']
383 ['Skylar', 'Marina']
384 ['Eddie', 'Angie']
385 ['Kolby', 'Aniya']
386 ['Reese', 'Carla']
387 ['Roger', 'Linda']
388 ['Conor', 'Gillian']
389 ['Jaylin', 'Jayda']
39 ['Cameron', 'Savannah']
390 ['Keaton', 'Tabitha']
391 ['Davis', 'Raquel']
392 ['Kody', 'Tatum']
393 ['Rodrigo', 'Emely']
394 ['Trevon', 'Eliana']
395 ['Felix', 'Krystal']
396 ['Kelvin', 'Regan']
397 ['Zachariah', 'Genevieve']
398 ['Jessie', 'Marisol']
399 ['Jaylon', 'Kaitlynn']
4 ['Matthew', 'Emma']
40 ['Kyle', 'Maria']
400 ['Bobby', 'Kiley']
401 ['Brendon', 'Noelle']
402 ['Shaun', 'Justice']
403 ['Julius', 'Lexi']
404 ['Ahmad', 'Ivy']
405 ['Guillermo', 'Lesly']
406 ['Javon', 'Baylee']
407 ['Walker', 'Francesca']
408 ['Aldo', 'Alisha']
409 ['Zackery', 'Monique']
41 ['Elijah', 'Stephanie']
410 ['Graham', 'America']
411 ['Quinton', 'Tania']
412 ['Holden', 'Aniyah']
413 ['Nelson', 'Izabella']
414 ['Issac', 'Gina']
415 ['Johnathon', 'Perla']
416 ['Jadon', 'Jane']
417 ['Charlie', 'Katlyn']
418 ['Clay', 'Madisyn']
419 ['Osvaldo', 'Renee']
42 ['Jason', 'Mackenzie']
420 ['Dorian', 'Carissa']
421 ['Rene', 'Haleigh']
422 ['Demetrius', 'Deja']
423 ['Khalil', 'Precious']
424 ['Billy', 'Martha']
425 ['Desmond', 'Sage']
426 ['Malcolm', 'Malia']
427 ['Reginald', 'Bella']
428 ['Frederick', 'Cheyanne']
429 ['Nasir', 'Marie']
43 ['Jack', 'Mia']
430 ['Quincy', 'Alivia']
431 ['Silas', 'Jessie']
432 ['Damion', 'Amari']
433 ['Harley', 'Alina']
434 ['Blaine', 'Kaleigh']
435 ['Davion', 'Aurora']
436 ['Elliot', 'Jaqueline']
437 ['Willie', 'Phoebe']
438 ['Jonas', 'Tia']
439 ['Declan', 'Kyleigh']
44 ['Aaron', 'Allison']
440 ['Roy', 'Rylie']
441 ['Ezra', 'Itzel']
442 ['Terrance', 'Leilani']
443 ['Sam', 'Madyson']
444 ['Adan', 'Alice']
445 ['Bennett', 'Alyson']
446 ['Gerald', 'Skye']
447 ['Reid', 'Viviana']
448 ['Jermaine', 'Piper']
449 ['Kenny', 'Gisselle']
45 ['Isaiah', 'Jordan']
450 ['Noel', 'Leila']
451 ['Uriel', 'Meagan']
452 ['Felipe', 'Nyla']
453 ['Tyrese', 'Ainsley']
454 ['Steve', 'Camila']
455 ['Nathanael', 'Mckayla']
456 ['Tate', 'Fernanda']
457 ['Kristian', 'Janet']
458 ['Dane', 'Emilie']
459 ['Emiliano', 'Jacquelyn']
46 ['Luke', 'Amanda']
460 ['Solomon', 'Karissa']
461 ['Kendall', 'Yasmine']
462 ['Tomas', 'Brooklynn']
463 ['Alvin', 'Reese']
464 ['Noe', 'Paris']
465 ['Triston', 'Johanna']
466 ['Aden', 'Cora']
467 ['Bruce', 'Taryn']
468 ['Wilson', 'Nora']
469 ['Todd', 'Shania']
47 ['Connor', 'Jenna']
470 ['Cyrus', 'Abbey']
471 ['Franklin', 'Lacey']
472 ['Amari', 'Ayanna']
473 ['Moses', 'Krista']
474 ['Terrell', 'Macie']
475 ['Rylan', 'Susan']
476 ['Toby', 'Ellen']
477 ['Landen', 'Kaylin']
478 ['Allan', 'Joy']
479 ['Rogelio', 'Kiersten']
48 ['Isaac', 'Faith']
480 ['Darian', 'Cara']
481 ['Hudson', 'Kiera']
482 ['Cedric', 'Janelle']
483 ['Jasper', 'Liberty']
484 ['Jaquan', 'Abbigail']
485 ['Asher', 'Anya']
486 ['Byron', 'Tamia']
487 ['Duncan', 'Araceli']
488 ['Tristin', 'Carley']
489 ['Jerome', 'Destinee']
49 ['Angel', 'Makayla']
490 ['Stanley', 'Mikaela']
491 ['Kendrick', 'Kasey']
492 ['Leon', 'Alanna']
493 ['Reed', 'Dulce']
494 ['Alfonso', 'Kierra']
495 ['Dale', 'Ryleigh']
496 ['Joaquin', 'Elisa']
497 ['Francis', 'Angelique']
498 ['Sawyer', 'Brandy']
499 ['Dayton', 'Maddison']
5 ['Ethan', 'Alexis']
50 ['Jackson', 'Paige']
500 ['Coby', 'Stella']
501 ['Marquis', 'Litzy']
502 ['Kayden', 'Mayra']
503 ['Mohamed', 'Athena']
504 ['Rodolfo', 'Willow']
505 ['Ramiro', 'Kaley']
506 ['Beau', 'Charity']
507 ['Tyrone', 'Jaiden']
508 ['Ahmed', 'Lorena']
509 ['Joey', 'Anika']
51 ['Brian', 'Mary']
510 ['Johan', 'Larissa']
511 ['Marlon', 'Kailee']
512 ['Deven', 'Sharon']
513 ['Ariel', 'Theresa']
514 ['Randall', 'Tiara']
515 ['Devan', 'Pamela']
516 ['Braydon', 'Irene']
517 ['Lee', 'Sarai']
518 ['Rohan', 'Sylvia']
519 ['Trace', 'Madelynn']
52 ['Eric', 'Brooke']
520 ['Pierce', 'Janae']
521 ['Harry', 'Ann']
522 ['Gilberto', 'Miracle']
523 ['Alonzo', 'Raegan']
524 ['Luca', 'Tyler']
525 ['Jaydon', 'Lucia']
526 ['Kaiden', 'Bailee']
527 ['Warren', 'Brandi']
528 ['Jamie', 'Elaina']
529 ['Jude', 'Jaclyn']
53 ['Mason', 'Katelyn']
530 ['Ross', 'Ryan']
531 ['Mohammad', 'Sonia']
532 ['Tobias', 'Abbie']
533 ['Zander', 'Maia']
534 ['Elliott', 'Kelsie']
535 ['Omarion', 'Rhiannon']
536 ['Rolando', 'Shakira']
537 ['Tyrell', 'Jaelyn']
538 ['Wade', 'Marlene']
539 ['Wayne', 'Cassie']
54 ['Juan', 'Rebecca']
540 ['Easton', 'Aileen']
541 ['Jayce', 'Joselyn']
542 ['Leonel', 'Marilyn']
543 ['Ulises', 'Emilia']
544 ['Mekhi', 'Alma']
545 ['Xander', 'Lena']
546 ['Darrell', 'Simone']
547 ['Ben', 'Colleen']
548 ['Eugene', 'Jimena']
549 ['Will', 'Kaya']
55 ['Adam', 'Madeline']
550 ['Addison', 'Felicity']
551 ['Isaias', 'Kali']
552 ['Ronnie', 'Kaila']
553 ['Jarod', 'Kenya']
554 ['Kieran', 'Melina']
555 ['Jordon', 'Lexie']
556 ['Coleman', 'Aspen']
557 ['Gunnar', 'Eve']
558 ['Terrence', 'Nataly']
559 ['Vicente', 'Barbara']
56 ['Evan', 'Andrea']
560 ['Ezequiel', 'Deborah']
561 ['Colten', 'Hunter']
562 ['Leonard', 'Carlie']
563 ['Deshawn', 'Lesley']
564 ['Izaiah', 'Isis']
565 ['Rudy', 'Maritza']
566 ['Adolfo', 'Aimee']
567 ['Jamari', 'Madilyn']
568 ['Kolton', 'Chasity']
569 ['Romeo', 'Daphne']
57 ['Luis', 'Kaylee']
570 ['Garret', 'Tanya']
571 ['Mohammed', 'Edith']
572 ['Savion', 'Hailie']
573 ['Tyree', 'Adrienne']
574 ['Neil', 'Macey']
575 ['Sage', 'Julianne']
576 ['Dominique', 'Gwendolyn']
577 ['Dominik', 'Justine']
578 ['Alvaro', 'Arielle']
579 ['Koby', 'Felicia']
58 ['Charles', 'Michelle']
580 ['Jaxson', 'Shyanne']
581 ['Efrain', 'Ally']
582 ['Ray', 'Brynn']
583 ['Brennen', 'Haylie']
584 ['Orion', 'Kaia']
585 ['Jaron', 'Reyna']
586 ['Harold', 'Lilian']
587 ['Keenan', 'Zaria']
588 ['Sterling', 'Judith']
589 ['Everett', 'Kailyn']
59 ['Sean', 'Sara']
590 ['Ernest', 'Zoie']
591 ['Gilbert', 'Nathalie']
592 ['Davon', 'Juliette']
593 ['Humberto', 'Luz']
594 ['Lewis', 'Noemi']
595 ['Salvatore', 'Clare']
596 ['Rashad', 'Janiya']
597 ['Mike', 'Tianna']
598 ['Agustin', 'Annette']
599 ['Titus', 'Helena']
6 ['Andrew', 'Ashley']
60 ['Aidan', 'Zoe']
600 ['Donte', 'Kaylyn']
601 ['Elisha', 'Savanah']
602 ['Jett', 'Juliet']
603 ['Darryl', 'Valentina']
604 ['Yahir', 'Chelsey']
605 ['Brice', 'Ximena']
606 ['Dashawn', 'Esperanza']
607 ['Julien', 'Thalia']
608 ['Lincoln', 'Mara']
609 ['Karl', 'Tatyana']
61 ['Gavin', 'Kylie']
610 ['Darien', 'Hayden']
611 ['Kole', 'Violet']
612 ['River', 'Skyla']
613 ['Grady', 'Elle']
614 ['Dwayne', 'Tess']
615 ['Jamar', 'Nyah']
616 ['Phoenix', 'Breana']
617 ['Glenn', 'Jolie']
618 ['Cullen', 'Lila']
619 ['Kadin', 'Paula']
62 ['Alex', 'Sierra']
620 ['Jameson', 'Frances']
621 ['Alonso', 'Hana']
622 ['Jairo', 'Jazlyn']
623 ['Jair', 'Lisbeth']
624 ['Kareem', 'Teagan']
625 ['Keon', 'Laney']
626 ['Antoine', 'Cristal']
627 ['Elvis', 'Jaida']
628 ['Quintin', 'Regina']
629 ['Ralph', 'Aisha']
63 ['Nathaniel', 'Kimberly']
630 ['Devonte', 'Marley']
631 ['Junior', 'Alisa']
632 ['Moshe', 'Amya']
633 ['Cristopher', 'Haven']
634 ['Davin', 'Lara']
635 ['Nathanial', 'Isabela']
636 ['Gunner', 'Rosemary']
637 ['Roderick', 'Antonia']
638 ['Ignacio', 'Alessandra']
639 ['Kane', 'Elaine']
64 ['Bryan', 'Aaliyah']
640 ['Cruz', 'Karli']
641 ['Freddy', 'Keely']
642 ['Keshawn', 'Micah']
643 ['Aron', 'Nya']
644 ['Jamison', 'Yadira']
645 ['Irvin', 'Carlee']
646 ['Justus', 'Leticia']
647 ['Judah', 'Janessa']
648 ['Talon', 'Toni']
649 ['Shamar', 'Kaelyn']
65 ['Carlos', 'Amber']
650 ['Anton', 'Nichole']
651 ['Jagger', 'Celia']
652 ['Nehemiah', 'Kaiya']
653 ['Kamron', 'Lillie']
654 ['Markus', 'Carina']
655 ['Zechariah', 'Aracely']
656 ['Alfred', 'Cayla']
657 ['Derick', 'Corinne']
658 ['Ibrahim', 'Kenzie']
659 ['Muhammad', 'Mollie']
66 ['Jesus', 'Gabrielle']
660 ['Garrison', 'Sydnee']
661 ['Marquise', 'Halie']
662 ['Stefan', 'Stacy']
663 ['Anderson', 'Karlee']
664 ['August', 'Sienna']
665 ['Devyn', 'Lea']
666 ['Nigel', 'Anaya']
667 ['Daquan', 'Eileen']
668 ['Rhett', 'Lana']
669 ['Kurt', 'Tina']
67 ['Ian', 'Caroline']
670 ['Asa', 'Harmony']
671 ['Reynaldo', 'Mariam']
672 ['Heath', 'Stephany']
673 ['Josh', 'Laurel']
674 ['Gordon', 'Amani']
675 ['Keyshawn', 'Donna']
676 ['Sidney', 'Mariela']
677 ['Donavan', 'Ansley']
678 ['Karson', 'Ebony']
679 ['Caiden', 'Leanna']
68 ['Steven', 'Vanessa']
680 ['Raphael', 'Tyra']
681 ['Kellen', 'Kelli']
682 ['Jarred', 'Ayana']
683 ['Zakary', 'Jewel']
684 ['Alijah', 'Montana']
685 ['Porter', 'Melany']
686 ['Sheldon', 'Monserrat']
687 ['Howard', 'Taliyah']
688 ['Rigoberto', 'Adeline']
689 ['Layne', 'Jazmyn']
69 ['Cole', 'Alexa']
690 ['Octavio', 'Lizeth']
691 ['Clarence', 'Tayler']
692 ['Darnell', 'Giovanna']
693 ['Deon', 'Kathy']
694 ['Jean', 'Kianna']
695 ['Milton', 'Presley']
696 ['Misael', 'Brisa']
697 ['Dillan', 'Estefania']
698 ['Emmett', 'Arely']
699 ['Jaylan', 'Desirae']
7 ['Joseph', 'Abigail']
70 ['Timothy', 'Trinity']
700 ['Rory', 'Bria']
701 ['Brodie', 'Chaya']
702 ['Jabari', 'Estrella']
703 ['Demarcus', 'Joyce']
704 ['Greyson', 'Karlie']
705 ['Jefferson', 'Kennedi']
706 ['Kenyon', 'Jenifer']
707 ['Omari', 'Aubree']
708 ['Denzel', 'Shayna']
709 ['Maximillian', 'Delilah']
71 ['Cody', 'Danielle']
710 ['Gianni', 'Maeve']
711 ['Alessandro', 'Brielle']
712 ['Ari', 'Annabella']
713 ['Darion', 'Ciera']
714 ['Jaeden', 'Lia']
715 ['Alexandro', 'Penelope']
716 ['Keyon', 'Tierra']
717 ['Nico', 'Blanca']
718 ['Amarion', 'Yvette']
719 ['Dandre', 'Destiney']
72 ['Seth', 'Erin']
720 ['Draven', 'Myah']
721 ['Gael', 'Shyann']
722 ['Kevon', 'Ingrid']
723 ['Keagan', 'Casandra']
724 ['Ryder', 'Damaris']
725 ['Santos', 'Quinn']
726 ['Isai', 'Sheila']
727 ['Clinton', 'Katarina']
728 ['Gaven', 'Maci']
729 ['Gonzalo', 'Aleah']
73 ['Adrian', 'Autumn']
730 ['Camren', 'Alena']
731 ['Lamar', 'Annalise']
732 ['Jarrod', 'Maribel']
733 ['Geoffrey', 'Kayley']
734 ['Brycen', 'Margarita']
735 ['Roland', 'Aria']
736 ['Korey', 'Shaniya']
737 ['Brooks', 'Sydni']
738 ['Tariq', 'Candace']
739 ['Dallin', 'Kasandra']
74 ['Devin', 'Shelby']
740 ['Dangelo', 'Nikki']
741 ['Jahiem', 'Aliya']
742 ['Shannon', 'Cecelia']
743 ['Cale', 'Gia']
744 ['Conrad', 'Lyric']
745 ['Frankie', 'Alize']
746 ['Thaddeus', 'Abigayle']
747 ['Xzavier', 'Janice']
748 ['Brad', 'Katelin']
749 ['Braiden', 'Marianna']
75 ['Lucas', 'Angelina']
750 ['Quinten', 'Micaela']
751 ['Semaj', 'Iyana']
752 ['Abdullah', 'Yazmin']
753 ['Waylon', 'Carrie']
754 ['Austyn', 'Lola']
755 ['Baby', 'Greta']
756 ['Bernard', 'Susana']
757 ['Stephan', 'Frida']
758 ['Alexzander', 'Nicolette']
759 ['German', 'Salma']
76 ['Blake', 'Riley']
760 ['Hamza', 'Sandy']
761 ['Kelton', 'Amira']
762 ['Perry', 'Arlene']
763 ['Rocco', 'Evelin']
764 ['Giancarlo', 'Dayana']
765 ['Hassan', 'Parker']
766 ['Jacoby', 'Elyse']
767 ['Ronaldo', 'Hazel']
768 ['Sincere', 'Lexus']
769 ['Travon', 'Stacey']
77 ['Richard', 'Gabriella']
770 ['Emerson', 'Devin']
771 ['Guadalupe', 'Liana']
772 ['Reagan', 'Mattie']
773 ['Armani', 'Christian']
774 ['Cael', 'Makena']
775 ['Elmer', 'Reilly']
776 ['Jaren', 'Kellie']
777 ['Joan', 'Calista']
778 ['Jovan', 'Anissa']
779 ['Khalid', 'Celine']
78 ['Julian', 'Jada']
780 ['Antony', 'Kaliyah']
781 ['Bruno', 'Shaylee']
782 ['Darin', 'Destini']
783 ['Shea', 'Kayli']
784 ['Gideon', 'Maura']
785 ['Tristian', 'Aiyana']
786 ['Darrius', 'Kacie']
787 ['Dimitri', 'Kaylynn']
788 ['Jamel', 'Lilliana']
789 ['Winston', 'Elissa']
79 ['Patrick', 'Lily']
790 ['Deonte', 'Jaylin']
791 ['Javion', 'Amara']
792 ['Jorden', 'Karly']
793 ['Matteo', 'Ayla']
794 ['Blaze', 'Dasia']
795 ['Estevan', 'Catalina']
796 ['Jovani', 'Iliana']
797 ['Reuben', 'Joslyn']
798 ['Tre', 'Kendal']
799 ['Maverick', 'Carson']
8 ['Christopher', 'Sarah']
80 ['Sebastian', 'Melissa']
800 ['Seamus', 'Shea']
801 ['Blaise', 'Taniya']
802 ['Finn', 'Jacey']
803 ['Heriberto', 'Belen']
804 ['Isaak', 'Lizette']
805 ['Clark', 'Rocio']
806 ['Keanu', 'Scarlett']
807 ['Milo', 'Fabiola']
808 ['Destin', 'Alysa']
809 ['Jordy', 'Jamya']
81 ['Trevor', 'Jacqueline']
810 ['Norman', 'Katharine']
811 ['Chaz', 'Kenna']
812 ['Leroy', 'Gretchen']
813 ['Sonny', 'Rayna']
814 ['Ulysses', 'Annabel']
815 ['Korbin', 'Aryanna']
816 ['Dexter', 'Jaliyah']
817 ['Elian', 'Aliza']
818 ['Rowan', 'Ashly']
819 ['Braedon', 'Cali']
82 ['Chase', 'Ava']
820 ['Deangelo', 'Christy']
821 ['Reilly', 'Elsa']
822 ['Austen', 'Ericka']
823 ['Ronan', 'Jalyn']
824 ['Justyn', 'Jaycee']
825 ['Trevion', 'Raina']
826 ['Treyton', 'Tracy']
827 ['Stone', 'Diane']
828 ['Adrien', 'Celina']
829 ['Dion', 'Kenia']
83 ['Dominic', 'Angela']
830 ['Fredrick', 'Robyn']
831 ['Nick', 'Devon']
832 ['Sammy', 'Emerson']
833 ['Brenton', 'Emmalee']
834 ['Earl', 'Miah']
835 ['Tylor', 'Denisse']
836 ['Yosef', 'Danna']
837 ['Keven', 'Jasmyn']
838 ['Kurtis', 'Savana']
839 ['Samir', 'Abigale']
84 ['Jared', 'Bailey']
840 ['Augustus', 'London']
841 ['Clifford', 'Jaidyn']
842 ['Lawson', 'Berenice']
843 ['Paxton', 'Madisen']
844 ['Vance', 'Bryana']
845 ['Dario', 'Essence']
846 ['Abram', 'Christiana']
847 ['Bernardo', 'Kaylah']
848 ['Jakobe', 'Robin']
849 ['Kennedy', 'Vanesa']
85 ['Antonio', 'Isabel']
850 ['Nestor', 'Kourtney']
851 ['Deshaun', 'Makaila']
852 ['Forrest', 'Moriah']
853 ['Josef', 'Alia']
854 ['Marcel', 'Carol']
855 ['Nathen', 'Jaime']
856 ['Colt', 'Keyla']
857 ['Kian', 'Christa']
858 ['Tavion', 'Meadow']
859 ['Barry', 'Princess']
86 ['Jeremiah', 'Jade']
860 ['Gavyn', 'Rianna']
861 ['Shayne', 'Mireya']
862 ['Cornelius', 'Roxana']
863 ['Domenic', 'Anita']
864 ['Hugh', 'Brianne']
865 ['Aditya', 'Giana']
866 ['Benny', 'Beatriz']
867 ['Adonis', 'Jaylynn']
868 ['Bret', 'Patience']
869 ['Cordell', 'Tristan']
87 ['Jaden', 'Leah']
870 ['Stuart', 'Selina']
871 ['Aryan', 'Carli']
872 ['Jadyn', 'Dorothy']
873 ['Kylan', 'Joana']
874 ['London', 'Sally']
875 ['Marcelo', 'Hadley']
876 ['Nash', 'Sarahi']
877 ['Trever', 'Rebeca']
878 ['Fred', 'Shirley']
879 ['Houston', 'Alexandrea']
88 ['Miguel', 'Courtney']
880 ['Irving', 'Jailyn']
881 ['Lamont', 'Priscila']
882 ['Latrell', 'Abagail']
883 ['Remington', 'Noelia']
884 ['Kelly', 'Maleah']
885 ['Oswaldo', 'Shreya']
886 ['Efren', 'Kallie']
887 ['Tyshawn', 'Elyssa']
888 ['Chaim', 'Sarina']
889 ['Jaheem', 'Ashtyn']
89 ['Xavier', 'Ella']
890 ['Nikhil', 'Dylan']
891 ['Samson', 'Lyndsey']
892 ['Glen', 'Kya']
893 ['Layton', 'Sky']
894 ['Pranav', 'Dalia']
895 ['Zaire', 'Darlene']
896 ['Arnold', 'Jana']
897 ['Malakai', 'Shawna']
898 ['Daryl', 'Jayde']
899 ['Fidel', 'Madalynn']
9 ['Nicholas', 'Samantha']
90 ['Jesse', 'Maya']
900 ['Javen', 'Yuliana']
901 ['Lisandro', 'Armani']
902 ['Alden', 'Jakayla']
903 ['Darwin', 'Maegan']
904 ['Kale', 'Maliyah']
905 ['Santino', 'Saige']
906 ['Lonnie', 'Sonya']
907 ['Dylon', 'Reanna']
908 ['Ellis', 'Samira']
909 ['Ethen', 'Alexys']
91 ['Garrett', 'Leslie']
910 ['Raymundo', 'Devyn']
911 ['Stephon', 'Kelsi']
912 ['Carlton', 'Sade']
913 ['Duane', 'Sydnie']
914 ['Giovanny', 'Jalynn']
915 ['Jan', 'Marlee']
916 ['Adriel', 'Myra']
917 ['Gino', 'Joelle']
918 ['Haden', 'Rachelle']
919 ['Zain', 'Yessenia']
92 ['Alejandro', 'Jocelyn']
920 ['Barrett', 'Akira']
921 ['Luciano', 'Isabell']
922 ['Marquez', 'Meaghan']
923 ['Mitchel', 'Norma']
924 ['Rey', 'Rita']
925 ['Turner', 'Samara']
926 ['Vernon', 'Unique']
927 ['Zavier', 'Candice']
928 ['Gaige', 'Graciela']
929 ['Guy', 'Kalyn']
93 ['Mark', 'Ariana']
930 ['Luc', 'Paloma']
931 ['Maximo', 'Taya']
932 ['Rickey', 'Galilea']
933 ['Rylee', 'Kaela']
934 ['Vaughn', 'Melinda']
935 ['Antwan', 'Journey']
936 ['Cason', 'Katy']
937 ['Darrin', 'Yvonne']
938 ['Jamil', 'Anjali']
939 ['Kasey', 'Aylin']
94 ['Owen', 'Melanie']
940 ['Rahul', 'Breonna']
941 ['Aubrey', 'Keira']
942 ['Darrion', 'Mandy']
943 ['Eliseo', 'Ryann']
944 ['Mustafa', 'Baby']
945 ['Jamir', 'Janie']
946 ['Jevon', 'Amina']
947 ['Mikel', 'Jaylene']
948 ['Pierre', 'Mina']
949 ['Kent', 'Miya']
95 ['Jeremy', 'Claire']
950 ['Neal', 'Dania']
951 ['Sabastian', 'Darby']
952 ['Syed', 'Luisa']
953 ['Trystan', 'Odalys']
954 ['Bilal', 'Deasia']
955 ['Eddy', 'Riya']
956 ['Gannon', 'Karley']
957 ['Jaquez', 'Estefany']
958 ['Kyree', 'Iyanna']
959 ['Maxim', 'Cadence']
96 ['Hayden', 'Lillian']
960 ['Arjun', 'Citlali']
961 ['Jarvis', 'Kiya']
962 ['Jovany', 'Allyssa']
963 ['Bradyn', 'Alysha']
964 ['Carlo', 'Ireland']
965 ['Dontae', 'Marcella']
966 ['Jase', 'Chana']
967 ['Zayne', 'Trista']
968 ['Clifton', 'Dianna']
969 ['Cortez', 'Jaylyn']
97 ['Bryce', 'Christina']
970 ['Shemar', 'Jena']
971 ['Dwight', 'Aja']
972 ['Kory', 'Alycia']
973 ['Devante', 'Jaquelin']
974 ['Herbert', 'Yolanda']
975 ['Kirk', 'Alex']
976 ['Osbaldo', 'Kari']
977 ['Trevin', 'Libby']
978 ['Zack', 'Nyasia']
979 ['Freddie', 'Abril']
98 ['Diego', 'Evelyn']
980 ['Garett', 'Brionna']
981 ['Jeff', 'Aubrie']
982 ['Kristofer', 'Lina']
983 ['Prince', 'Loren']
984 ['Bo', 'Magdalena']
985 ['Cristobal', 'Sheridan']
986 ['Eliezer', 'Estefani']
987 ['Giovani', 'Keeley']
988 ['Immanuel', 'Maryam']
989 ['Ryley', 'Chandler']
99 ['Riley', 'Marissa']
990 ['Sullivan', 'Jazmyne']
991 ['Lloyd', 'Jeanette']
992 ['Jovanni', 'Yareli']
993 ['Niko', 'Jackeline']
994 ['Alton', 'Johana']
995 ['Ean', 'Juana']
996 ['Mariano', 'Kristine']
997 ['Raven', 'Amiya']
998 ['Yousef', 'Katerina']
999 ['Don', 'Caitlynn']
