2006
1 ['Jacob', 'Emily']
10 ['William', 'Samantha']
100 ['Devin', 'Layla']
1000 ['Jarvis', 'Flor']
101 ['Riley', 'Mya']
102 ['Jesse', 'Amanda']
103 ['Seth', 'Gracie']
104 ['Victor', 'Marissa']
105 ['Brady', 'Molly']
106 ['Cody', 'Adriana']
107 ['Jake', 'Katie']
108 ['Vincent', 'Leslie']
109 ['Bryce', 'Keira']
11 ['Joseph', 'Elizabeth']
110 ['Patrick', 'Gabriela']
111 ['Colin', 'Jade']
112 ['Marcus', 'Bailey']
113 ['Cooper', 'Madelyn']
114 ['Preston', 'Angela']
115 ['Kaleb', 'Kennedy']
116 ['Parker', 'Danielle']
117 ['Josiah', 'Melissa']
118 ['Oscar', 'Jacqueline']
119 ['Ayden', 'Zoey']
12 ['Alexander', 'Ashley']
120 ['Jorge', 'Diana']
121 ['Ashton', 'Briana']
122 ['Alan', 'Catherine']
123 ['Jeremy', 'Charlotte']
124 ['Joel', 'Eva']
125 ['Trevor', 'Sophie']
126 ['Eduardo', 'Breanna']
127 ['Ivan', 'Valerie']
128 ['Kenneth', 'Amy']
129 ['Mark', 'Naomi']
13 ['David', 'Mia']
130 ['Alexis', 'Erin']
131 ['Omar', 'Lydia']
132 ['Cristian', 'Daniela']
133 ['Colton', 'Shelby']
134 ['Paul', 'Rylee']
135 ['Levi', 'Serenity']
136 ['Damian', 'Amber']
137 ['Jared', 'Ruby']
138 ['Garrett', 'Peyton']
139 ['Eli', 'Miranda']
14 ['Ryan', 'Alexis']
140 ['Nicolas', 'Ashlyn']
141 ['Braden', 'Sierra']
142 ['Tanner', 'Kate']
143 ['Edward', 'Ana']
144 ['Conner', 'Kathryn']
145 ['Nolan', 'Skylar']
146 ['Giovanni', 'Kylee']
147 ['Brody', 'Alexandria']
148 ['Micah', 'Kendall']
149 ['Maxwell', 'Daisy']
15 ['Noah', 'Sarah']
150 ['Malachi', 'Liliana']
151 ['Fernando', 'Lilly']
152 ['Ricardo', 'Lucy']
153 ['George', 'Mikayla']
154 ['Peyton', 'Summer']
155 ['Grant', 'Reagan']
156 ['Gage', 'Jazmin']
157 ['Francisco', 'Sadie']
158 ['Edwin', 'Christina']
159 ['Derek', 'Reese']
16 ['James', 'Natalie']
160 ['Max', 'Angel']
161 ['Andres', 'Margaret']
162 ['Javier', 'Juliana']
163 ['Travis', 'Payton']
164 ['Manuel', 'Alexia']
165 ['Stephen', 'Mckenzie']
166 ['Emmanuel', 'Alana']
167 ['Peter', 'Alicia']
168 ['Cesar', 'Giselle']
169 ['Shawn', 'Genesis']
17 ['Nicholas', 'Grace']
170 ['Jonah', 'Alondra']
171 ['Edgar', 'Cheyenne']
172 ['Dakota', 'Laura']
173 ['Oliver', 'Karen']
174 ['Erick', 'Jillian']
175 ['Hector', 'Ellie']
176 ['Bryson', 'Mariana']
177 ['Johnathan', 'Sienna']
178 ['Mario', 'Jordyn']
179 ['Shane', 'Adrianna']
18 ['Tyler', 'Chloe']
180 ['Jeffrey', 'Camila']
181 ['Collin', 'Bella']
182 ['Spencer', 'Bianca']
183 ['Abraham', 'Jasmin']
184 ['Leonardo', 'Kelsey']
185 ['Brendan', 'Kiara']
186 ['Elias', 'Lindsey']
187 ['Jace', 'Elena']
188 ['Bradley', 'Nadia']
189 ['Erik', 'Maggie']
19 ['Logan', 'Alyssa']
190 ['Wesley', 'Courtney']
191 ['Jaylen', 'Dakota']
192 ['Trenton', 'Chelsea']
193 ['Josue', 'Delaney']
194 ['Raymond', 'Julianna']
195 ['Sergio', 'Kyra']
196 ['Damien', 'Makenzie']
197 ['Devon', 'Sabrina']
198 ['Donovan', 'Cassidy']
199 ['Dalton', 'Caitlyn']
2 ['Michael', 'Emma']
20 ['John', 'Brianna']
200 ['Martin', 'Hope']
201 ['Landen', 'Crystal']
202 ['Miles', 'Ariel']
203 ['Israel', 'Jayden']
204 ['Andy', 'Kyla']
205 ['Drew', 'Abby']
206 ['Marco', 'Annabelle']
207 ['Andre', 'Caitlin']
208 ['Gregory', 'Angelica']
209 ['Roman', 'Karla']
21 ['Christian', 'Ella']
210 ['Ty', 'Tiffany']
211 ['Jaxon', 'Veronica']
212 ['Avery', 'Kelly']
213 ['Cayden', 'Ciara']
214 ['Jaiden', 'Cadence']
215 ['Roberto', 'Amaya']
216 ['Dominick', 'Camryn']
217 ['Rafael', 'Mckenna']
218 ['Grayson', 'Elise']
219 ['Pedro', 'Cassandra']
22 ['Jonathan', 'Taylor']
220 ['Calvin', 'Aniyah']
221 ['Camden', 'Josephine']
222 ['Taylor', 'Erica']
223 ['Dillon', 'Vivian']
224 ['Braxton', 'Esmeralda']
225 ['Keegan', 'Julissa']
226 ['Clayton', 'Jazmine']
227 ['Ruben', 'Karina']
228 ['Jalen', 'Fatima']
229 ['Troy', 'Allie']
23 ['Nathan', 'Anna']
230 ['Kayden', 'Savanna']
231 ['Santiago', 'Makenna']
232 ['Harrison', 'Alejandra']
233 ['Dawson', 'Clara']
234 ['Corey', 'Mallory']
235 ['Maddox', 'Laila']
236 ['Leo', 'Aliyah']
237 ['Johnny', 'Brooklynn']
238 ['Kai', 'Erika']
239 ['Drake', 'Brenda']
24 ['Benjamin', 'Lauren']
240 ['Julio', 'Cynthia']
241 ['Lukas', 'Stella']
242 ['Kaiden', 'Jamie']
243 ['Zane', 'Kendra']
244 ['Aden', 'Bethany']
245 ['Frank', 'Nora']
246 ['Simon', 'Piper']
247 ['Sawyer', 'Haylee']
248 ['Marcos', 'Alaina']
249 ['Hudson', 'Kira']
25 ['Samuel', 'Hailey']
250 ['Trey', 'Monica']
251 ['Ronald', 'Carly']
252 ['Asher', 'Tessa']
253 ['Scott', 'Heaven']
254 ['Griffin', 'Alivia']
255 ['Raul', 'Guadalupe']
256 ['Derrick', 'Joanna']
257 ['Ryder', 'Kailey']
258 ['Rylan', 'Carmen']
259 ['Dustin', 'Allyson']
26 ['Dylan', 'Kayla']
260 ['Tucker', 'Paris']
261 ['Brock', 'Violet']
262 ['Angelo', 'Aniya']
263 ['Emanuel', 'Lindsay']
264 ['Armando', 'Ayla']
265 ['Kyler', 'Cecilia']
266 ['Zion', 'Kayleigh']
267 ['Payton', 'Macy']
268 ['Gerardo', 'Alayna']
269 ['Ezekiel', 'Hanna']
27 ['Brandon', 'Addison']
270 ['Skyler', 'Katelynn']
271 ['Colby', 'Alison']
272 ['Fabian', 'Nina']
273 ['Chance', 'Georgia']
274 ['Mateo', 'Dulce']
275 ['Mitchell', 'Kamryn']
276 ['Tyson', 'Rebekah']
277 ['Keith', 'Eleanor']
278 ['Xander', 'Kaylie']
279 ['Jaime', 'Kara']
28 ['Gabriel', 'Victoria']
280 ['Darius', 'Lola']
281 ['Enrique', 'Carolina']
282 ['Quinn', 'Eliana']
283 ['Allen', 'Tatiana']
284 ['Kameron', 'Leila']
285 ['Phillip', 'Selena']
286 ['Joaquin', 'Jadyn']
287 ['Trent', 'Anahi']
288 ['Cade', 'Anastasia']
289 ['Corbin', 'Cameron']
29 ['Elijah', 'Jasmine']
290 ['Malik', 'Izabella']
291 ['Dante', 'Josie']
292 ['Pablo', 'Miriam']
293 ['Jakob', 'Ashlynn']
294 ['Brayan', 'Jayda']
295 ['Axel', 'Heidi']
296 ['Theodore', 'Julie']
297 ['Saul', 'Scarlett']
298 ['Emilio', 'Esther']
299 ['Brennan', 'Melody']
3 ['Joshua', 'Madison']
30 ['Aiden', 'Savannah']
300 ['Lincoln', 'Desiree']
301 ['Lorenzo', 'Kiera']
302 ['Adan', 'Paola']
303 ['Donald', 'Callie']
304 ['Brett', 'Jaden']
305 ['Gustavo', 'Emerson']
306 ['Zander', 'Hayley']
307 ['Danny', 'Daniella']
308 ['Casey', 'Camille']
309 ['Talan', 'Emely']
31 ['Angel', 'Julia']
310 ['Randy', 'Meredith']
311 ['Myles', 'Estrella']
312 ['Caiden', 'Aurora']
313 ['Dennis', 'Leilani']
314 ['Gael', 'Joselyn']
315 ['Alberto', 'Skyler']
316 ['Mathew', 'Diamond']
317 ['Brenden', 'Rylie']
318 ['Jerry', 'Brittany']
319 ['Julius', 'April']
32 ['Jose', 'Jessica']
320 ['Zackary', 'Eden']
321 ['Lance', 'Marisol']
322 ['Lane', 'Meghan']
323 ['Arturo', 'Lizbeth']
324 ['Amir', 'Yasmin']
325 ['Jimmy', 'Eliza']
326 ['Louis', 'Nancy']
327 ['Ismael', 'Celeste']
328 ['Alec', 'Ryleigh']
329 ['Tony', 'Lila']
33 ['Zachary', 'Lily']
330 ['Jude', 'Shayla']
331 ['Braeden', 'Michaela']
332 ['Emiliano', 'Asia']
333 ['Esteban', 'Fiona']
334 ['Alfredo', 'Ivy']
335 ['Tristen', 'Annika']
336 ['Nickolas', 'Sasha']
337 ['Charlie', 'Madeleine']
338 ['Abel', 'Ashlee']
339 ['Curtis', 'Claudia']
34 ['Caleb', 'Sydney']
340 ['Ezra', 'Lucia']
341 ['Shaun', 'Heather']
342 ['Leland', 'Harmony']
343 ['Philip', 'Helen']
344 ['Moises', 'Kaitlin']
345 ['Camron', 'Lexi']
346 ['Marvin', 'Holly']
347 ['Quentin', 'Bridget']
348 ['Maximilian', 'Presley']
349 ['Luca', 'Tatum']
35 ['Jack', 'Morgan']
350 ['Gary', 'Rose']
351 ['Jay', 'Samara']
352 ['Dallas', 'Danica']
353 ['Jayson', 'London']
354 ['Albert', 'Wendy']
355 ['Walter', 'Alina']
356 ['Orlando', 'Kaydence']
357 ['Jonas', 'Natasha']
358 ['Chris', 'Madalyn']
359 ['Easton', 'Shannon']
36 ['Jackson', 'Katherine']
360 ['Ali', 'Kyleigh']
361 ['Darren', 'Alessandra']
362 ['Nehemiah', 'Sherlyn']
363 ['Rodrigo', 'Talia']
364 ['Declan', 'Sandra']
365 ['Douglas', 'Cindy']
366 ['Morgan', 'Phoebe']
367 ['Ramon', 'Kaelyn']
368 ['Mauricio', 'Genevieve']
369 ['Bennett', 'Iris']
37 ['Kevin', 'Destiny']
370 ['Joe', 'Addyson']
371 ['Hugo', 'Kathleen']
372 ['Elliot', 'Priscilla']
373 ['Silas', 'Ruth']
374 ['Maximus', 'Kristen']
375 ['Chad', 'Emilee']
376 ['Jonathon', 'Johanna']
377 ['Arthur', 'Alissa']
378 ['Cash', 'Itzel']
379 ['Ernesto', 'Denise']
38 ['Gavin', 'Lillian']
380 ['Weston', 'Nia']
381 ['Larry', 'Brenna']
382 ['Keaton', 'Katrina']
383 ['Nikolas', 'Alice']
384 ['Holden', 'Cora']
385 ['Dean', 'Nyla']
386 ['Damon', 'Janiya']
387 ['Yahir', 'Perla']
388 ['Elliott', 'Harley']
389 ['Bryant', 'Angie']
39 ['Mason', 'Alexa']
390 ['Salvador', 'Janelle']
391 ['Jaxson', 'Kadence']
392 ['Kristopher', 'Rachael']
393 ['Dane', 'Ximena']
394 ['Ricky', 'Nayeli']
395 ['Eddie', 'Dana']
396 ['Braydon', 'Serena']
397 ['Felix', 'Nataly']
398 ['Jadon', 'Annie']
399 ['Anderson', 'Kaylin']
4 ['Ethan', 'Isabella']
40 ['Isaiah', 'Alexandra']
400 ['Maurice', 'Rosa']
401 ['Braylon', 'Kiana']
402 ['Chandler', 'Brynn']
403 ['Uriel', 'Maddison']
404 ['Russell', 'Kristina']
405 ['Davis', 'Anya']
406 ['Isiah', 'Marina']
407 ['Lawrence', 'Kirsten']
408 ['Marc', 'Madyson']
409 ['Issac', 'Imani']
41 ['Austin', 'Kaitlyn']
410 ['Javon', 'Malia']
411 ['Justice', 'Casey']
412 ['Tate', 'Lana']
413 ['Reece', 'Patricia']
414 ['Walker', 'Madisyn']
415 ['Cohen', 'Marley']
416 ['Jaydon', 'Hayden']
417 ['Marshall', 'Sage']
418 ['Nasir', 'Yesenia']
419 ['Micheal', 'Lesly']
42 ['Evan', 'Kaylee']
420 ['Zachariah', 'Emilia']
421 ['Amari', 'Kassandra']
422 ['Reid', 'Kimora']
423 ['Phoenix', 'Sidney']
424 ['Jameson', 'Bryanna']
425 ['Melvin', 'Teagan']
426 ['Rowan', 'Aubree']
427 ['Jayce', 'Haylie']
428 ['Talon', 'Francesca']
429 ['Carl', 'Kiley']
43 ['Luke', 'Nevaeh']
430 ['Graham', 'Lauryn']
431 ['Cory', 'Fernanda']
432 ['Jeffery', 'Logan']
433 ['Reese', 'Skye']
434 ['Kelvin', 'Raegan']
435 ['Kade', 'Dayanara']
436 ['Skylar', 'Madilyn']
437 ['Demetrius', 'Christine']
438 ['Beau', 'Valentina']
439 ['Franklin', 'Lilian']
44 ['Aidan', 'Brooke']
440 ['Guillermo', 'Mercedes']
441 ['Jaylin', 'Raven']
442 ['Brodie', 'Jaelyn']
443 ['Mekhi', 'Sarai']
444 ['Jamari', 'Taryn']
445 ['Moses', 'Lilliana']
446 ['Terry', 'Lacey']
447 ['Nelson', 'Tania']
448 ['Noel', 'Elaina']
449 ['Rodney', 'Viviana']
45 ['Justin', 'Makayla']
450 ['Noe', 'Hallie']
451 ['Everett', 'Noelle']
452 ['Deandre', 'Tori']
453 ['Roger', 'Gloria']
454 ['Khalil', 'Hailee']
455 ['Jon', 'Ryan']
456 ['Finn', 'Ainsley']
457 ['Felipe', 'Kassidy']
458 ['Roy', 'America']
459 ['Jamarion', 'Brielle']
46 ['Jordan', 'Allison']
460 ['Tommy', 'Anne']
461 ['Izaiah', 'Janiyah']
462 ['Nathanael', 'Linda']
463 ['Sam', 'Tara']
464 ['Desmond', 'Jaiden']
465 ['Terrance', 'Hazel']
466 ['Kristian', 'Melany']
467 ['Mohamed', 'Adeline']
468 ['Leonel', 'Clarissa']
469 ['Dorian', 'Baylee']
47 ['Robert', 'Maria']
470 ['Reed', 'Isabela']
471 ['Ariel', 'Alyson']
472 ['Branden', 'Jimena']
473 ['Billy', 'Alanna']
474 ['Jermaine', 'Britney']
475 ['Grady', 'Jenny']
476 ['Porter', 'Amya']
477 ['Quinton', 'Tiana']
478 ['Davion', 'Jane']
479 ['Jaylon', 'Macie']
48 ['Isaac', 'Angelina']
480 ['Bobby', 'Elle']
481 ['Brent', 'Penelope']
482 ['Bruce', 'Miracle']
483 ['Frederick', 'Laney']
484 ['Tobias', 'Lillie']
485 ['Jessie', 'Anika']
486 ['Solomon', 'Anaya']
487 ['Triston', 'Shania']
488 ['Tomas', 'Kaleigh']
489 ['Quincy', 'Lena']
49 ['Landon', 'Rachel']
490 ['Rocco', 'Abbigail']
491 ['Osvaldo', 'Emilie']
492 ['Rene', 'Kailyn']
493 ['Judah', 'Halle']
494 ['Kody', 'Hadley']
495 ['Zachery', 'Cristina']
496 ['Conor', 'Maritza']
497 ['Damion', 'Natalee']
498 ['Kenny', 'Marisa']
499 ['Cristopher', 'Paulina']
5 ['Matthew', 'Ava']
50 ['Jayden', 'Gabriella']
500 ['Cruz', 'Raquel']
501 ['Brendon', 'Carla']
502 ['Gunnar', 'Elisabeth']
503 ['Greyson', 'Lisa']
504 ['Jamal', 'Athena']
505 ['Leon', 'Krystal']
506 ['Warren', 'Maia']
507 ['Allan', 'Joy']
508 ['Marlon', 'Helena']
509 ['Toby', 'Kiersten']
51 ['Thomas', 'Jennifer']
510 ['Colten', 'Harper']
511 ['River', 'Virginia']
512 ['Wilson', 'Jaqueline']
513 ['Alvin', 'Norah']
514 ['Willie', 'Marilyn']
515 ['Cyrus', 'Marlene']
516 ['Reginald', 'Luna']
517 ['Rogelio', 'Carolyn']
518 ['Deshawn', 'Danna']
519 ['Rodolfo', 'Amari']
52 ['Cameron', 'Avery']
520 ['Terrell', 'Lexie']
521 ['Rohan', 'Lia']
522 ['Harley', 'Saniya']
523 ['Byron', 'Kenya']
524 ['Ahmad', 'Sylvia']
525 ['Ulises', 'Kaitlynn']
526 ['Kellen', 'Martha']
527 ['Kendrick', 'Ayanna']
528 ['Johan', 'Rihanna']
529 ['Orion', 'Willow']
53 ['Connor', 'Mackenzie']
530 ['Trevon', 'Pamela']
531 ['Isaias', 'Whitney']
532 ['Steve', 'Deanna']
533 ['Will', 'Jazlyn']
534 ['Jamison', 'Tabitha']
535 ['Jett', 'Teresa']
536 ['Trace', 'Yazmin']
537 ['Joey', 'Aileen']
538 ['Terrence', 'Nathalie']
539 ['Emerson', 'Liberty']
54 ['Hunter', 'Zoe']
540 ['Dayton', 'Quinn']
541 ['Ezequiel', 'Yadira']
542 ['Johnathon', 'Kali']
543 ['Kobe', 'Elisa']
544 ['Gerald', 'Ellen']
545 ['Malcolm', 'Alexus']
546 ['Oswaldo', 'Melina']
547 ['Waylon', 'Justice']
548 ['Craig', 'Delilah']
549 ['Pierce', 'Madelynn']
55 ['Jason', 'Riley']
550 ['Titus', 'Carley']
551 ['Wade', 'Tiara']
552 ['Alfonso', 'Zoie']
553 ['Marquis', 'Dayana']
554 ['Gilberto', 'Destinee']
555 ['Ben', 'Precious']
556 ['Karson', 'Annabella']
557 ['Tristin', 'Kenzie']
558 ['Alonzo', 'Jessie']
559 ['Ahmed', 'Cara']
56 ['Diego', 'Sofia']
560 ['Ray', 'Jaida']
561 ['Francis', 'Barbara']
562 ['Addison', 'Janet']
563 ['Ronnie', 'Cierra']
564 ['Jairo', 'Simone']
565 ['Jase', 'Kasey']
566 ['Kieran', 'Isis']
567 ['Ramiro', 'Regan']
568 ['Jasper', 'India']
569 ['Emmett', 'Danika']
57 ['Aaron', 'Maya']
570 ['Alvaro', 'Araceli']
571 ['Rolando', 'Amira']
572 ['Blaine', 'Aspen']
573 ['Kendall', 'Amara']
574 ['Romeo', 'Kristin']
575 ['Tyrone', 'Tamia']
576 ['Aydan', 'Arely']
577 ['Jerome', 'Judith']
578 ['Gunner', 'Marie']
579 ['Camren', 'Mckayla']
58 ['Owen', 'Kimberly']
580 ['Landyn', 'Patience']
581 ['Adolfo', 'Juliet']
582 ['Devan', 'Renee']
583 ['Jamie', 'Kailee']
584 ['Alijah', 'Alisha']
585 ['Zackery', 'Carissa']
586 ['Abram', 'Jaidyn']
587 ['Aldo', 'Arielle']
588 ['Brycen', 'Yasmine']
589 ['Mohammad', 'Annalise']
59 ['Lucas', 'Andrea']
590 ['Darian', 'Eve']
591 ['Gideon', 'Luz']
592 ['Brooks', 'Carlie']
593 ['Harry', 'Irene']
594 ['Ibrahim', 'Janessa']
595 ['Cedric', 'Reyna']
596 ['Julien', 'Haleigh']
597 ['Darrell', 'Evangeline']
598 ['Ronan', 'Skyla']
599 ['Vicente', 'Sonia']
6 ['Daniel', 'Abigail']
60 ['Charles', 'Megan']
600 ['Stanley', 'Yoselin']
601 ['Davin', 'Kierra']
602 ['Braiden', 'Cali']
603 ['Davon', 'Regina']
604 ['Neil', 'Aubrie']
605 ['Maverick', 'Brisa']
606 ['Deven', 'Daphne']
607 ['Keenan', 'Sanaa']
608 ['Alessandro', 'Tia']
609 ['Jabari', 'Damaris']
61 ['Juan', 'Katelyn']
610 ['Dwayne', 'Haven']
611 ['Gianni', 'Susan']
612 ['Dominik', 'Addisyn']
613 ['Lee', 'Lea']
614 ['Leonard', 'Jolie']
615 ['Alexzander', 'Rubi']
616 ['Keagan', 'Alma']
617 ['Xzavier', 'Felicity']
618 ['August', 'Karissa']
619 ['Matteo', 'Ingrid']
62 ['Luis', 'Gabrielle']
620 ['Misael', 'Jazmyn']
621 ['Tyrese', 'Kaylynn']
622 ['Randall', 'Kennedi']
623 ['Asa', 'Sharon']
624 ['Ryker', 'Kayden']
625 ['Krish', 'Savanah']
626 ['Boston', 'Brittney']
627 ['Junior', 'Yareli']
628 ['Rudy', 'Jaylin']
629 ['Elisha', 'Siena']
63 ['Adrian', 'Trinity']
630 ['Markus', 'Ally']
631 ['Antoine', 'Gwendolyn']
632 ['Kolton', 'Jaylynn']
633 ['Mohammed', 'Larissa']
634 ['Ari', 'Noemi']
635 ['Bailey', 'Amiyah']
636 ['Kadin', 'Macey']
637 ['Sincere', 'Parker']
638 ['London', 'Edith']
639 ['Muhammad', 'Lyla']
64 ['Adam', 'Faith']
640 ['Aron', 'Kaya']
641 ['Freddy', 'Mikaela']
642 ['Jefferson', 'Rowan']
643 ['Alonso', 'Gia']
644 ['Javion', 'Lyric']
645 ['Wayne', 'Maeve']
646 ['Damarion', 'Shaniya']
647 ['Eugene', 'Myah']
648 ['Frankie', 'Dominique']
649 ['Jamar', 'Karlee']
65 ['Julian', 'Evelyn']
650 ['Kole', 'Abbie']
651 ['Quintin', 'Bailee']
652 ['Harold', 'Aryanna']
653 ['Todd', 'Arabella']
654 ['Duncan', 'Carlee']
655 ['Tyrell', 'Monique']
656 ['Jaquan', 'Mayra']
657 ['Agustin', 'Cheyanne']
658 ['Gilbert', 'Juliette']
659 ['Jarrett', 'Campbell']
66 ['Bryan', 'Kylie']
660 ['Rashad', 'Cristal']
661 ['Coleman', 'Aria']
662 ['Moshe', 'Tyra']
663 ['Efrain', 'Clare']
664 ['Kamari', 'Taniya']
665 ['Kolby', 'Alena']
666 ['Jaeden', 'Maci']
667 ['Nico', 'Aleah']
668 ['Kamron', 'Jacquelyn']
669 ['Octavio', 'Cecelia']
67 ['Alex', 'Brooklyn']
670 ['Irvin', 'Kaley']
671 ['Kasey', 'Paula']
672 ['Lamar', 'Stacy']
673 ['Lawson', 'Charity']
674 ['Yandel', 'Evelin']
675 ['Bradyn', 'Esperanza']
676 ['Zechariah', 'Deborah']
677 ['Jordy', 'Gisselle']
678 ['Lewis', 'Tamara']
679 ['Milo', 'Janae']
68 ['Sean', 'Audrey']
680 ['Mike', 'Greta']
681 ['Raphael', 'Mara']
682 ['Davian', 'Laci']
683 ['Rhett', 'Aisha']
684 ['Aryan', 'Elyse']
685 ['Draven', 'Emmalee']
686 ['Ryland', 'Kaylyn']
687 ['Deacon', 'Amani']
688 ['Santino', 'Ashleigh']
689 ['Sage', 'Marianna']
69 ['Nathaniel', 'Leah']
690 ['Dashawn', 'Tianna']
691 ['Layne', 'Lizeth']
692 ['Jaylan', 'Mariam']
693 ['Semaj', 'Angelique']
694 ['Jovani', 'Kaia']
695 ['Brice', 'Abbey']
696 ['Clark', 'Catalina']
697 ['Humberto', 'Ryann']
698 ['Armani', 'Keely']
699 ['Kenyon', 'Aliya']
7 ['Christopher', 'Olivia']
70 ['Carlos', 'Stephanie']
700 ['Tyree', 'Ayana']
701 ['Kane', 'Krista']
702 ['Giovanny', 'Monserrat']
703 ['Ignacio', 'Rosemary']
704 ['Luciano', 'Ansley']
705 ['Kian', 'Lorena']
706 ['Isai', 'Roselyn']
707 ['Adriel', 'Celia']
708 ['Clay', 'Giana']
709 ['Nigel', 'Princess']
71 ['Jeremiah', 'Madeline']
710 ['Gavyn', 'Saniyah']
711 ['Darnell', 'Akeelah']
712 ['Yair', 'Gina']
713 ['Kareem', 'Joslyn']
714 ['Josh', 'Micah']
715 ['Omari', 'Ada']
716 ['Giancarlo', 'Hana']
717 ['Layton', 'Theresa']
718 ['Santos', 'Zaria']
719 ['Vance', 'Elaine']
72 ['Brian', 'Sara']
720 ['Arjun', 'Valery']
721 ['Jean', 'Liana']
722 ['Donte', 'Aracely']
723 ['Ernest', 'Giovanna']
724 ['Nathanial', 'Isabell']
725 ['Anton', 'Lainey']
726 ['Jair', 'Shyanne']
727 ['Malakai', 'Iliana']
728 ['Omarion', 'Lucille']
729 ['Tristian', 'Kayley']
73 ['Hayden', 'Jocelyn']
730 ['Roderick', 'Jakayla']
731 ['Aydin', 'Ann']
732 ['Brennen', 'Cassie']
733 ['Cale', 'Dylan']
734 ['Vaughn', 'Tess']
735 ['Demarcus', 'Taliyah']
736 ['Derick', 'Adrienne']
737 ['Enzo', 'Jamya']
738 ['Hamza', 'Rhiannon']
739 ['Jordon', 'Aiyana']
74 ['Jesus', 'Nicole']
740 ['Kylan', 'Lorelei']
741 ['Mathias', 'Tyler']
742 ['Nash', 'Amiya']
743 ['Justus', 'Betsy']
744 ['Braedon', 'Chasity']
745 ['Dale', 'Meagan']
746 ['Kaeden', 'Tanya']
747 ['Ross', 'Jacey']
748 ['Devyn', 'Leanna']
749 ['Demarion', 'Mila']
75 ['Carter', 'Haley']
750 ['Garret', 'Lesley']
751 ['Jan', 'Charlize']
752 ['Kason', 'Salma']
753 ['Cason', 'Deja']
754 ['Adrien', 'Cherish']
755 ['Alfred', 'Kaliyah']
756 ['Braylen', 'Mollie']
757 ['Jadyn', 'Anabelle']
758 ['Beckett', 'Gillian']
759 ['Jorden', 'Gracelyn']
76 ['Sebastian', 'Paige']
760 ['Aedan', 'Hailie']
761 ['Elvis', 'Charlie']
762 ['Barrett', 'Jaliyah']
763 ['Dominique', 'Aimee']
764 ['Ralph', 'Karlie']
765 ['Hassan', 'Jaycee']
766 ['Kale', 'Kelsie']
767 ['Atticus', 'Adison']
768 ['Jamir', 'Miah']
769 ['Karl', 'Sydnee']
77 ['Eric', 'Arianna']
770 ['Keon', 'Eileen']
771 ['Bo', 'Gretchen']
772 ['Darwin', 'Kaila']
773 ['Darryl', 'Kianna']
774 ['Dillan', 'Thalia']
775 ['Ean', 'Marlee']
776 ['Jovanni', 'Aylin']
777 ['Paxton', 'Abigayle']
778 ['Amare', 'Emery']
779 ['Finnegan', 'Frances']
78 ['Xavier', 'Ariana']
780 ['Jordyn', 'Ashly']
781 ['Remington', 'Lilyana']
782 ['Ronaldo', 'Nathaly']
783 ['Ellis', 'Nathalia']
784 ['Sterling', 'Amelie']
785 ['Carmine', 'Chaya']
786 ['Heath', 'Rhianna']
787 ['Roland', 'Katlyn']
788 ['Conrad', 'Shaylee']
789 ['Rigoberto', 'Zariah']
79 ['Brayden', 'Vanessa']
790 ['Cullen', 'Chelsey']
791 ['Giovani', 'Shakira']
792 ['Reagan', 'Elsa']
793 ['Bruno', 'Jaelynn']
794 ['Deangelo', 'Madalynn']
795 ['Kamden', 'Noelia']
796 ['Cannon', 'Jaylyn']
797 ['Rylee', 'Leticia']
798 ['Messiah', 'Libby']
799 ['Korbin', 'Stephany']
8 ['Andrew', 'Hannah']
80 ['Kyle', 'Michelle']
800 ['Shamar', 'Blanca']
801 ['Sidney', 'Brandy']
802 ['Marques', 'Makena']
803 ['Malaki', 'Maribel']
804 ['Cristofer', 'Meadow']
805 ['Jovanny', 'Saige']
806 ['Nathen', 'Xiomara']
807 ['Luka', 'Nyasia']
808 ['Soren', 'Mariela']
809 ['Zavier', 'Belinda']
81 ['Ian', 'Mariah']
810 ['Aditya', 'Shayna']
811 ['Alden', 'Rayna']
812 ['Donavan', 'Trista']
813 ['Matthias', 'Sariah']
814 ['Rex', 'Kendal']
815 ['Antony', 'Lilianna']
816 ['Matias', 'Phoenix']
817 ['Salvatore', 'Zion']
818 ['Clarence', 'Jaylee']
819 ['Jaron', 'Toni']
82 ['Wyatt', 'Amelia']
820 ['Nick', 'Tatyana']
821 ['Zaire', 'Kallie']
822 ['Adonis', 'Journey']
823 ['Keshawn', 'Aryana']
824 ['Lucian', 'Janiah']
825 ['Prince', 'Camilla']
826 ['Rory', 'Corinne']
827 ['Teagan', 'Mattie']
828 ['Antwan', 'Natalya']
829 ['Konnor', 'Litzy']
83 ['Chase', 'Melanie']
830 ['Darien', 'Aleena']
831 ['Augustus', 'Joyce']
832 ['Coby', 'Donna']
833 ['Jovany', 'Jayleen']
834 ['Reynaldo', 'Lara']
835 ['Samir', 'Paisley']
836 ['Howard', 'Frida']
837 ['Houston', 'Yaretzi']
838 ['Ace', 'Selah']
839 ['German', 'Essence']
84 ['Cole', 'Mary']
840 ['Jovan', 'Galilea']
841 ['Devonte', 'Keyla']
842 ['Seamus', 'Sarahi']
843 ['Sheldon', 'Scarlet']
844 ['Clinton', 'Breana']
845 ['Milton', 'Abril']
846 ['Estevan', 'Laurel']
847 ['Karter', 'Maleah']
848 ['Bode', 'Annabel']
849 ['Deon', 'Dalia']
85 ['Dominic', 'Isabelle']
850 ['Glenn', 'Johana']
851 ['Kael', 'Kaiya']
852 ['Maxim', 'Karma']
853 ['Deshaun', 'Paloma']
854 ['Rey', 'Rebeca']
855 ['Eddy', 'Braelyn']
856 ['Makai', 'Aliza']
857 ['Vincenzo', 'Elliana']
858 ['Haden', 'Zara']
859 ['Koen', 'Carrie']
86 ['Tristan', 'Claire']
860 ['Quinten', 'Jaclyn']
861 ['Alexandro', 'Jewel']
862 ['Branson', 'Sheyla']
863 ['Dangelo', 'Angeline']
864 ['Leandro', 'Carina']
865 ['Zain', 'Karli']
866 ['Marquise', 'Kaylen']
867 ['Savion', 'Lilah']
868 ['Blaze', 'Montana']
869 ['Darion', 'Anais']
87 ['Carson', 'Isabel']
870 ['Carmelo', 'Bria']
871 ['Zayden', 'Maliyah']
872 ['Haiden', 'Cailyn']
873 ['Reuben', 'Kamila']
874 ['Nikhil', 'Kenia']
875 ['Dario', 'Susana']
876 ['Konner', 'Kinsley']
877 ['Santana', 'Adyson']
878 ['Stefan', 'Bethzy']
879 ['Winston', 'Elsie']
88 ['Jaden', 'Jenna']
880 ['Andreas', 'Iyana']
881 ['Gauge', 'Annette']
882 ['Keyon', 'Ashanti']
883 ['Sonny', 'Desirae']
884 ['Broderick', 'Julianne']
885 ['Hezekiah', 'Brylee']
886 ['Finley', 'Cayla']
887 ['Samson', 'Kayli']
888 ['Abdullah', 'Naima']
889 ['Gannon', 'Abigale']
89 ['Miguel', 'Caroline']
890 ['Marcelo', 'Alisa']
891 ['Landin', 'Taniyah']
892 ['Pranav', 'Joselin']
893 ['Talen', 'Shea']
894 ['Zakary', 'Yuridia']
895 ['Garrison', 'Abagail']
896 ['King', 'Mariyah']
897 ['Brad', 'Yaritza']
898 ['Kasen', 'Kinsey']
899 ['Kyan', 'Averie']
9 ['Anthony', 'Sophia']
90 ['Steven', 'Valeria']
900 ['Gordon', 'Moriah']
901 ['Royce', 'Selina']
902 ['Tyshawn', 'Colleen']
903 ['Fredrick', 'Jaylah']
904 ['Van', 'Kinley']
905 ['Chaz', 'Estefani']
906 ['Colt', 'Katharine']
907 ['Elmer', 'Kathy']
908 ['Keven', 'Magdalena']
909 ['Jacoby', 'Amaris']
91 ['Caden', 'Aaliyah']
910 ['Aidyn', 'Finley']
911 ['Valentin', 'Tayler']
912 ['Yusuf', 'Jaylene']
913 ['Dexter', 'Yvette']
914 ['Jamarcus', 'Belen']
915 ['Rhys', 'Charlee']
916 ['Sullivan', 'Karley']
917 ['Cael', 'Chanel']
918 ['Franco', 'Myla']
919 ['Gaige', 'Shyla']
92 ['Kaden', 'Aubrey']
920 ['Kadyn', 'Adamaris']
921 ['Guadalupe', 'Adelaide']
922 ['Maximo', 'Maura']
923 ['Memphis', 'Tayla']
924 ['Austen', 'Kenna']
925 ['Gonzalo', 'Raina']
926 ['Jeramiah', 'Jasmyn']
927 ['Nestor', 'Luciana']
928 ['Treyvon', 'Alia']
929 ['Camryn', 'Destini']
93 ['Antonio', 'Jada']
930 ['Darrius', 'Lilia']
931 ['Jerimiah', 'Savana']
932 ['Arnav', 'Tina']
933 ['Jasiah', 'Alani']
934 ['Sammy', 'Makaila']
935 ['Travon', 'Mira']
936 ['Zack', 'Armani']
937 ['Carlo', 'Halie']
938 ['Cortez', 'Reina']
939 ['Cornelius', 'Malaya']
94 ['Timothy', 'Natalia']
940 ['Denzel', 'Rocio']
941 ['Kingston', 'Cloe']
942 ['Brenton', 'Karis']
943 ['Truman', 'Kya']
944 ['Yosef', 'Margarita']
945 ['Bernard', 'Nichole']
946 ['Chaim', 'Sheila']
947 ['Edison', 'Yuliana']
948 ['Gaven', 'Citlali']
949 ['Keyshawn', 'Jalynn']
95 ['Henry', 'Autumn']
950 ['Simeon', 'Justine']
951 ['Case', 'Kaylah']
952 ['Ethen', 'Lacie']
953 ['Harper', 'Marin']
954 ['Javen', 'Maryam']
955 ['Landan', 'Bree']
956 ['Leroy', 'Jalyn']
957 ['Marcel', 'Leia']
958 ['Perry', 'Riya']
959 ['Zayne', 'Alize']
96 ['Alejandro', 'Rebecca']
960 ['Destin', 'Briley']
961 ['Trystan', 'Micaela']
962 ['Benny', 'Tatianna']
963 ['Coen', 'Khloe']
964 ['Domenic', 'Mckinley']
965 ['Stephan', 'Akira']
966 ['Braulio', 'Beatrice']
967 ['Valentino', 'Brandi']
968 ['Efren', 'Carol']
969 ['Imanol', 'Jorja']
97 ['Blake', 'Jordan']
970 ['Jamel', 'Miya']
971 ['Jaydin', 'Amirah']
972 ['Josef', 'Destiney']
973 ['Rocky', 'Lucero']
974 ['Austyn', 'Sanai']
975 ['Bernardo', 'Shyann']
976 ['Izayah', 'Stacey']
977 ['Jaheim', 'Nya']
978 ['Joan', 'Amina']
979 ['Johnpaul', 'Areli']
98 ['Liam', 'Gianna']
980 ['Kamren', 'Fabiola']
981 ['Korey', 'Lina']
982 ['Lamont', 'Hillary']
983 ['Niko', 'Mireya']
984 ['Stone', 'Christiana']
985 ['Blaise', 'Dania']
986 ['Shannon', 'Leyla']
987 ['Anders', 'Selene']
988 ['Dion', 'Dahlia']
989 ['Guy', 'Lorelai']
99 ['Richard', 'Jayla']
990 ['Mikel', 'Chana']
991 ['Cristobal', 'Iyanna']
992 ['Dandre', 'Rayne']
993 ['Earl', 'Ericka']
994 ['Hugh', 'Janice']
995 ['Jax', 'Mina']
996 ['Rayan', 'Neveah']
997 ['Ronin', 'Nicolette']
998 ['Thaddeus', 'Izabelle']
999 ['Brogan', 'Joana']
