2000
1 ['Jacob', 'Emily']
10 ['Tyler', 'Elizabeth']
100 ['Paul', 'Cassandra']
1000 ['Jaleel', 'Sky']
101 ['Brendan', 'Tiffany']
102 ['Xavier', 'Erica']
103 ['Jeremiah', 'Lindsey']
104 ['Jeffrey', 'Kylie']
105 ['Tristan', 'Cassidy']
106 ['Jalen', 'Diana']
107 ['Jorge', 'Amy']
108 ['Edward', 'Mikayla']
109 ['Riley', 'Ariana']
11 ['William', 'Lauren']
110 ['Colton', 'Margaret']
111 ['Wyatt', 'Kelly']
112 ['Joel', 'Miranda']
113 ['Maxwell', 'Maya']
114 ['Aidan', 'Melanie']
115 ['Travis', 'Audrey']
116 ['Shane', 'Jade']
117 ['Colin', 'Gabriela']
118 ['Dominic', 'Caitlyn']
119 ['Carson', 'Angel']
12 ['Brandon', 'Alyssa']
120 ['Vincent', 'Jillian']
121 ['Derek', 'Alicia']
122 ['Oscar', 'Jocelyn']
123 ['Grant', 'Erika']
124 ['Eduardo', 'Lily']
125 ['Peter', 'Madelyn']
126 ['Henry', 'Heather']
127 ['Parker', 'Adriana']
128 ['Hayden', 'Arianna']
129 ['Collin', 'Lillian']
13 ['Ryan', 'Kayla']
130 ['George', 'Kiara']
131 ['Bradley', 'Riley']
132 ['Mitchell', 'Crystal']
133 ['Devon', 'Mckenzie']
134 ['Ricardo', 'Meghan']
135 ['Shawn', 'Skylar']
136 ['Taylor', 'Ana']
137 ['Nicolas', 'Britney']
138 ['Gregory', 'Angelica']
139 ['Francisco', 'Kennedy']
14 ['John', 'Abigail']
140 ['Liam', 'Chelsea']
141 ['Kaleb', 'Daisy']
142 ['Preston', 'Kristen']
143 ['Erik', 'Veronica']
144 ['Alexis', 'Isabelle']
145 ['Owen', 'Summer']
146 ['Omar', 'Hope']
147 ['Diego', 'Brittney']
148 ['Dustin', 'Hayley']
149 ['Corey', 'Lydia']
15 ['Zachary', 'Brianna']
150 ['Fernando', 'Evelyn']
151 ['Clayton', 'Bethany']
152 ['Carter', 'Shannon']
153 ['Ivan', 'Michaela']
154 ['Jaden', 'Karen']
155 ['Javier', 'Jamie']
156 ['Alec', 'Daniela']
157 ['Johnathan', 'Angelina']
158 ['Scott', 'Kaitlin']
159 ['Manuel', 'Karina']
16 ['David', 'Olivia']
160 ['Cristian', 'Sophie']
161 ['Alan', 'Sofia']
162 ['Raymond', 'Diamond']
163 ['Brett', 'Payton']
164 ['Max', 'Cynthia']
165 ['Andres', 'Alexia']
166 ['Gage', 'Valerie']
167 ['Mario', 'Monica']
168 ['Dawson', 'Peyton']
169 ['Dillon', 'Carly']
17 ['Anthony', 'Emma']
170 ['Cesar', 'Bianca']
171 ['Wesley', 'Hanna']
172 ['Levi', 'Brenda']
173 ['Jakob', 'Rebekah']
174 ['Chandler', 'Alejandra']
175 ['Martin', 'Mya']
176 ['Malik', 'Avery']
177 ['Edgar', 'Brooklyn']
178 ['Trenton', 'Ashlyn']
179 ['Sergio', 'Lindsay']
18 ['James', 'Megan']
180 ['Nolan', 'Ava']
181 ['Josiah', 'Desiree']
182 ['Marco', 'Alondra']
183 ['Peyton', 'Camryn']
184 ['Harrison', 'Ariel']
185 ['Hector', 'Naomi']
186 ['Micah', 'Jordyn']
187 ['Roberto', 'Kendra']
188 ['Drew', 'Mckenna']
189 ['Erick', 'Holly']
19 ['Justin', 'Grace']
190 ['Brady', 'Julie']
191 ['Conner', 'Kendall']
192 ['Jonah', 'Kara']
193 ['Casey', 'Jasmin']
194 ['Jayden', 'Selena']
195 ['Emmanuel', 'Esmeralda']
196 ['Edwin', 'Amaya']
197 ['Andre', 'Kylee']
198 ['Phillip', 'Maggie']
199 ['Brayden', 'Makenzie']
2 ['Michael', 'Hannah']
20 ['Alexander', 'Victoria']
200 ['Landon', 'Claudia']
201 ['Giovanni', 'Cameron']
202 ['Bailey', 'Kyra']
203 ['Ronald', 'Karla']
204 ['Braden', 'Kathleen']
205 ['Damian', 'Abby']
206 ['Donovan', 'Delaney']
207 ['Ruben', 'Amelia']
208 ['Frank', 'Casey']
209 ['Gerardo', 'Serena']
21 ['Jonathan', 'Rachel']
210 ['Pedro', 'Savanna']
211 ['Andy', 'Aaliyah']
212 ['Chance', 'Giselle']
213 ['Abraham', 'Mallory']
214 ['Calvin', 'April']
215 ['Trey', 'Adrianna']
216 ['Cade', 'Raven']
217 ['Donald', 'Christine']
218 ['Derrick', 'Kristina']
219 ['Payton', 'Natalia']
22 ['Christian', 'Anna']
220 ['Darius', 'Asia']
221 ['Enrique', 'Nina']
222 ['Keith', 'Valeria']
223 ['Raul', 'Aubrey']
224 ['Jaylen', 'Lauryn']
225 ['Troy', 'Kate']
226 ['Jonathon', 'Jazmin']
227 ['Cory', 'Rachael']
228 ['Marc', 'Patricia']
229 ['Skyler', 'Katelynn']
23 ['Austin', 'Sydney']
230 ['Rafael', 'Cierra']
231 ['Griffin', 'Alison']
232 ['Trent', 'Macy']
233 ['Colby', 'Nancy']
234 ['Johnny', 'Elena']
235 ['Chad', 'Kyla']
236 ['Eli', 'Katrina']
237 ['Armando', 'Jazmine']
238 ['Kobe', 'Joanna']
239 ['Caden', 'Tara']
24 ['Dylan', 'Destiny']
240 ['Cooper', 'Gianna']
241 ['Marcos', 'Juliana']
242 ['Elias', 'Fatima']
243 ['Brenden', 'Allyson']
244 ['Israel', 'Gracie']
245 ['Avery', 'Guadalupe']
246 ['Zane', 'Sadie']
247 ['Dante', 'Genesis']
248 ['Josue', 'Yesenia']
249 ['Zackary', 'Julianna']
25 ['Ethan', 'Morgan']
250 ['Mathew', 'Skyler']
251 ['Allen', 'Alexus']
252 ['Dennis', 'Tatiana']
253 ['Leonardo', 'Elise']
254 ['Ashton', 'Alana']
255 ['Philip', 'Kirsten']
256 ['Julio', 'Nadia']
257 ['Miles', 'Sandra']
258 ['Damien', 'Dominique']
259 ['Ty', 'Haylee']
26 ['Benjamin', 'Jennifer']
260 ['Gustavo', 'Ruby']
261 ['Drake', 'Jayla']
262 ['Jaime', 'Cindy']
263 ['Simon', 'Tori']
264 ['Jerry', 'Sidney']
265 ['Curtis', 'Ella']
266 ['Kameron', 'Tessa']
267 ['Lance', 'Carolina']
268 ['Brock', 'Jaqueline']
269 ['Bryson', 'Camille']
27 ['Noah', 'Jasmine']
270 ['Alberto', 'Whitney']
271 ['Dominick', 'Carmen']
272 ['Jimmy', 'Vivian']
273 ['Kaden', 'Bridget']
274 ['Douglas', 'Celeste']
275 ['Gary', 'Priscilla']
276 ['Brennan', 'Kiana']
277 ['Zachery', 'Makenna']
278 ['Randy', 'Madeleine']
279 ['Louis', 'Alissa']
28 ['Samuel', 'Haley']
280 ['Larry', 'Natasha']
281 ['Nickolas', 'Miriam']
282 ['Tony', 'Ciara']
283 ['Keegan', 'Cecilia']
284 ['Albert', 'Kassandra']
285 ['Fabian', 'Mercedes']
286 ['Saul', 'Reagan']
287 ['Danny', 'Aliyah']
288 ['Tucker', 'Josephine']
289 ['Damon', 'Charlotte']
29 ['Robert', 'Julia']
290 ['Myles', 'Rylee']
291 ['Arturo', 'Shania']
292 ['Corbin', 'Kira']
293 ['Deandre', 'Meredith']
294 ['Kristopher', 'Eva']
295 ['Ricky', 'Dakota']
296 ['Lane', 'Lisa']
297 ['Darren', 'Hallie']
298 ['Pablo', 'Anne']
299 ['Jarrett', 'Rose']
3 ['Matthew', 'Madison']
30 ['Nathan', 'Kaitlyn']
300 ['Zion', 'Liliana']
301 ['Alfredo', 'Kristin']
302 ['Micheal', 'Kailey']
303 ['Angelo', 'Marisa']
304 ['Carl', 'Deanna']
305 ['Oliver', 'Imani']
306 ['Kyler', 'Annie']
307 ['Tommy', 'Nia']
308 ['Walter', 'Carolyn']
309 ['Dallas', 'Anastasia']
31 ['Cameron', 'Nicole']
310 ['Jace', 'Brenna']
311 ['Quinn', 'Dana']
312 ['Theodore', 'Kassidy']
313 ['Grayson', 'Shayla']
314 ['Lorenzo', 'Ashlee']
315 ['Joe', 'Alaina']
316 ['Arthur', 'Rosa']
317 ['Bryant', 'Wendy']
318 ['Brent', 'Logan']
319 ['Ramon', 'Tabitha']
32 ['Kevin', 'Amanda']
320 ['Russell', 'Paola']
321 ['Roman', 'Callie']
322 ['Moises', 'Addison']
323 ['Lawrence', 'Lucy']
324 ['Aiden', 'Gillian']
325 ['Quentin', 'Clarissa']
326 ['Tyrese', 'Destinee']
327 ['Tristen', 'Josie']
328 ['Jay', 'Denise']
329 ['Emanuel', 'Katlyn']
33 ['Thomas', 'Katherine']
330 ['Salvador', 'Esther']
331 ['Terry', 'Bryanna']
332 ['Morgan', 'Mariana']
333 ['Jeffery', 'Emilee']
334 ['Esteban', 'Georgia']
335 ['Tyson', 'Deja']
336 ['Braxton', 'Kamryn']
337 ['Branden', 'Ashleigh']
338 ['Brody', 'Cristina']
339 ['Craig', 'Baylee']
34 ['Jose', 'Natalie']
340 ['Ismael', 'Heaven']
341 ['Marvin', 'Raquel']
342 ['Isiah', 'Monique']
343 ['Rodney', 'Teresa']
344 ['Marshall', 'Ruth']
345 ['Maurice', 'Helen']
346 ['Ernesto', 'Krystal']
347 ['Emilio', 'Cassie']
348 ['Brendon', 'Kayleigh']
349 ['Kody', 'Tiana']
35 ['Hunter', 'Hailey']
350 ['Eddie', 'Marina']
351 ['Malachi', 'Heidi']
352 ['Abel', 'Ivy']
353 ['Keaton', 'Ashton']
354 ['Jon', 'Clara']
355 ['Shaun', 'Meagan']
356 ['Skylar', 'Gina']
357 ['Nikolas', 'Linda']
358 ['Ezekiel', 'Gloria']
359 ['Kendall', 'Jacquelyn']
36 ['Jordan', 'Alexandra']
360 ['Santiago', 'Ellie']
361 ['Camden', 'Jenny']
362 ['Trevon', 'Renee']
363 ['Bobby', 'Lizbeth']
364 ['Axel', 'Daniella']
365 ['Conor', 'Anahi']
366 ['Jamal', 'Virginia']
367 ['Lukas', 'Gisselle']
368 ['Malcolm', 'Kaitlynn']
369 ['Zackery', 'Julissa']
37 ['Kyle', 'Savannah']
370 ['Jayson', 'Cheyanne']
371 ['Javon', 'Lacey']
372 ['Reginald', 'Haleigh']
373 ['Roger', 'Marie']
374 ['Zachariah', 'Eleanor']
375 ['Desmond', 'Martha']
376 ['Felix', 'Kierra']
377 ['Johnathon', 'Tiara']
378 ['Dean', 'Talia']
379 ['Quinton', 'Mikaela']
38 ['Caleb', 'Chloe']
380 ['Ali', 'Eliza']
381 ['Davis', 'Kaylie']
382 ['Demetrius', 'Harley']
383 ['Gerald', 'Madalyn']
384 ['Rodrigo', 'Hailee']
385 ['Billy', 'Jaden']
386 ['Reece', 'Kasey']
387 ['Rene', 'Ashlynn']
388 ['Justice', 'Brandi']
389 ['Kelvin', 'Lesly']
39 ['Jason', 'Rebecca']
390 ['Leo', 'Elisabeth']
391 ['Maximilian', 'Viviana']
392 ['Guillermo', 'Allie']
393 ['Kevon', 'Cara']
394 ['Steve', 'Marisol']
395 ['Chris', 'India']
396 ['Frederick', 'Litzy']
397 ['Clay', 'Tatyana']
398 ['Weston', 'Melody']
399 ['Dorian', 'Brandy']
4 ['Joshua', 'Ashley']
40 ['Logan', 'Stephanie']
400 ['Hugo', 'Jessie']
401 ['Orlando', 'Alisha']
402 ['Roy', 'Hunter']
403 ['Terrance', 'Noelle']
404 ['Kai', 'Carla']
405 ['Khalil', 'Francesca']
406 ['Graham', 'Tia']
407 ['Noel', 'Layla']
408 ['Nathanael', 'Krista']
409 ['Terrell', 'Zoey']
41 ['Aaron', 'Maria']
410 ['Willie', 'Carley']
411 ['Tyrone', 'Carissa']
412 ['Camron', 'Iris']
413 ['Mauricio', 'Janet']
414 ['Amir', 'Kaleigh']
415 ['Darian', 'Tyler']
416 ['Jarod', 'Theresa']
417 ['Nelson', 'Tamara']
418 ['Kade', 'Yasmine']
419 ['Reese', 'Tatum']
42 ['Eric', 'Sophia']
420 ['Garret', 'Sharon']
421 ['Kristian', 'Alice']
422 ['Marquis', 'Susan']
423 ['Rodolfo', 'Yasmin']
424 ['Dane', 'Tamia']
425 ['Felipe', 'Abbey']
426 ['Todd', 'Alayna']
427 ['Elian', 'Kali']
428 ['Walker', 'Bailee']
429 ['Mateo', 'Lesley']
43 ['Brian', 'Mackenzie']
430 ['Jaylon', 'Mckayla']
431 ['Kenny', 'Lilly']
432 ['Bruce', 'Ayanna']
433 ['Ross', 'Serenity']
434 ['Damion', 'Karissa']
435 ['Ezra', 'Jane']
436 ['Francis', 'Maddison']
437 ['Tate', 'Precious']
438 ['Byron', 'Jayda']
439 ['Reid', 'Kelsie']
44 ['Gabriel', 'Allison']
440 ['Warren', 'Phoebe']
441 ['Bennett', 'Lexi']
442 ['Randall', 'Halle']
443 ['Triston', 'Kiersten']
444 ['Jermaine', 'Kiera']
445 ['Jaquan', 'Felicity']
446 ['Harley', 'Annika']
447 ['Jessie', 'Taryn']
448 ['Duncan', 'Tyra']
449 ['Franklin', 'Kaylin']
45 ['Adam', 'Isabella']
450 ['Reed', 'Kiley']
451 ['Braeden', 'Ellen']
452 ['Charlie', 'Jaclyn']
453 ['Holden', 'Madisyn']
454 ['Ahmad', 'Rhiannon']
455 ['Blaine', 'Colleen']
456 ['Kendrick', 'Pamela']
457 ['Issac', 'Tania']
458 ['Sawyer', 'Joy']
459 ['Melvin', 'Charity']
46 ['Jack', 'Amber']
460 ['Jaylin', 'Fiona']
461 ['Moses', 'Alyson']
462 ['Sam', 'Kaila']
463 ['Solomon', 'Annabelle']
464 ['Cedric', 'Emely']
465 ['Beau', 'Alina']
466 ['Mohammad', 'Angelique']
467 ['Jordon', 'Regan']
468 ['Elliot', 'Irene']
469 ['Alvin', 'Johanna']
47 ['Isaiah', 'Mary']
470 ['Darrell', 'Janae']
471 ['Lee', 'Janelle']
472 ['Jarred', 'Madyson']
473 ['Mohamed', 'Justine']
474 ['Wade', 'Paris']
475 ['Davion', 'Chelsey']
476 ['Tomas', 'Sasha']
477 ['Jaxon', 'Paulina']
478 ['Uriel', 'Mayra']
479 ['Deven', 'Zaria']
48 ['Juan', 'Danielle']
480 ['Gilberto', 'Skye']
481 ['Rogelio', 'Brisa']
482 ['Ronnie', 'Cora']
483 ['Julius', 'Emilie']
484 ['Allan', 'Felicia']
485 ['Brayan', 'Larissa']
486 ['Terrence', 'Tianna']
487 ['Deshawn', 'Macie']
488 ['Joey', 'Aurora']
489 ['Alfonso', 'Sage']
49 ['Luis', 'Gabrielle']
490 ['Noe', 'Lucia']
491 ['Ahmed', 'Alma']
492 ['Tyrell', 'Chasity']
493 ['Tyree', 'Ann']
494 ['Devan', 'Nichole']
495 ['Jerome', 'Jayden']
496 ['Neil', 'Alanna']
497 ['Ramiro', 'Deborah']
498 ['Pierce', 'Malia']
499 ['Davon', 'Angie']
5 ['Christopher', 'Sarah']
50 ['Connor', 'Jordan']
500 ['Devonte', 'Carlie']
501 ['Jamie', 'Nora']
502 ['Adan', 'Kailee']
503 ['Leon', 'Carrie']
504 ['Eugene', 'Elaina']
505 ['Stanley', 'Sylvia']
506 ['Marlon', 'Sonia']
507 ['Quincy', 'Genevieve']
508 ['Leonard', 'Kenya']
509 ['Wayne', 'Piper']
51 ['Charles', 'Brooke']
510 ['Will', 'Marilyn']
511 ['Alvaro', 'Amari']
512 ['Ernest', 'Macey']
513 ['Harry', 'Marlene']
514 ['Addison', 'Tayler']
515 ['Jadon', 'Julianne']
516 ['Ray', 'Brooklynn']
517 ['Alonzo', 'Lorena']
518 ['Rolando', 'Perla']
519 ['Keyshawn', 'Elisa']
52 ['Elijah', 'Michelle']
520 ['Mohammed', 'Kaley']
521 ['Tristin', 'Barbara']
522 ['Donte', 'Eden']
523 ['Leonel', 'Leilani']
524 ['Dominique', 'Miracle']
525 ['Wilson', 'Devin']
526 ['Jonas', 'Aileen']
527 ['Gilbert', 'Chyna']
528 ['Kieran', 'Athena']
529 ['Coby', 'Esperanza']
53 ['Isaac', 'Sierra']
530 ['Dangelo', 'Adrienne']
531 ['Colten', 'Regina']
532 ['Keenan', 'Shyanne']
533 ['Koby', 'Luz']
534 ['Jarrod', 'Tierra']
535 ['Harold', 'Cristal']
536 ['Dale', 'Eliana']
537 ['Elliott', 'Clare']
538 ['Toby', 'Eve']
539 ['Dwayne', 'Kelli']
54 ['Steven', 'Katelyn']
540 ['Osvaldo', 'Sydnee']
541 ['Cyrus', 'Madelynn']
542 ['Kolby', 'Breana']
543 ['Sage', 'Melina']
544 ['Coleman', 'Arielle']
545 ['Declan', 'Toni']
546 ['Adolfo', 'Corinne']
547 ['Trace', 'Justice']
548 ['Brennen', 'Maia']
549 ['Shamar', 'Tess']
55 ['Evan', 'Andrea']
550 ['Ariel', 'Ciera']
551 ['Darryl', 'Abbigail']
552 ['Efrain', 'Ebony']
553 ['Orion', 'Maritza']
554 ['Keshawn', 'Lexie']
555 ['Ulises', 'Isis']
556 ['Darien', 'Aimee']
557 ['Rudy', 'Lena']
558 ['Braydon', 'Leticia']
559 ['Vicente', 'Sydni']
56 ['Jared', 'Madeline']
560 ['Nasir', 'Sarai']
561 ['Ben', 'Halie']
562 ['Dayton', 'Alivia']
563 ['Joaquin', 'Destiney']
564 ['Karl', 'Edith']
565 ['Dandre', 'Laurel']
566 ['Isaias', 'Carina']
567 ['Rylan', 'Fernanda']
568 ['Sterling', 'Amya']
569 ['Cullen', 'Destini']
57 ['Sean', 'Sara']
570 ['Quintin', 'Aspen']
571 ['Stefan', 'Nathalie']
572 ['Brice', 'Paula']
573 ['Lewis', 'Tanya']
574 ['Gunnar', 'Tina']
575 ['Humberto', 'Frances']
576 ['Nigel', 'Christian']
577 ['Alfred', 'Elaine']
578 ['Agustin', 'Aniya']
579 ['Asher', 'Ryan']
58 ['Timothy', 'Kimberly']
580 ['Daquan', 'Essence']
581 ['Easton', 'Mollie']
582 ['Salvatore', 'Shayna']
583 ['Jaron', 'Simone']
584 ['Nathanial', 'Kyleigh']
585 ['Everett', 'Nikki']
586 ['Ralph', 'Anya']
587 ['Hudson', 'Reyna']
588 ['Marquise', 'Kaylyn']
589 ['Tobias', 'Nicolette']
59 ['Luke', 'Courtney']
590 ['Glenn', 'Savanah']
591 ['Antoine', 'Abbie']
592 ['Jasper', 'Kailyn']
593 ['Elvis', 'Montana']
594 ['Kane', 'Itzel']
595 ['Sidney', 'Leila']
596 ['Ezequiel', 'Cayla']
597 ['Aron', 'Stacy']
598 ['Devyn', 'Araceli']
599 ['Mike', 'Robin']
6 ['Nicholas', 'Alexis']
60 ['Cody', 'Erin']
600 ['Silas', 'Dulce']
601 ['Tylor', 'Candace']
602 ['Dashawn', 'Noemi']
603 ['Jaiden', 'Aleah']
604 ['Jayce', 'Ally']
605 ['Deonte', 'Nayeli']
606 ['Cristopher', 'Mara']
607 ['Romeo', 'Jewel']
608 ['Deon', 'Keely']
609 ['Freddy', 'Alisa']
61 ['Nathaniel', 'Brittany']
610 ['Kurt', 'Karlee']
611 ['River', 'Micaela']
612 ['Kolton', 'Desirae']
613 ['August', 'Antonia']
614 ['Roderick', 'Brynn']
615 ['Derick', 'Leanna']
616 ['Clarence', 'Jaelyn']
617 ['Jamar', 'Judith']
618 ['Rohan', 'Katelin']
619 ['Kareem', 'Sienna']
62 ['Alex', 'Vanessa']
620 ['Muhammad', 'Celia']
621 ['Raphael', 'Raegan']
622 ['Demarcus', 'Yvette']
623 ['Sheldon', 'Juliet']
624 ['Markus', 'Emilia']
625 ['Cayden', 'Anika']
626 ['Luca', 'Calista']
627 ['Tre', 'Eileen']
628 ['Jean', 'Kianna']
629 ['Jamison', 'Carlee']
63 ['Seth', 'Jacqueline']
630 ['Rory', 'Thalia']
631 ['Brad', 'Rylie']
632 ['Jaylan', 'Daphne']
633 ['Titus', 'Kacie']
634 ['Clinton', 'Rosemary']
635 ['Jevon', 'Karli']
636 ['Julien', 'Ericka']
637 ['Emiliano', 'Lyndsey']
638 ['Alonso', 'Hana']
639 ['Lamar', 'Haylie']
64 ['Mason', 'Jenna']
640 ['Cordell', 'Jadyn']
641 ['Gordon', 'Madilyn']
642 ['Ignacio', 'Micah']
643 ['Jett', 'Laila']
644 ['Keon', 'Blanca']
645 ['Baby', 'Kayley']
646 ['Rashad', 'Katarina']
647 ['Cruz', 'Kellie']
648 ['Tariq', 'Maribel']
649 ['Deangelo', 'Sandy']
65 ['Richard', 'Caroline']
650 ['Armani', 'Joselyn']
651 ['Geoffrey', 'Kaelyn']
652 ['Milton', 'Madisen']
653 ['Elisha', 'Kathy']
654 ['Bernard', 'Margarita']
655 ['Darion', 'Carson']
656 ['Darnell', 'Stella']
657 ['Asa', 'Juliette']
658 ['Bret', 'Devon']
659 ['Izaiah', 'Camila']
66 ['Carlos', 'Faith']
660 ['Moshe', 'Donna']
661 ['Jairo', 'Bria']
662 ['Irvin', 'Helena']
663 ['Aldo', 'Lea']
664 ['Howard', 'Jazlyn']
665 ['Stuart', 'Jazmyn']
666 ['Ayden', 'Skyla']
667 ['Garrison', 'Christy']
668 ['Kellen', 'Katharine']
669 ['Travon', 'Joyce']
67 ['Angel', 'Makayla']
670 ['Zechariah', 'Karlie']
671 ['Norman', 'Lexus']
672 ['Shemar', 'Alessandra']
673 ['Dillan', 'Delilah']
674 ['Junior', 'Moriah']
675 ['Rhett', 'Salma']
676 ['Darrius', 'Celine']
677 ['Kamron', 'Lizeth']
678 ['Barry', 'Beatriz']
679 ['Jude', 'Brianne']
68 ['Patrick', 'Bailey']
680 ['Rigoberto', 'Kourtney']
681 ['Amari', 'Sydnie']
682 ['Jovan', 'Stacey']
683 ['Octavio', 'Mariam']
684 ['Perry', 'Robyn']
685 ['Hassan', 'Hayden']
686 ['Jaren', 'Janessa']
687 ['Kole', 'Kenzie']
688 ['Latrell', 'Jalyn']
689 ['Misael', 'Meaghan']
69 ['Devin', 'Paige']
690 ['Roland', 'Sheila']
691 ['Quinten', 'Aisha']
692 ['Ibrahim', 'Jaida']
693 ['Justus', 'Estrella']
694 ['German', 'Shawna']
695 ['Gonzalo', 'Marley']
696 ['Forrest', 'Ayana']
697 ['Mackenzie', 'Karly']
698 ['Nehemiah', 'Melinda']
699 ['Anton', 'Devyn']
7 ['Andrew', 'Samantha']
70 ['Bryan', 'Shelby']
700 ['Chaz', 'Nataly']
701 ['Talon', 'Rosalinda']
702 ['Maximillian', 'Brielle']
703 ['Guadalupe', 'Laney']
704 ['Austen', 'Loren']
705 ['Brooks', 'Sally']
706 ['Greyson', 'Lilian']
707 ['Winston', 'Lizette']
708 ['Antwan', 'Rebeca']
709 ['Conrad', 'Tracy']
71 ['Cole', 'Melissa']
710 ['Dion', 'Jenifer']
711 ['Lincoln', 'Chandler']
712 ['Earl', 'America']
713 ['Jaydon', 'Diane']
714 ['Landen', 'Valentina']
715 ['Gunner', 'Abigayle']
716 ['Jefferson', 'Candice']
717 ['Brenton', 'Susana']
718 ['Stephan', 'Aliya']
719 ['Stone', 'Casandra']
72 ['Jackson', 'Kaylee']
720 ['Fredrick', 'Harmony']
721 ['Kurtis', 'Jacey']
722 ['Leroy', 'Alena']
723 ['Shannon', 'Shea']
724 ['Shayne', 'Aniyah']
725 ['Karson', 'Aylin']
726 ['Stephon', 'Carol']
727 ['Nestor', 'Stephany']
728 ['Frankie', 'Zoie']
729 ['Gianni', 'Jackeline']
73 ['Ian', 'Christina']
730 ['Keagan', 'Savana']
731 ['Tristian', 'Alia']
732 ['Zakary', 'Gwendolyn']
733 ['Dimitri', 'Alexandrea']
734 ['Donavan', 'Damaris']
735 ['Draven', 'Marian']
736 ['Jameson', 'Anita']
737 ['Kory', 'Jaime']
738 ['Daryl', 'Jaiden']
739 ['Emmett', 'Kristine']
74 ['Garrett', 'Trinity']
740 ['Clifton', 'Carli']
741 ['Cortez', 'Violet']
742 ['Destin', 'Gretchen']
743 ['Jamari', 'Janice']
744 ['Dallin', 'Annette']
745 ['Estevan', 'Mariela']
746 ['Grady', 'Amani']
747 ['Davin', 'Dorothy']
748 ['Santos', 'Bella']
749 ['Carlton', 'Kaylynn']
75 ['Trevor', 'Caitlin']
750 ['Marcel', 'Maura']
751 ['Mitchel', 'Lila']
752 ['Dylon', 'Armani']
753 ['Clifford', 'Anissa']
754 ['Syed', 'Kelsi']
755 ['Adonis', 'Aubree']
756 ['Dexter', 'Greta']
757 ['Keyon', 'Kaya']
758 ['Reynaldo', 'Kayli']
759 ['Devante', 'Lillie']
76 ['Jesus', 'Mariah']
760 ['Kasey', 'Willow']
761 ['Sammy', 'Ansley']
762 ['Thaddeus', 'Lia']
763 ['Arnold', 'Catalina']
764 ['Clark', 'Maci']
765 ['Jarvis', 'Shyann']
766 ['Garett', 'Alysa']
767 ['Nick', 'Celina']
768 ['Dwight', 'Kasandra']
769 ['Glen', 'Quinn']
77 ['Chase', 'Autumn']
770 ['Infant', 'Jaquelin']
771 ['Keanu', 'Hailie']
772 ['Kent', 'Haven']
773 ['Kenyon', 'Kallie']
774 ['Denzel', 'Maegan']
775 ['Lamont', 'Maeve']
776 ['Ulysses', 'Rocio']
777 ['Houston', 'Yolanda']
778 ['Layne', 'Cecelia']
779 ['Anderson', 'Chaya']
78 ['Adrian', 'Marissa']
780 ['Darin', 'Gabriel']
781 ['Jorden', 'Mattie']
782 ['Kayden', 'Noelia']
783 ['Khalid', 'Christa']
784 ['Antony', 'Kari']
785 ['Deondre', 'Kaylah']
786 ['Ellis', 'Nya']
787 ['Marquez', 'Jeanette']
788 ['Ari', 'Kennedi']
789 ['Austyn', 'Nyah']
79 ['Mark', 'Angela']
790 ['Brycen', 'Presley']
791 ['Cornelius', 'Yadira']
792 ['Remington', 'Reilly']
793 ['Braedon', 'Shaina']
794 ['Hamza', 'Elissa']
795 ['Ryder', 'Marianna']
796 ['Abram', 'Alize']
797 ['Terence', 'Arlene']
798 ['Zaire', 'Izabella']
799 ['Jamel', 'Lyric']
8 ['Joseph', 'Jessica']
80 ['Blake', 'Breanna']
800 ['Tevin', 'Aiyana']
801 ['Alexandro', 'Amara']
802 ['Jordy', 'Christiana']
803 ['Kelly', 'Allyssa']
804 ['Porter', 'Drew']
805 ['Reuben', 'Rachelle']
806 ['Trever', 'Adeline']
807 ['Dario', 'Jacklyn']
808 ['Jackie', 'Liana']
809 ['Keven', 'Citlalli']
81 ['Sebastian', 'Catherine']
810 ['Cristobal', 'Giovanna']
811 ['Guy', 'Jesse']
812 ['Josef', 'Selina']
813 ['Raymundo', 'Brook']
814 ['Colt', 'Graciela']
815 ['Giancarlo', 'Princess']
816 ['Judah', 'Cali']
817 ['Paris', 'Elyse']
818 ['Rahul', 'Berenice']
819 ['Savion', 'Chanel']
82 ['Antonio', 'Zoe']
820 ['Deshaun', 'Iliana']
821 ['Josh', 'Jolie']
822 ['Korey', 'Caitlynn']
823 ['Gerard', 'Annalise']
824 ['Jacoby', 'Cortney']
825 ['Lonnie', 'Darlene']
826 ['Reilly', 'Sarina']
827 ['Seamus', 'Dasia']
828 ['Don', 'London']
829 ['Giovanny', 'Yvonne']
83 ['Lucas', 'Briana']
830 ['Kristofer', 'Karley']
831 ['Samir', 'Myah']
832 ['Dominik', 'Shaylee']
833 ['Finn', 'Amira']
834 ['Jamil', 'Kristy']
835 ['Jan', 'Ryleigh']
836 ['Benny', 'Dariana']
837 ['Cale', 'Juanita']
838 ['Irving', 'Teagan']
839 ['Jaxson', 'Kiarra']
84 ['Jeremy', 'Jada']
840 ['Kaiden', 'Ryann']
841 ['Nico', 'Yamilet']
842 ['Rashawn', 'Alexys']
843 ['Vernon', 'Kacey']
844 ['Aubrey', 'Shakira']
845 ['Gaven', 'Sheridan']
846 ['Sincere', 'Dianna']
847 ['Jabari', 'Baby']
848 ['Kirk', 'Lara']
849 ['Marcelo', 'Isabela']
85 ['Gavin', 'Laura']
850 ['Mikel', 'Reina']
851 ['Heath', 'Shirley']
852 ['Kadin', 'Jaycee']
853 ['Maximus', 'Silvia']
854 ['Alden', 'Tatianna']
855 ['Davonte', 'Eryn']
856 ['Justyn', 'Ingrid']
857 ['Kelton', 'Keara']
858 ['Brandan', 'Kalyn']
859 ['Courtney', 'Lisette']
86 ['Miguel', 'Claire']
860 ['Camren', 'Monserrat']
861 ['Dewayne', 'Randi']
862 ['Darrin', 'Reanna']
863 ['Duane', 'Abril']
864 ['Elmer', 'Ivana']
865 ['Maverick', 'Lori']
866 ['Nikhil', 'Maranda']
867 ['Chaim', 'Parker']
868 ['Darrion', 'Darby']
869 ['Sonny', 'Darian']
87 ['Julian', 'Alexa']
870 ['Abdullah', 'Jasmyn']
871 ['Bronson', 'Jaylin']
872 ['Xzavier', 'Kaela']
873 ['Jovani', 'Katia']
874 ['Nathen', 'Ayla']
875 ['Phoenix', 'Bridgette']
876 ['Reagan', 'Kinsey']
877 ['Blaze', 'Elyssa']
878 ['Efren', 'Hillary']
879 ['Luciano', 'Yazmin']
88 ['Dakota', 'Kelsey']
880 ['Tyrek', 'Caleigh']
881 ['Deontae', 'Dayana']
882 ['Fidel', 'Nikita']
883 ['Gaige', 'Rita']
884 ['Royce', 'Asha']
885 ['Tyshawn', 'Chantel']
886 ['Ronaldo', 'Reese']
887 ['Prince', 'Stefanie']
888 ['Rickey', 'Nadine']
889 ['Aden', 'Samara']
89 ['Alejandro', 'Kathryn']
890 ['Deion', 'Unique']
891 ['Gideon', 'Michele']
892 ['Neal', 'Sonya']
893 ['Benito', 'Hazel']
894 ['Denver', 'Cielo']
895 ['London', 'Mireya']
896 ['Matteo', 'Paloma']
897 ['Bernardo', 'Patience']
898 ['Raven', 'Aryanna']
899 ['Samson', 'Magdalena']
9 ['Daniel', 'Taylor']
90 ['Jesse', 'Leslie']
900 ['Turner', 'Anaya']
901 ['Carlo', 'Dallas']
902 ['Gino', 'Joelle']
903 ['Johan', 'Kaia']
904 ['Ryley', 'Norma']
905 ['Domenic', 'Taya']
906 ['Hugh', 'Arely']
907 ['Trystan', 'Misty']
908 ['Rocky', 'Trisha']
909 ['Simeon', 'Deasia']
91 ['Dalton', 'Alexandria']
910 ['Trevion', 'Elsa']
911 ['Emerson', 'Alysha']
912 ['Heriberto', 'Bryana']
913 ['Joan', 'Dawn']
914 ['Marques', 'Aracely']
915 ['Tyreek', 'Brionna']
916 ['Vaughn', 'Joana']
917 ['Clint', 'Katerina']
918 ['Nash', 'Alex']
919 ['Raheem', 'Hadley']
92 ['Bryce', 'Sabrina']
920 ['Mariano', 'Martina']
921 ['Ladarius', 'Maryam']
922 ['Lloyd', 'Bonnie']
923 ['Myron', 'Jazmyne']
924 ['Omari', 'Shaniya']
925 ['Keshaun', 'Ali']
926 ['Pierre', 'Alycia']
927 ['Xander', 'Dejah']
928 ['Eliseo', 'Estefania']
929 ['Jeff', 'Emmalee']
93 ['Tanner', 'Isabel']
930 ['Rick', 'Jakayla']
931 ['Bradly', 'Nyasia']
932 ['Freddie', 'Anjali']
933 ['Mekhi', 'Daisha']
934 ['Sabastian', 'Lilliana']
935 ['Shea', 'Myra']
936 ['Alessandro', 'Amiya']
937 ['Adrien', 'Belen']
938 ['Isai', 'Jana']
939 ['Kavon', 'Saige']
94 ['Kenneth', 'Mia']
940 ['Kian', 'Aja']
941 ['Paxton', 'Scarlett']
942 ['Rasheed', 'Annabel']
943 ['Blaise', 'Joanne']
944 ['Brodie', 'Aliza']
945 ['Dan', 'Ashly']
946 ['Donnie', 'Cydney']
947 ['Isidro', 'Destany']
948 ['Jaeden', 'Gia']
949 ['Javion', 'Keira']
95 ['Stephen', 'Molly']
950 ['Jimmie', 'Roxanne']
951 ['Johnnie', 'Fabiola']
952 ['Kennedy', 'Kaci']
953 ['Tyrique', 'Abagail']
954 ['Andreas', 'Abigale']
955 ['Augustus', 'Janiya']
956 ['Jalon', 'Odalys']
957 ['Jamir', 'Aria']
958 ['Valentin', 'Daija']
959 ['Lawson', 'Delia']
96 ['Jake', 'Leah']
960 ['Fred', 'Kameron']
961 ['Korbin', 'Katy']
962 ['Maxim', 'Lourdes']
963 ['Donavon', 'Raina']
964 ['Herbert', 'Ashtyn']
965 ['Javonte', 'Dayna']
966 ['Alexzander', 'Emerald']
967 ['Bruno', 'Kirstin']
968 ['Ean', 'Marlee']
969 ['Rowan', 'Neha']
97 ['Victor', 'Katie']
970 ['Alek', 'Antoinette']
971 ['Brandyn', 'Beatrice']
972 ['Demarco', 'Blair']
973 ['Kamren', 'Kori']
974 ['Hernan', 'Annamarie']
975 ['Bo', 'Breonna']
976 ['Genaro', 'Luisa']
977 ['Jamarcus', 'Yasmeen']
978 ['Aric', 'Yessenia']
979 ['Branson', 'Breanne']
98 ['Spencer', 'Gabriella']
980 ['Brennon', 'Laisha']
981 ['Rey', 'Leann']
982 ['Barrett', 'Rhianna']
983 ['Braiden', 'Amina']
984 ['Brant', 'Jailyn']
985 ['Dontae', 'Jayde']
986 ['Jovany', 'Jill']
987 ['Kale', 'Katlynn']
988 ['Nicklaus', 'Kaylan']
989 ['Dillion', 'Jena']
99 ['Marcus', 'Cheyenne']
990 ['Kylan', 'Iyana']
991 ['Treyvon', 'Keeley']
992 ['Vincenzo', 'Kenia']
993 ['Zander', 'Kenna']
994 ['Dayne', 'Maiya']
995 ['Francesco', 'Mandy']
996 ['Isaak', 'Rayna']
997 ['Lionel', 'Adrian']
998 ['Donnell', 'Marlen']
999 ['Giovani', 'Melisa']
