2
0
0
0


A
a
l
i
y
a
h
 
2
1
1


A
a
r
o
n
 
4
1


A
b
a
g
a
i
l
 
9
5
3


A
b
b
e
y
 
4
2
5


A
b
b
i
e
 
5
9
1


A
b
b
i
g
a
i
l
 
5
5
1


A
b
b
y
 
2
0
5


A
b
d
u
l
l
a
h
 
8
7
0


A
b
e
l
 
3
5
2


A
b
i
g
a
i
l
 
1
4


A
b
i
g
a
l
e
 
9
5
4


A
b
i
g
a
y
l
e
 
7
1
5


A
b
r
a
h
a
m
 
2
1
3


A
b
r
a
m
 
7
9
6


A
b
r
i
l
 
8
6
3


A
d
a
m
 
4
5


A
d
a
n
 
5
0
2


A
d
d
i
s
o
n
 
3
2
2


A
d
d
i
s
o
n
 
5
1
4


A
d
e
l
i
n
e
 
8
0
6


A
d
e
n
 
8
8
9


A
d
o
l
f
o
 
5
4
6


A
d
o
n
i
s
 
7
5
5


A
d
r
i
a
n
 
7
8


A
d
r
i
a
n
 
9
9
7


A
d
r
i
a
n
a
 
1
2
7


A
d
r
i
a
n
n
a
 
2
1
5


A
d
r
i
e
n
 
9
3
7


A
d
r
i
e
n
n
e
 
5
3
0


A
g
u
s
t
i
n
 
5
7
8


A
h
m
a
d
 
4
5
4


A
h
m
e
d
 
4
9
1


A
i
d
a
n
 
1
1
4


A
i
d
e
n
 
3
2
4


A
i
l
e
e
n
 
5
2
6


A
i
m
e
e
 
5
5
6


A
i
s
h
a
 
6
9
1


A
i
y
a
n
a
 
8
0
0


A
j
a
 
9
4
0


A
l
a
i
n
a
 
3
1
5


A
l
a
n
 
1
6
1


A
l
a
n
a
 
2
5
4


A
l
a
n
n
a
 
4
9
6


A
l
a
y
n
a
 
4
2
6


A
l
b
e
r
t
 
2
8
4


A
l
b
e
r
t
o
 
2
7
0


A
l
d
e
n
 
8
5
4


A
l
d
o
 
6
6
3


A
l
e
a
h
 
6
0
3


A
l
e
c
 
1
5
6


A
l
e
j
a
n
d
r
a
 
1
7
4


A
l
e
j
a
n
d
r
o
 
8
9


A
l
e
k
 
9
7
0


A
l
e
n
a
 
7
2
2


A
l
e
s
s
a
n
d
r
a
 
6
7
2


A
l
e
s
s
a
n
d
r
o
 
9
3
6


A
l
e
x
 
6
2


A
l
e
x
 
9
1
8


A
l
e
x
a
 
8
7


A
l
e
x
a
n
d
e
r
 
2
0


A
l
e
x
a
n
d
r
a
 
3
6


A
l
e
x
a
n
d
r
e
a
 
7
3
3


A
l
e
x
a
n
d
r
i
a
 
9
1


A
l
e
x
a
n
d
r
o
 
8
0
1


A
l
e
x
i
a
 
1
6
5


A
l
e
x
i
s
 
1
4
4


A
l
e
x
i
s
 
6


A
l
e
x
u
s
 
2
5
1


A
l
e
x
y
s
 
8
4
2


A
l
e
x
z
a
n
d
e
r
 
9
6
6


A
l
f
o
n
s
o
 
4
8
9


A
l
f
r
e
d
 
5
7
7


A
l
f
r
e
d
o
 
3
0
1


A
l
i
 
3
8
0


A
l
i
 
9
2
5


A
l
i
a
 
7
3
1


A
l
i
c
e
 
4
2
1


A
l
i
c
i
a
 
1
2
1


A
l
i
n
a
 
4
6
5


A
l
i
s
a
 
6
0
9


A
l
i
s
h
a
 
4
0
1


A
l
i
s
o
n
 
2
3
1


A
l
i
s
s
a
 
2
7
9


A
l
i
v
i
a
 
5
6
2


A
l
i
y
a
 
7
1
8


A
l
i
y
a
h
 
2
8
7


A
l
i
z
a
 
9
4
4


A
l
i
z
e
 
7
9
6


A
l
l
a
n
 
4
8
4


A
l
l
e
n
 
2
5
1


A
l
l
i
e
 
3
9
2


A
l
l
i
s
o
n
 
4
4


A
l
l
y
 
6
0
4


A
l
l
y
s
o
n
 
2
4
3


A
l
l
y
s
s
a
 
8
0
3


A
l
m
a
 
4
9
1


A
l
o
n
d
r
a
 
1
8
2


A
l
o
n
s
o
 
6
3
8


A
l
o
n
z
o
 
5
1
7


A
l
v
a
r
o
 
5
1
1


A
l
v
i
n
 
4
6
9


A
l
y
c
i
a
 
9
2
6


A
l
y
s
a
 
7
6
6


A
l
y
s
h
a
 
9
1
1


A
l
y
s
o
n
 
4
6
1


A
l
y
s
s
a
 
1
2


A
m
a
n
d
a
 
3
2


A
m
a
n
i
 
7
4
6


A
m
a
r
a
 
8
0
1


A
m
a
r
i
 
5
1
1


A
m
a
r
i
 
6
8
1


A
m
a
y
a
 
1
9
6


A
m
b
e
r
 
4
6


A
m
e
l
i
a
 
2
0
7


A
m
e
r
i
c
a
 
7
1
2


A
m
i
n
a
 
9
8
3


A
m
i
r
 
4
1
4


A
m
i
r
a
 
8
3
3


A
m
i
y
a
 
9
3
6


A
m
y
 
1
0
7


A
m
y
a
 
5
6
8


A
n
a
 
1
3
6


A
n
a
h
i
 
3
6
5


A
n
a
s
t
a
s
i
a
 
3
0
9


A
n
a
y
a
 
9
0
0


A
n
d
e
r
s
o
n
 
7
7
9


A
n
d
r
e
 
1
9
7


A
n
d
r
e
a
 
5
5


A
n
d
r
e
a
s
 
9
5
4


A
n
d
r
e
s
 
1
6
5


A
n
d
r
e
w
 
7


A
n
d
y
 
2
1
1


A
n
g
e
l
 
1
1
9


A
n
g
e
l
 
6
7


A
n
g
e
l
a
 
7
9


A
n
g
e
l
i
c
a
 
1
3
8


A
n
g
e
l
i
n
a
 
1
5
7


A
n
g
e
l
i
q
u
e
 
4
6
6


A
n
g
e
l
o
 
3
0
3


A
n
g
i
e
 
4
9
9


A
n
i
k
a
 
6
2
5


A
n
i
s
s
a
 
7
5
3


A
n
i
t
a
 
7
3
6


A
n
i
y
a
 
5
7
8


A
n
i
y
a
h
 
7
2
4


A
n
j
a
l
i
 
9
3
2


A
n
n
 
4
9
3


A
n
n
a
 
2
2


A
n
n
a
b
e
l
 
9
4
2


A
n
n
a
b
e
l
l
e
 
4
6
3


A
n
n
a
l
i
s
e
 
8
2
3


A
n
n
a
m
a
r
i
e
 
9
7
4


A
n
n
e
 
2
9
8


A
n
n
e
t
t
e
 
7
4
4


A
n
n
i
e
 
3
0
6


A
n
n
i
k
a
 
4
4
6


A
n
s
l
e
y
 
7
6
1


A
n
t
h
o
n
y
 
1
7


A
n
t
o
i
n
e
 
5
9
1


A
n
t
o
i
n
e
t
t
e
 
9
7
0


A
n
t
o
n
 
6
9
9


A
n
t
o
n
i
a
 
6
1
3


A
n
t
o
n
i
o
 
8
2


A
n
t
o
n
y
 
7
8
4


A
n
t
w
a
n
 
7
0
8


A
n
y
a
 
5
8
6


A
p
r
i
l
 
2
1
4


A
r
a
c
e
l
i
 
5
9
8


A
r
a
c
e
l
y
 
9
1
4


A
r
e
l
y
 
9
0
6


A
r
i
 
7
8
8


A
r
i
a
 
9
5
7


A
r
i
a
n
a
 
1
0
9


A
r
i
a
n
n
a
 
1
2
8


A
r
i
c
 
9
7
8


A
r
i
e
l
 
1
8
4


A
r
i
e
l
 
5
5
0


A
r
i
e
l
l
e
 
5
4
4


A
r
l
e
n
e
 
7
9
7


A
r
m
a
n
d
o
 
2
3
7


A
r
m
a
n
i
 
6
5
0


A
r
m
a
n
i
 
7
5
2


A
r
n
o
l
d
 
7
6
3


A
r
o
n
 
5
9
7


A
r
t
h
u
r
 
3
1
6


A
r
t
u
r
o
 
2
9
1


A
r
y
a
n
n
a
 
8
9
8


A
s
a
 
6
5
7


A
s
h
a
 
8
8
4


A
s
h
e
r
 
5
7
9


A
s
h
l
e
e
 
3
1
4


A
s
h
l
e
i
g
h
 
3
3
7


A
s
h
l
e
y
 
4


A
s
h
l
y
 
9
4
5


A
s
h
l
y
n
 
1
7
8


A
s
h
l
y
n
n
 
3
8
7


A
s
h
t
o
n
 
2
5
4


A
s
h
t
o
n
 
3
5
3


A
s
h
t
y
n
 
9
6
4


A
s
i
a
 
2
2
0


A
s
p
e
n
 
5
7
0


A
t
h
e
n
a
 
5
2
8


A
u
b
r
e
e
 
7
5
5


A
u
b
r
e
y
 
2
2
3


A
u
b
r
e
y
 
8
4
4


A
u
d
r
e
y
 
1
1
5


A
u
g
u
s
t
 
6
1
3


A
u
g
u
s
t
u
s
 
9
5
5


A
u
r
o
r
a
 
4
8
8


A
u
s
t
e
n
 
7
0
4


A
u
s
t
i
n
 
2
3


A
u
s
t
y
n
 
7
8
9


A
u
t
u
m
n
 
7
7


A
v
a
 
1
8
0


A
v
e
r
y
 
1
7
6


A
v
e
r
y
 
2
4
5


A
x
e
l
 
3
6
4


A
y
a
n
a
 
6
9
6


A
y
a
n
n
a
 
4
3
2


A
y
d
e
n
 
6
6
6


A
y
l
a
 
8
7
4


A
y
l
i
n
 
7
2
5


B
a
b
y
 
6
4
5


B
a
b
y
 
8
4
7


B
a
i
l
e
e
 
4
2
8


B
a
i
l
e
y
 
2
0
2


B
a
i
l
e
y
 
6
8


B
a
r
b
a
r
a
 
5
2
1


B
a
r
r
e
t
t
 
9
8
2


B
a
r
r
y
 
6
7
8


B
a
y
l
e
e
 
3
3
9


B
e
a
t
r
i
c
e
 
9
7
1


B
e
a
t
r
i
z
 
6
7
8


B
e
a
u
 
4
6
5


B
e
l
e
n
 
9
3
7


B
e
l
l
a
 
7
4
8


B
e
n
 
5
6
1


B
e
n
i
t
o
 
8
9
3


B
e
n
j
a
m
i
n
 
2
6


B
e
n
n
e
t
t
 
4
4
1


B
e
n
n
y
 
8
3
6


B
e
r
e
n
i
c
e
 
8
1
8


B
e
r
n
a
r
d
 
6
5
4


B
e
r
n
a
r
d
o
 
8
9
7


B
e
t
h
a
n
y
 
1
5
1


B
i
a
n
c
a
 
1
7
0


B
i
l
l
y
 
3
8
5


B
l
a
i
n
e
 
4
5
5


B
l
a
i
r
 
9
7
2


B
l
a
i
s
e
 
9
4
3


B
l
a
k
e
 
8
0


B
l
a
n
c
a
 
6
4
4


B
l
a
z
e
 
8
7
7


B
o
 
9
7
5


B
o
b
b
y
 
3
6
3


B
o
n
n
i
e
 
9
2
2


B
r
a
d
 
6
3
1


B
r
a
d
e
n
 
2
0
4


B
r
a
d
l
e
y
 
1
3
1


B
r
a
d
l
y
 
9
3
1


B
r
a
d
y
 
1
9
0


B
r
a
e
d
e
n
 
4
5
1


B
r
a
e
d
o
n
 
7
9
3


B
r
a
i
d
e
n
 
9
8
3


B
r
a
n
d
a
n
 
8
5
8


B
r
a
n
d
e
n
 
3
3
7


B
r
a
n
d
i
 
3
8
8


B
r
a
n
d
o
n
 
1
2


B
r
a
n
d
y
 
3
9
9


B
r
a
n
d
y
n
 
9
7
1


B
r
a
n
s
o
n
 
9
7
9


B
r
a
n
t
 
9
8
4


B
r
a
x
t
o
n
 
3
3
6


B
r
a
y
a
n
 
4
8
5


B
r
a
y
d
e
n
 
1
9
9


B
r
a
y
d
o
n
 
5
5
8


B
r
e
a
n
a
 
5
4
2


B
r
e
a
n
n
a
 
8
0


B
r
e
a
n
n
e
 
9
7
9


B
r
e
n
d
a
 
1
7
2


B
r
e
n
d
a
n
 
1
0
1


B
r
e
n
d
e
n
 
2
4
3


B
r
e
n
d
o
n
 
3
4
8


B
r
e
n
n
a
 
3
1
0


B
r
e
n
n
a
n
 
2
7
6


B
r
e
n
n
e
n
 
5
4
8


B
r
e
n
n
o
n
 
9
8
0


B
r
e
n
t
 
3
1
8


B
r
e
n
t
o
n
 
7
1
7


B
r
e
o
n
n
a
 
9
7
5


B
r
e
t
 
6
5
8


B
r
e
t
t
 
1
6
3


B
r
i
a
 
6
6
1


B
r
i
a
n
 
4
3


B
r
i
a
n
a
 
8
3


B
r
i
a
n
n
a
 
1
5


B
r
i
a
n
n
e
 
6
7
9


B
r
i
c
e
 
5
7
2


B
r
i
d
g
e
t
 
2
7
3


B
r
i
d
g
e
t
t
e
 
8
7
5


B
r
i
e
l
l
e
 
7
0
2


B
r
i
o
n
n
a
 
9
1
5


B
r
i
s
a
 
4
8
1


B
r
i
t
n
e
y
 
1
3
7


B
r
i
t
t
a
n
y
 
6
1


B
r
i
t
t
n
e
y
 
1
4
7


B
r
o
c
k
 
2
6
8


B
r
o
d
i
e
 
9
4
4


B
r
o
d
y
 
3
3
8


B
r
o
n
s
o
n
 
8
7
1


B
r
o
o
k
 
8
1
3


B
r
o
o
k
e
 
5
1


B
r
o
o
k
l
y
n
 
1
7
7


B
r
o
o
k
l
y
n
n
 
5
1
6


B
r
o
o
k
s
 
7
0
5


B
r
u
c
e
 
4
3
2


B
r
u
n
o
 
9
6
7


B
r
y
a
n
 
7
0


B
r
y
a
n
a
 
9
1
2


B
r
y
a
n
n
a
 
3
3
1


B
r
y
a
n
t
 
3
1
7


B
r
y
c
e
 
9
2


B
r
y
c
e
n
 
7
9
0


B
r
y
n
n
 
6
1
4


B
r
y
s
o
n
 
2
6
9


B
y
r
o
n
 
4
3
8


C
a
d
e
 
2
1
6


C
a
d
e
n
 
2
3
9


C
a
i
t
l
i
n
 
7
5


C
a
i
t
l
y
n
 
1
1
8


C
a
i
t
l
y
n
n
 
8
2
2


C
a
l
e
 
8
3
7


C
a
l
e
b
 
3
8


C
a
l
e
i
g
h
 
8
8
0


C
a
l
i
 
8
1
6


C
a
l
i
s
t
a
 
6
2
6


C
a
l
l
i
e
 
3
2
1


C
a
l
v
i
n
 
2
1
4


C
a
m
d
e
n
 
3
6
1


C
a
m
e
r
o
n
 
2
0
1


C
a
m
e
r
o
n
 
3
1


C
a
m
i
l
a
 
6
5
9


C
a
m
i
l
l
e
 
2
6
9


C
a
m
r
e
n
 
8
6
0


C
a
m
r
o
n
 
4
1
2


C
a
m
r
y
n
 
1
8
3


C
a
n
d
a
c
e
 
6
0
1


C
a
n
d
i
c
e
 
7
1
6


C
a
r
a
 
3
9
3


C
a
r
i
n
a
 
5
6
6


C
a
r
i
s
s
a
 
4
1
1


C
a
r
l
 
3
0
4


C
a
r
l
a
 
4
0
4


C
a
r
l
e
e
 
6
2
9


C
a
r
l
e
y
 
4
1
0


C
a
r
l
i
 
7
4
0


C
a
r
l
i
e
 
5
0
0


C
a
r
l
o
 
9
0
1


C
a
r
l
o
s
 
6
6


C
a
r
l
t
o
n
 
7
4
9


C
a
r
l
y
 
1
6
9


C
a
r
m
e
n
 
2
7
1


C
a
r
o
l
 
7
2
6


C
a
r
o
l
i
n
a
 
2
6
7


C
a
r
o
l
i
n
e
 
6
5


C
a
r
o
l
y
n
 
3
0
8


C
a
r
r
i
e
 
5
0
3


C
a
r
s
o
n
 
1
1
9


C
a
r
s
o
n
 
6
5
5


C
a
r
t
e
r
 
1
5
2


C
a
s
a
n
d
r
a
 
7
1
9


C
a
s
e
y
 
1
9
3


C
a
s
e
y
 
2
0
8


C
a
s
s
a
n
d
r
a
 
1
0
0


C
a
s
s
i
d
y
 
1
0
5


C
a
s
s
i
e
 
3
4
7


C
a
t
a
l
i
n
a
 
7
6
3


C
a
t
h
e
r
i
n
e
 
8
1


C
a
y
d
e
n
 
6
2
5


C
a
y
l
a
 
5
9
6


C
e
c
e
l
i
a
 
7
7
8


C
e
c
i
l
i
a
 
2
8
3


C
e
d
r
i
c
 
4
6
4


C
e
l
e
s
t
e
 
2
7
4


C
e
l
i
a
 
6
2
0


C
e
l
i
n
a
 
7
6
7


C
e
l
i
n
e
 
6
7
6


C
e
s
a
r
 
1
7
0


C
h
a
d
 
2
3
5


C
h
a
i
m
 
8
6
7


C
h
a
n
c
e
 
2
1
2


C
h
a
n
d
l
e
r
 
1
7
4


C
h
a
n
d
l
e
r
 
7
1
1


C
h
a
n
e
l
 
8
1
9


C
h
a
n
t
e
l
 
8
8
5


C
h
a
r
i
t
y
 
4
5
9


C
h
a
r
l
e
s
 
5
1


C
h
a
r
l
i
e
 
4
5
2


C
h
a
r
l
o
t
t
e
 
2
8
9


C
h
a
s
e
 
7
7


C
h
a
s
i
t
y
 
4
9
2


C
h
a
y
a
 
7
7
9


C
h
a
z
 
7
0
0


C
h
e
l
s
e
a
 
1
4
0


C
h
e
l
s
e
y
 
4
7
5


C
h
e
y
a
n
n
e
 
3
7
0


C
h
e
y
e
n
n
e
 
9
9


C
h
l
o
e
 
3
8


C
h
r
i
s
 
3
9
5


C
h
r
i
s
t
a
 
7
8
3


C
h
r
i
s
t
i
a
n
 
2
2


C
h
r
i
s
t
i
a
n
 
5
7
6


C
h
r
i
s
t
i
a
n
a
 
8
0
2


C
h
r
i
s
t
i
n
a
 
7
3


C
h
r
i
s
t
i
n
e
 
2
1
7


C
h
r
i
s
t
o
p
h
e
r
 
5


C
h
r
i
s
t
y
 
6
6
7


C
h
y
n
a
 
5
2
7


C
i
a
r
a
 
2
8
2


C
i
e
l
o
 
8
9
4


C
i
e
r
a
 
5
5
0


C
i
e
r
r
a
 
2
3
0


C
i
n
d
y
 
2
6
2


C
i
t
l
a
l
l
i
 
8
0
9


C
l
a
i
r
e
 
8
6


C
l
a
r
a
 
3
5
4


C
l
a
r
e
 
5
3
7


C
l
a
r
e
n
c
e
 
6
1
6


C
l
a
r
i
s
s
a
 
3
2
5


C
l
a
r
k
 
7
6
4


C
l
a
u
d
i
a
 
2
0
0


C
l
a
y
 
3
9
7


C
l
a
y
t
o
n
 
1
5
1


C
l
i
f
f
o
r
d
 
7
5
3


C
l
i
f
t
o
n
 
7
4
0


C
l
i
n
t
 
9
1
7


C
l
i
n
t
o
n
 
6
3
4


C
o
b
y
 
5
2
9


C
o
d
y
 
6
0


C
o
l
b
y
 
2
3
3


C
o
l
e
 
7
1


C
o
l
e
m
a
n
 
5
4
4


C
o
l
i
n
 
1
1
7


C
o
l
l
e
e
n
 
4
5
5


C
o
l
l
i
n
 
1
2
9


C
o
l
t
 
8
1
4


C
o
l
t
e
n
 
5
3
1


C
o
l
t
o
n
 
1
1
0


C
o
n
n
e
r
 
1
9
1


C
o
n
n
o
r
 
5
0


C
o
n
o
r
 
3
6
5


C
o
n
r
a
d
 
7
0
9


C
o
o
p
e
r
 
2
4
0


C
o
r
a
 
4
8
2


C
o
r
b
i
n
 
2
9
2


C
o
r
d
e
l
l
 
6
4
0


C
o
r
e
y
 
1
4
9


C
o
r
i
n
n
e
 
5
4
6


C
o
r
n
e
l
i
u
s
 
7
9
1


C
o
r
t
e
z
 
7
4
1


C
o
r
t
n
e
y
 
8
2
4


C
o
r
y
 
2
2
7


C
o
u
r
t
n
e
y
 
5
9


C
o
u
r
t
n
e
y
 
8
5
9


C
r
a
i
g
 
3
3
9


C
r
i
s
t
a
l
 
5
3
5


C
r
i
s
t
i
a
n
 
1
6
0


C
r
i
s
t
i
n
a
 
3
3
8


C
r
i
s
t
o
b
a
l
 
8
1
0


C
r
i
s
t
o
p
h
e
r
 
6
0
6


C
r
u
z
 
6
4
7


C
r
y
s
t
a
l
 
1
3
2


C
u
l
l
e
n
 
5
6
9


C
u
r
t
i
s
 
2
6
5


C
y
d
n
e
y
 
9
4
6


C
y
n
t
h
i
a
 
1
6
4


C
y
r
u
s
 
5
4
1


D
a
i
j
a
 
9
5
8


D
a
i
s
h
a
 
9
3
3


D
a
i
s
y
 
1
4
1


D
a
k
o
t
a
 
2
9
5


D
a
k
o
t
a
 
8
8


D
a
l
e
 
5
3
6


D
a
l
l
a
s
 
3
0
9


D
a
l
l
a
s
 
9
0
1


D
a
l
l
i
n
 
7
4
4


D
a
l
t
o
n
 
9
1


D
a
m
a
r
i
s
 
7
3
4


D
a
m
i
a
n
 
2
0
5


D
a
m
i
e
n
 
2
5
8


D
a
m
i
o
n
 
4
3
4


D
a
m
o
n
 
2
8
9


D
a
n
 
9
4
5


D
a
n
a
 
3
1
1


D
a
n
d
r
e
 
5
6
5


D
a
n
e
 
4
2
4


D
a
n
g
e
l
o
 
5
3
0


D
a
n
i
e
l
 
9


D
a
n
i
e
l
a
 
1
5
6


D
a
n
i
e
l
l
a
 
3
6
4


D
a
n
i
e
l
l
e
 
4
8


D
a
n
n
y
 
2
8
7


D
a
n
t
e
 
2
4
7


D
a
p
h
n
e
 
6
3
2


D
a
q
u
a
n
 
5
8
0


D
a
r
b
y
 
8
6
8


D
a
r
i
a
n
 
4
1
5


D
a
r
i
a
n
 
8
6
9


D
a
r
i
a
n
a
 
8
3
6


D
a
r
i
e
n
 
5
5
6


D
a
r
i
n
 
7
8
0


D
a
r
i
o
 
8
0
7


D
a
r
i
o
n
 
6
5
5


D
a
r
i
u
s
 
2
2
0


D
a
r
l
e
n
e
 
8
2
5


D
a
r
n
e
l
l
 
6
5
6


D
a
r
r
e
l
l
 
4
7
0


D
a
r
r
e
n
 
2
9
7


D
a
r
r
i
n
 
8
6
2


D
a
r
r
i
o
n
 
8
6
8


D
a
r
r
i
u
s
 
6
7
6


D
a
r
r
y
l
 
5
5
1


D
a
r
y
l
 
7
3
8


D
a
s
h
a
w
n
 
6
0
2


D
a
s
i
a
 
8
2
7


D
a
v
i
d
 
1
6


D
a
v
i
n
 
7
4
7


D
a
v
i
o
n
 
4
7
5


D
a
v
i
s
 
3
8
1


D
a
v
o
n
 
4
9
9


D
a
v
o
n
t
e
 
8
5
5


D
a
w
n
 
9
1
3


D
a
w
s
o
n
 
1
6
8


D
a
y
a
n
a
 
8
8
1


D
a
y
n
a
 
9
6
5


D
a
y
n
e
 
9
9
4


D
a
y
t
o
n
 
5
6
2


D
e
a
n
 
3
7
8


D
e
a
n
d
r
e
 
2
9
3


D
e
a
n
g
e
l
o
 
6
4
9


D
e
a
n
n
a
 
3
0
4


D
e
a
s
i
a
 
9
0
9


D
e
b
o
r
a
h
 
4
9
7


D
e
c
l
a
n
 
5
4
5


D
e
i
o
n
 
8
9
0


D
e
j
a
 
3
3
5


D
e
j
a
h
 
9
2
7


D
e
l
a
n
e
y
 
2
0
6


D
e
l
i
a
 
9
5
9


D
e
l
i
l
a
h
 
6
7
3


D
e
m
a
r
c
o
 
9
7
2


D
e
m
a
r
c
u
s
 
6
2
2


D
e
m
e
t
r
i
u
s
 
3
8
2


D
e
n
i
s
e
 
3
2
8


D
e
n
n
i
s
 
2
5
2


D
e
n
v
e
r
 
8
9
4


D
e
n
z
e
l
 
7
7
4


D
e
o
n
 
6
0
8


D
e
o
n
d
r
e
 
7
8
5


D
e
o
n
t
a
e
 
8
8
1


D
e
o
n
t
e
 
6
0
5


D
e
r
e
k
 
1
2
1


D
e
r
i
c
k
 
6
1
5


D
e
r
r
i
c
k
 
2
1
8


D
e
s
h
a
u
n
 
8
2
0


D
e
s
h
a
w
n
 
4
8
7


D
e
s
i
r
a
e
 
6
1
2


D
e
s
i
r
e
e
 
1
8
1


D
e
s
m
o
n
d
 
3
7
5


D
e
s
t
a
n
y
 
9
4
7


D
e
s
t
i
n
 
7
4
2


D
e
s
t
i
n
e
e
 
3
2
6


D
e
s
t
i
n
e
y
 
5
6
3


D
e
s
t
i
n
i
 
5
6
9


D
e
s
t
i
n
y
 
2
4


D
e
v
a
n
 
4
9
4


D
e
v
a
n
t
e
 
7
5
9


D
e
v
e
n
 
4
7
9


D
e
v
i
n
 
5
2
5


D
e
v
i
n
 
6
9


D
e
v
o
n
 
1
3
3


D
e
v
o
n
 
6
5
8


D
e
v
o
n
t
e
 
5
0
0


D
e
v
y
n
 
5
9
8


D
e
v
y
n
 
6
9
9


D
e
w
a
y
n
e
 
8
6
1


D
e
x
t
e
r
 
7
5
6


D
i
a
m
o
n
d
 
1
6
2


D
i
a
n
a
 
1
0
6


D
i
a
n
e
 
7
1
3


D
i
a
n
n
a
 
8
4
6


D
i
e
g
o
 
1
4
7


D
i
l
l
a
n
 
6
7
3


D
i
l
l
i
o
n
 
9
8
9


D
i
l
l
o
n
 
1
6
9


D
i
m
i
t
r
i
 
7
3
3


D
i
o
n
 
7
1
0


D
o
m
e
n
i
c
 
9
0
5


D
o
m
i
n
i
c
 
1
1
8


D
o
m
i
n
i
c
k
 
2
7
1


D
o
m
i
n
i
k
 
8
3
2


D
o
m
i
n
i
q
u
e
 
2
5
8


D
o
m
i
n
i
q
u
e
 
5
2
4


D
o
n
 
8
2
8


D
o
n
a
l
d
 
2
1
7


D
o
n
a
v
a
n
 
7
3
4


D
o
n
a
v
o
n
 
9
6
3


D
o
n
n
a
 
6
6
0


D
o
n
n
e
l
l
 
9
9
8


D
o
n
n
i
e
 
9
4
6


D
o
n
o
v
a
n
 
2
0
6


D
o
n
t
a
e
 
9
8
5


D
o
n
t
e
 
5
2
2


D
o
r
i
a
n
 
3
9
9


D
o
r
o
t
h
y
 
7
4
7


D
o
u
g
l
a
s
 
2
7
4


D
r
a
k
e
 
2
6
1


D
r
a
v
e
n
 
7
3
5


D
r
e
w
 
1
8
8


D
r
e
w
 
8
0
4


D
u
a
n
e
 
8
6
3


D
u
l
c
e
 
6
0
0


D
u
n
c
a
n
 
4
4
8


D
u
s
t
i
n
 
1
4
8


D
w
a
y
n
e
 
5
3
9


D
w
i
g
h
t
 
7
6
8


D
y
l
a
n
 
2
4


D
y
l
o
n
 
7
5
2


E
a
n
 
9
6
8


E
a
r
l
 
7
1
2


E
a
s
t
o
n
 
5
8
1


E
b
o
n
y
 
5
5
2


E
d
d
i
e
 
3
5
0


E
d
e
n
 
5
2
2


E
d
g
a
r
 
1
7
7


E
d
i
t
h
 
5
6
4


E
d
u
a
r
d
o
 
1
2
4


E
d
w
a
r
d
 
1
0
8


E
d
w
i
n
 
1
9
6


E
f
r
a
i
n
 
5
5
2


E
f
r
e
n
 
8
7
8


E
i
l
e
e
n
 
6
2
7


E
l
a
i
n
a
 
5
0
4


E
l
a
i
n
e
 
5
7
7


E
l
e
a
n
o
r
 
3
7
4


E
l
e
n
a
 
2
3
4


E
l
i
 
2
3
6


E
l
i
a
n
 
4
2
7


E
l
i
a
n
a
 
5
3
6


E
l
i
a
s
 
2
4
2


E
l
i
j
a
h
 
5
2


E
l
i
s
a
 
5
1
9


E
l
i
s
a
b
e
t
h
 
3
9
0


E
l
i
s
e
 
2
5
3


E
l
i
s
e
o
 
9
2
8


E
l
i
s
h
a
 
6
5
3


E
l
i
s
s
a
 
7
9
4


E
l
i
z
a
 
3
8
0


E
l
i
z
a
b
e
t
h
 
1
0


E
l
l
a
 
2
6
5


E
l
l
e
n
 
4
5
1


E
l
l
i
e
 
3
6
0


E
l
l
i
o
t
 
4
6
8


E
l
l
i
o
t
t
 
5
3
7


E
l
l
i
s
 
7
8
6


E
l
m
e
r
 
8
6
4


E
l
s
a
 
9
1
0


E
l
v
i
s
 
5
9
3


E
l
y
s
e
 
8
1
7


E
l
y
s
s
a
 
8
7
7


E
m
a
n
u
e
l
 
3
2
9


E
m
e
l
y
 
4
6
4


E
m
e
r
a
l
d
 
9
6
6


E
m
e
r
s
o
n
 
9
1
1


E
m
i
l
e
e
 
3
3
3


E
m
i
l
i
a
 
6
2
4


E
m
i
l
i
a
n
o
 
6
3
7


E
m
i
l
i
e
 
4
8
3


E
m
i
l
i
o
 
3
4
7


E
m
i
l
y
 
1


E
m
m
a
 
1
7


E
m
m
a
l
e
e
 
9
2
9


E
m
m
a
n
u
e
l
 
1
9
5


E
m
m
e
t
t
 
7
3
9


E
n
r
i
q
u
e
 
2
2
1


E
r
i
c
 
4
2


E
r
i
c
a
 
1
0
2


E
r
i
c
k
 
1
8
9


E
r
i
c
k
a
 
6
3
6


E
r
i
k
 
1
4
3


E
r
i
k
a
 
1
2
3


E
r
i
n
 
6
0


E
r
n
e
s
t
 
5
1
2


E
r
n
e
s
t
o
 
3
4
6


E
r
y
n
 
8
5
5


E
s
m
e
r
a
l
d
a
 
1
9
5


E
s
p
e
r
a
n
z
a
 
5
2
9


E
s
s
e
n
c
e
 
5
8
0


E
s
t
e
b
a
n
 
3
3
4


E
s
t
e
f
a
n
i
a
 
9
2
8


E
s
t
e
v
a
n
 
7
4
5


E
s
t
h
e
r
 
3
3
0


E
s
t
r
e
l
l
a
 
6
9
3


E
t
h
a
n
 
2
5


E
u
g
e
n
e
 
5
0
4


E
v
a
 
2
9
4


E
v
a
n
 
5
5


E
v
e
 
5
3
8


E
v
e
l
y
n
 
1
5
0


E
v
e
r
e
t
t
 
5
8
5


E
z
e
k
i
e
l
 
3
5
8


E
z
e
q
u
i
e
l
 
5
9
6


E
z
r
a
 
4
3
5


F
a
b
i
a
n
 
2
8
5


F
a
b
i
o
l
a
 
9
5
1


F
a
i
t
h
 
6
6


F
a
t
i
m
a
 
2
4
2


F
e
l
i
c
i
a
 
4
8
4


F
e
l
i
c
i
t
y
 
4
4
5


F
e
l
i
p
e
 
4
2
5


F
e
l
i
x
 
3
7
6


F
e
r
n
a
n
d
a
 
5
6
7


F
e
r
n
a
n
d
o
 
1
5
0


F
i
d
e
l
 
8
8
2


F
i
n
n
 
8
3
3


F
i
o
n
a
 
4
6
0


F
o
r
r
e
s
t
 
6
9
6


F
r
a
n
c
e
s
 
5
7
5


F
r
a
n
c
e
s
c
a
 
4
0
5


F
r
a
n
c
e
s
c
o
 
9
9
5


F
r
a
n
c
i
s
 
4
3
6


F
r
a
n
c
i
s
c
o
 
1
3
9


F
r
a
n
k
 
2
0
8


F
r
a
n
k
i
e
 
7
2
8


F
r
a
n
k
l
i
n
 
4
4
9


F
r
e
d
 
9
6
0


F
r
e
d
d
i
e
 
9
3
2


F
r
e
d
d
y
 
6
0
9


F
r
e
d
e
r
i
c
k
 
3
9
6


F
r
e
d
r
i
c
k
 
7
2
0


G
a
b
r
i
e
l
 
4
4


G
a
b
r
i
e
l
 
7
8
0


G
a
b
r
i
e
l
a
 
1
1
7


G
a
b
r
i
e
l
l
a
 
9
8


G
a
b
r
i
e
l
l
e
 
4
9


G
a
g
e
 
1
6
6


G
a
i
g
e
 
8
8
3


G
a
r
e
t
t
 
7
6
6


G
a
r
r
e
t
 
4
2
0


G
a
r
r
e
t
t
 
7
4


G
a
r
r
i
s
o
n
 
6
6
7


G
a
r
y
 
2
7
5


G
a
v
e
n
 
8
4
5


G
a
v
i
n
 
8
5


G
e
n
a
r
o
 
9
7
6


G
e
n
e
s
i
s
 
2
4
7


G
e
n
e
v
i
e
v
e
 
5
0
7


G
e
o
f
f
r
e
y
 
6
5
1


G
e
o
r
g
e
 
1
3
0


G
e
o
r
g
i
a
 
3
3
4


G
e
r
a
l
d
 
3
8
3


G
e
r
a
r
d
 
8
2
3


G
e
r
a
r
d
o
 
2
0
9


G
e
r
m
a
n
 
6
9
4


G
i
a
 
9
4
8


G
i
a
n
c
a
r
l
o
 
8
1
5


G
i
a
n
n
a
 
2
4
0


G
i
a
n
n
i
 
7
2
9


G
i
d
e
o
n
 
8
9
1


G
i
l
b
e
r
t
 
5
2
7


G
i
l
b
e
r
t
o
 
4
8
0


G
i
l
l
i
a
n
 
3
2
4


G
i
n
a
 
3
5
6


G
i
n
o
 
9
0
2


G
i
o
v
a
n
i
 
9
9
9


G
i
o
v
a
n
n
a
 
8
1
0


G
i
o
v
a
n
n
i
 
2
0
1


G
i
o
v
a
n
n
y
 
8
2
9


G
i
s
e
l
l
e
 
2
1
2


G
i
s
s
e
l
l
e
 
3
6
7


G
l
e
n
 
7
6
9


G
l
e
n
n
 
5
9
0


G
l
o
r
i
a
 
3
5
8


G
o
n
z
a
l
o
 
6
9
5


G
o
r
d
o
n
 
6
4
1


G
r
a
c
e
 
1
9


G
r
a
c
i
e
 
2
4
4


G
r
a
c
i
e
l
a
 
8
1
4


G
r
a
d
y
 
7
4
6


G
r
a
h
a
m
 
4
0
6


G
r
a
n
t
 
1
2
3


G
r
a
y
s
o
n
 
3
1
3


G
r
e
g
o
r
y
 
1
3
8


G
r
e
t
a
 
7
5
6


G
r
e
t
c
h
e
n
 
7
4
2


G
r
e
y
s
o
n
 
7
0
6


G
r
i
f
f
i
n
 
2
3
1


G
u
a
d
a
l
u
p
e
 
2
4
5


G
u
a
d
a
l
u
p
e
 
7
0
3


G
u
i
l
l
e
r
m
o
 
3
9
2


G
u
n
n
a
r
 
5
7
4


G
u
n
n
e
r
 
7
1
5


G
u
s
t
a
v
o
 
2
6
0


G
u
y
 
8
1
1


G
w
e
n
d
o
l
y
n
 
7
3
2


H
a
d
l
e
y
 
9
1
9


H
a
i
l
e
e
 
3
8
4


H
a
i
l
e
y
 
3
5


H
a
i
l
i
e
 
7
7
1


H
a
l
e
i
g
h
 
3
7
2


H
a
l
e
y
 
2
8


H
a
l
i
e
 
5
6
1


H
a
l
l
e
 
4
4
2


H
a
l
l
i
e
 
2
9
7


H
a
m
z
a
 
7
9
4


H
a
n
a
 
6
3
8


H
a
n
n
a
 
1
7
1


H
a
n
n
a
h
 
2


H
a
r
l
e
y
 
3
8
2


H
a
r
l
e
y
 
4
4
6


H
a
r
m
o
n
y
 
7
2
0


H
a
r
o
l
d
 
5
3
5


H
a
r
r
i
s
o
n
 
1
8
4


H
a
r
r
y
 
5
1
3


H
a
s
s
a
n
 
6
8
5


H
a
v
e
n
 
7
7
2


H
a
y
d
e
n
 
1
2
8


H
a
y
d
e
n
 
6
8
5


H
a
y
l
e
e
 
2
5
9


H
a
y
l
e
y
 
1
4
8


H
a
y
l
i
e
 
6
3
9


H
a
z
e
l
 
8
9
3


H
e
a
t
h
 
8
5
1


H
e
a
t
h
e
r
 
1
2
6


H
e
a
v
e
n
 
3
4
0


H
e
c
t
o
r
 
1
8
5


H
e
i
d
i
 
3
5
1


H
e
l
e
n
 
3
4
5


H
e
l
e
n
a
 
6
6
2


H
e
n
r
y
 
1
2
6


H
e
r
b
e
r
t
 
9
6
4


H
e
r
i
b
e
r
t
o
 
9
1
2


H
e
r
n
a
n
 
9
7
4


H
i
l
l
a
r
y
 
8
7
8


H
o
l
d
e
n
 
4
5
3


H
o
l
l
y
 
1
8
9


H
o
p
e
 
1
4
6


H
o
u
s
t
o
n
 
7
7
7


H
o
w
a
r
d
 
6
6
4


H
u
d
s
o
n
 
5
8
7


H
u
g
h
 
9
0
6


H
u
g
o
 
4
0
0


H
u
m
b
e
r
t
o
 
5
7
5


H
u
n
t
e
r
 
3
5


H
u
n
t
e
r
 
4
0
2


I
a
n
 
7
3


I
b
r
a
h
i
m
 
6
9
2


I
g
n
a
c
i
o
 
6
4
2


I
l
i
a
n
a
 
8
2
0


I
m
a
n
i
 
3
0
5


I
n
d
i
a
 
3
9
5


I
n
f
a
n
t
 
7
7
0


I
n
g
r
i
d
 
8
5
6


I
r
e
n
e
 
4
6
8


I
r
i
s
 
4
1
2


I
r
v
i
n
 
6
6
2


I
r
v
i
n
g
 
8
3
8


I
s
a
a
c
 
5
3


I
s
a
a
k
 
9
9
6


I
s
a
b
e
l
 
9
3


I
s
a
b
e
l
a
 
8
4
9


I
s
a
b
e
l
l
a
 
4
5


I
s
a
b
e
l
l
e
 
1
4
4


I
s
a
i
 
9
3
8


I
s
a
i
a
h
 
4
7


I
s
a
i
a
s
 
5
6
6


I
s
i
a
h
 
3
4
2


I
s
i
d
r
o
 
9
4
7


I
s
i
s
 
5
5
5


I
s
m
a
e
l
 
3
4
0


I
s
r
a
e
l
 
2
4
4


I
s
s
a
c
 
4
5
7


I
t
z
e
l
 
5
9
4


I
v
a
n
 
1
5
3


I
v
a
n
a
 
8
6
4


I
v
y
 
3
5
2


I
y
a
n
a
 
9
9
0


I
z
a
b
e
l
l
a
 
7
9
8


I
z
a
i
a
h
 
6
5
9


J
a
b
a
r
i
 
8
4
7


J
a
c
e
 
3
1
0


J
a
c
e
y
 
7
2
1


J
a
c
k
 
4
6


J
a
c
k
e
l
i
n
e
 
7
2
9


J
a
c
k
i
e
 
8
0
8


J
a
c
k
l
y
n
 
8
0
7


J
a
c
k
s
o
n
 
7
2


J
a
c
l
y
n
 
4
5
2


J
a
c
o
b
 
1


J
a
c
o
b
y
 
8
2
4


J
a
c
q
u
e
l
i
n
e
 
6
3


J
a
c
q
u
e
l
y
n
 
3
5
9


J
a
d
a
 
8
4


J
a
d
e
 
1
1
6


J
a
d
e
n
 
1
5
4


J
a
d
e
n
 
3
8
5


J
a
d
o
n
 
5
1
5


J
a
d
y
n
 
6
4
0


J
a
e
d
e
n
 
9
4
8


J
a
e
l
y
n
 
6
1
6


J
a
i
d
a
 
6
9
2


J
a
i
d
e
n
 
6
0
3


J
a
i
d
e
n
 
7
3
8


J
a
i
l
y
n
 
9
8
4


J
a
i
m
e
 
2
6
2


J
a
i
m
e
 
7
3
7


J
a
i
r
o
 
6
6
1


J
a
k
a
y
l
a
 
9
3
0


J
a
k
e
 
9
6


J
a
k
o
b
 
1
7
3


J
a
l
e
e
l
 
1
0
0
0


J
a
l
e
n
 
1
0
6


J
a
l
o
n
 
9
5
6


J
a
l
y
n
 
6
8
8


J
a
m
a
l
 
3
6
6


J
a
m
a
r
 
6
1
7


J
a
m
a
r
c
u
s
 
9
7
7


J
a
m
a
r
i
 
7
4
3


J
a
m
e
l
 
7
9
9


J
a
m
e
s
 
1
8


J
a
m
e
s
o
n
 
7
3
6


J
a
m
i
e
 
1
5
5


J
a
m
i
e
 
5
0
1


J
a
m
i
l
 
8
3
4


J
a
m
i
r
 
9
5
7


J
a
m
i
s
o
n
 
6
2
9


J
a
n
 
8
3
5


J
a
n
a
 
9
3
8


J
a
n
a
e
 
4
7
0


J
a
n
e
 
4
3
5


J
a
n
e
l
l
e
 
4
7
1


J
a
n
e
s
s
a
 
6
8
6


J
a
n
e
t
 
4
1
3


J
a
n
i
c
e
 
7
4
3


J
a
n
i
y
a
 
9
5
5


J
a
q
u
a
n
 
4
4
5


J
a
q
u
e
l
i
n
 
7
7
0


J
a
q
u
e
l
i
n
e
 
2
6
8


J
a
r
e
d
 
5
6


J
a
r
e
n
 
6
8
6


J
a
r
o
d
 
4
1
6


J
a
r
o
n
 
5
8
3


J
a
r
r
e
d
 
4
7
2


J
a
r
r
e
t
t
 
2
9
9


J
a
r
r
o
d
 
5
3
4


J
a
r
v
i
s
 
7
6
5


J
a
s
m
i
n
 
1
9
3


J
a
s
m
i
n
e
 
2
7


J
a
s
m
y
n
 
8
7
0


J
a
s
o
n
 
3
9


J
a
s
p
e
r
 
5
9
2


J
a
v
i
e
r
 
1
5
5


J
a
v
i
o
n
 
9
4
9


J
a
v
o
n
 
3
7
1


J
a
v
o
n
t
e
 
9
6
5


J
a
x
o
n
 
4
7
7


J
a
x
s
o
n
 
8
3
9


J
a
y
 
3
2
8


J
a
y
c
e
 
6
0
4


J
a
y
c
e
e
 
8
5
2


J
a
y
d
a
 
4
3
8


J
a
y
d
e
 
9
8
5


J
a
y
d
e
n
 
1
9
4


J
a
y
d
e
n
 
4
9
5


J
a
y
d
o
n
 
7
1
3


J
a
y
l
a
 
2
6
1


J
a
y
l
a
n
 
6
3
2


J
a
y
l
e
n
 
2
2
4


J
a
y
l
i
n
 
4
6
0


J
a
y
l
i
n
 
8
7
1


J
a
y
l
o
n
 
4
3
0


J
a
y
s
o
n
 
3
7
0


J
a
z
l
y
n
 
6
6
4


J
a
z
m
i
n
 
2
2
6


J
a
z
m
i
n
e
 
2
3
7


J
a
z
m
y
n
 
6
6
5


J
a
z
m
y
n
e
 
9
2
3


J
e
a
n
 
6
2
8


J
e
a
n
e
t
t
e
 
7
8
7


J
e
f
f
 
9
2
9


J
e
f
f
e
r
s
o
n
 
7
1
6


J
e
f
f
e
r
y
 
3
3
3


J
e
f
f
r
e
y
 
1
0
4


J
e
n
a
 
9
8
9


J
e
n
i
f
e
r
 
7
1
0


J
e
n
n
a
 
6
4


J
e
n
n
i
f
e
r
 
2
6


J
e
n
n
y
 
3
6
1


J
e
r
e
m
i
a
h
 
1
0
3


J
e
r
e
m
y
 
8
4


J
e
r
m
a
i
n
e
 
4
4
4


J
e
r
o
m
e
 
4
9
5


J
e
r
r
y
 
2
6
4


J
e
s
s
e
 
8
1
1


J
e
s
s
e
 
9
0


J
e
s
s
i
c
a
 
8


J
e
s
s
i
e
 
4
0
0


J
e
s
s
i
e
 
4
4
7


J
e
s
u
s
 
7
6


J
e
t
t
 
6
4
3


J
e
v
o
n
 
6
3
5


J
e
w
e
l
 
6
0
7


J
i
l
l
 
9
8
6


J
i
l
l
i
a
n
 
1
2
0


J
i
m
m
i
e
 
9
5
0


J
i
m
m
y
 
2
7
2


J
o
a
n
 
9
1
3


J
o
a
n
a
 
9
1
6


J
o
a
n
n
a
 
2
3
8


J
o
a
n
n
e
 
9
4
3


J
o
a
q
u
i
n
 
5
6
3


J
o
c
e
l
y
n
 
1
2
2


J
o
e
 
3
1
5


J
o
e
l
 
1
1
2


J
o
e
l
l
e
 
9
0
2


J
o
e
y
 
4
8
8


J
o
h
a
n
 
9
0
3


J
o
h
a
n
n
a
 
4
6
9


J
o
h
n
 
1
4


J
o
h
n
a
t
h
a
n
 
1
5
7


J
o
h
n
a
t
h
o
n
 
3
7
7


J
o
h
n
n
i
e
 
9
5
1


J
o
h
n
n
y
 
2
3
4


J
o
l
i
e
 
8
2
1


J
o
n
 
3
5
4


J
o
n
a
h
 
1
9
2


J
o
n
a
s
 
5
2
6


J
o
n
a
t
h
a
n
 
2
1


J
o
n
a
t
h
o
n
 
2
2
6


J
o
r
d
a
n
 
3
6


J
o
r
d
a
n
 
5
0


J
o
r
d
e
n
 
7
8
1


J
o
r
d
o
n
 
4
6
7


J
o
r
d
y
 
8
0
2


J
o
r
d
y
n
 
1
8
6


J
o
r
g
e
 
1
0
7


J
o
s
e
 
3
4


J
o
s
e
f
 
8
1
2


J
o
s
e
l
y
n
 
6
5
0


J
o
s
e
p
h
 
8


J
o
s
e
p
h
i
n
e
 
2
8
8


J
o
s
h
 
8
2
1


J
o
s
h
u
a
 
4


J
o
s
i
a
h
 
1
8
1


J
o
s
i
e
 
3
2
7


J
o
s
u
e
 
2
4
8


J
o
v
a
n
 
6
8
2


J
o
v
a
n
i
 
8
7
3


J
o
v
a
n
y
 
9
8
6


J
o
y
 
4
5
8


J
o
y
c
e
 
6
6
9


J
u
a
n
 
4
8


J
u
a
n
i
t
a
 
8
3
7


J
u
d
a
h
 
8
1
6


J
u
d
e
 
6
7
9


J
u
d
i
t
h
 
6
1
7


J
u
l
i
a
 
2
9


J
u
l
i
a
n
 
8
7


J
u
l
i
a
n
a
 
2
4
1


J
u
l
i
a
n
n
a
 
2
4
9


J
u
l
i
a
n
n
e
 
5
1
5


J
u
l
i
e
 
1
9
0


J
u
l
i
e
n
 
6
3
6


J
u
l
i
e
t
 
6
2
3


J
u
l
i
e
t
t
e
 
6
5
7


J
u
l
i
o
 
2
5
6


J
u
l
i
s
s
a
 
3
6
9


J
u
l
i
u
s
 
4
8
3


J
u
n
i
o
r
 
6
7
4


J
u
s
t
i
c
e
 
3
8
8


J
u
s
t
i
c
e
 
5
4
7


J
u
s
t
i
n
 
1
9


J
u
s
t
i
n
e
 
4
7
3


J
u
s
t
u
s
 
6
9
3


J
u
s
t
y
n
 
8
5
6


K
a
c
e
y
 
8
4
3


K
a
c
i
 
9
5
2


K
a
c
i
e
 
6
3
3


K
a
d
e
 
4
1
8


K
a
d
e
n
 
2
7
3


K
a
d
i
n
 
8
5
2


K
a
e
l
a
 
8
7
2


K
a
e
l
y
n
 
6
5
1


K
a
i
 
4
0
4


K
a
i
a
 
9
0
3


K
a
i
d
e
n
 
8
4
0


K
a
i
l
a
 
4
6
2


K
a
i
l
e
e
 
5
0
2


K
a
i
l
e
y
 
3
0
2


K
a
i
l
y
n
 
5
9
2


K
a
i
t
l
i
n
 
1
5
8


K
a
i
t
l
y
n
 
3
0


K
a
i
t
l
y
n
n
 
3
6
8


K
a
l
e
 
9
8
7


K
a
l
e
b
 
1
4
1


K
a
l
e
i
g
h
 
4
1
4


K
a
l
e
y
 
5
2
0


K
a
l
i
 
4
2
7


K
a
l
l
i
e
 
7
7
3


K
a
l
y
n
 
8
5
8


K
a
m
e
r
o
n
 
2
6
6


K
a
m
e
r
o
n
 
9
6
0


K
a
m
r
e
n
 
9
7
3


K
a
m
r
o
n
 
6
7
7


K
a
m
r
y
n
 
3
3
6


K
a
n
e
 
5
9
4


K
a
r
a
 
1
9
2


K
a
r
e
e
m
 
6
1
9


K
a
r
e
n
 
1
5
4


K
a
r
i
 
7
8
4


K
a
r
i
n
a
 
1
5
9


K
a
r
i
s
s
a
 
4
3
4


K
a
r
l
 
5
6
4


K
a
r
l
a
 
2
0
3


K
a
r
l
e
e
 
6
1
0


K
a
r
l
e
y
 
8
3
0


K
a
r
l
i
 
6
3
5


K
a
r
l
i
e
 
6
7
0


K
a
r
l
y
 
6
9
7


K
a
r
s
o
n
 
7
2
5


K
a
s
a
n
d
r
a
 
7
6
8


K
a
s
e
y
 
3
8
6


K
a
s
e
y
 
7
6
0


K
a
s
s
a
n
d
r
a
 
2
8
4


K
a
s
s
i
d
y
 
3
1
2


K
a
t
a
r
i
n
a
 
6
4
6


K
a
t
e
 
2
2
5


K
a
t
e
l
i
n
 
6
1
8


K
a
t
e
l
y
n
 
5
4


K
a
t
e
l
y
n
n
 
2
2
9


K
a
t
e
r
i
n
a
 
9
1
7


K
a
t
h
a
r
i
n
e
 
6
6
8


K
a
t
h
e
r
i
n
e
 
3
3


K
a
t
h
l
e
e
n
 
2
0
4


K
a
t
h
r
y
n
 
8
9


K
a
t
h
y
 
6
5
3


K
a
t
i
a
 
8
7
3


K
a
t
i
e
 
9
7


K
a
t
l
y
n
 
3
2
9


K
a
t
l
y
n
n
 
9
8
7


K
a
t
r
i
n
a
 
2
3
6


K
a
t
y
 
9
6
1


K
a
v
o
n
 
9
3
9


K
a
y
a
 
7
5
7


K
a
y
d
e
n
 
7
8
2


K
a
y
l
a
 
1
3


K
a
y
l
a
h
 
7
8
5


K
a
y
l
a
n
 
9
8
8


K
a
y
l
e
e
 
7
2


K
a
y
l
e
i
g
h
 
3
4
8


K
a
y
l
e
y
 
6
4
5


K
a
y
l
i
 
7
5
8


K
a
y
l
i
e
 
3
8
1


K
a
y
l
i
n
 
4
4
9


K
a
y
l
y
n
 
5
8
8


K
a
y
l
y
n
n
 
7
4
9


K
e
a
g
a
n
 
7
3
0


K
e
a
n
u
 
7
7
1


K
e
a
r
a
 
8
5
7


K
e
a
t
o
n
 
3
5
3


K
e
e
g
a
n
 
2
8
3


K
e
e
l
e
y
 
9
9
1


K
e
e
l
y
 
6
0
8


K
e
e
n
a
n
 
5
3
2


K
e
i
r
a
 
9
4
9


K
e
i
t
h
 
2
2
2


K
e
l
l
e
n
 
6
6
8


K
e
l
l
i
 
5
3
9


K
e
l
l
i
e
 
6
4
7


K
e
l
l
y
 
1
1
1


K
e
l
l
y
 
8
0
3


K
e
l
s
e
y
 
8
8


K
e
l
s
i
 
7
5
4


K
e
l
s
i
e
 
4
3
9


K
e
l
t
o
n
 
8
5
7


K
e
l
v
i
n
 
3
8
9


K
e
n
d
a
l
l
 
1
9
1


K
e
n
d
a
l
l
 
3
5
9


K
e
n
d
r
a
 
1
8
7


K
e
n
d
r
i
c
k
 
4
5
6


K
e
n
i
a
 
9
9
2


K
e
n
n
a
 
9
9
3


K
e
n
n
e
d
i
 
7
8
8


K
e
n
n
e
d
y
 
1
3
9


K
e
n
n
e
d
y
 
9
5
2


K
e
n
n
e
t
h
 
9
4


K
e
n
n
y
 
4
3
1


K
e
n
t
 
7
7
2


K
e
n
y
a
 
5
0
8


K
e
n
y
o
n
 
7
7
3


K
e
n
z
i
e
 
6
8
7


K
e
o
n
 
6
4
4


K
e
s
h
a
u
n
 
9
2
5


K
e
s
h
a
w
n
 
5
5
4


K
e
v
e
n
 
8
0
9


K
e
v
i
n
 
3
2


K
e
v
o
n
 
3
9
3


K
e
y
o
n
 
7
5
7


K
e
y
s
h
a
w
n
 
5
1
9


K
h
a
l
i
d
 
7
8
3


K
h
a
l
i
l
 
4
0
5


K
i
a
n
 
9
4
0


K
i
a
n
a
 
2
7
6


K
i
a
n
n
a
 
6
2
8


K
i
a
r
a
 
1
3
0


K
i
a
r
r
a
 
8
3
9


K
i
e
r
a
 
4
4
4


K
i
e
r
a
n
 
5
2
8


K
i
e
r
r
a
 
3
7
6


K
i
e
r
s
t
e
n
 
4
4
3


K
i
l
e
y
 
4
5
0


K
i
m
b
e
r
l
y
 
5
8


K
i
n
s
e
y
 
8
7
6


K
i
r
a
 
2
9
2


K
i
r
k
 
8
4
8


K
i
r
s
t
e
n
 
2
5
5


K
i
r
s
t
i
n
 
9
6
7


K
o
b
e
 
2
3
8


K
o
b
y
 
5
3
3


K
o
d
y
 
3
4
9


K
o
l
b
y
 
5
4
2


K
o
l
e
 
6
8
7


K
o
l
t
o
n
 
6
1
2


K
o
r
b
i
n
 
9
6
1


K
o
r
e
y
 
8
2
2


K
o
r
i
 
9
7
3


K
o
r
y
 
7
3
7


K
o
u
r
t
n
e
y
 
6
8
0


K
r
i
s
t
a
 
4
0
8


K
r
i
s
t
e
n
 
1
4
2


K
r
i
s
t
i
a
n
 
4
2
1


K
r
i
s
t
i
n
 
3
0
1


K
r
i
s
t
i
n
a
 
2
1
8


K
r
i
s
t
i
n
e
 
7
3
9


K
r
i
s
t
o
f
e
r
 
8
3
0


K
r
i
s
t
o
p
h
e
r
 
2
9
4


K
r
i
s
t
y
 
8
3
4


K
r
y
s
t
a
l
 
3
4
6


K
u
r
t
 
6
1
0


K
u
r
t
i
s
 
7
2
1


K
y
l
a
 
2
3
5


K
y
l
a
n
 
9
9
0


K
y
l
e
 
3
7


K
y
l
e
e
 
1
9
7


K
y
l
e
i
g
h
 
5
8
4


K
y
l
e
r
 
3
0
6


K
y
l
i
e
 
1
0
4


K
y
r
a
 
2
0
2


L
a
c
e
y
 
3
7
1


L
a
d
a
r
i
u
s
 
9
2
1


L
a
i
l
a
 
6
4
3


L
a
i
s
h
a
 
9
8
0


L
a
m
a
r
 
6
3
9


L
a
m
o
n
t
 
7
7
5


L
a
n
c
e
 
2
6
7


L
a
n
d
e
n
 
7
1
4


L
a
n
d
o
n
 
2
0
0


L
a
n
e
 
2
9
6


L
a
n
e
y
 
7
0
3


L
a
r
a
 
8
4
8


L
a
r
i
s
s
a
 
4
8
5


L
a
r
r
y
 
2
8
0


L
a
t
r
e
l
l
 
6
8
8


L
a
u
r
a
 
8
5


L
a
u
r
e
l
 
5
6
5


L
a
u
r
e
n
 
1
1


L
a
u
r
y
n
 
2
2
4


L
a
w
r
e
n
c
e
 
3
2
3


L
a
w
s
o
n
 
9
5
9


L
a
y
l
a
 
4
0
7


L
a
y
n
e
 
7
7
8


L
e
a
 
6
6
3


L
e
a
h
 
9
6


L
e
a
n
n
 
9
8
1


L
e
a
n
n
a
 
6
1
5


L
e
e
 
4
7
1


L
e
i
l
a
 
5
9
5


L
e
i
l
a
n
i
 
5
2
3


L
e
n
a
 
5
5
7


L
e
o
 
3
9
0


L
e
o
n
 
5
0
3


L
e
o
n
a
r
d
 
5
0
8


L
e
o
n
a
r
d
o
 
2
5
3


L
e
o
n
e
l
 
5
2
3


L
e
r
o
y
 
7
2
2


L
e
s
l
e
y
 
4
2
9


L
e
s
l
i
e
 
9
0


L
e
s
l
y
 
3
8
9


L
e
t
i
c
i
a
 
5
5
8


L
e
v
i
 
1
7
2


L
e
w
i
s
 
5
7
3


L
e
x
i
 
4
4
1


L
e
x
i
e
 
5
5
4


L
e
x
u
s
 
6
7
1


L
i
a
 
7
6
2


L
i
a
m
 
1
4
0


L
i
a
n
a
 
8
0
8


L
i
l
a
 
7
5
1


L
i
l
i
a
n
 
7
0
6


L
i
l
i
a
n
a
 
3
0
0


L
i
l
l
i
a
n
 
1
2
9


L
i
l
l
i
a
n
a
 
9
3
4


L
i
l
l
i
e
 
7
5
9


L
i
l
l
y
 
4
3
1


L
i
l
y
 
1
2
4


L
i
n
c
o
l
n
 
7
1
1


L
i
n
d
a
 
3
5
7


L
i
n
d
s
a
y
 
1
7
9


L
i
n
d
s
e
y
 
1
0
3


L
i
o
n
e
l
 
9
9
7


L
i
s
a
 
2
9
6


L
i
s
e
t
t
e
 
8
5
9


L
i
t
z
y
 
3
9
6


L
i
z
b
e
t
h
 
3
6
3


L
i
z
e
t
h
 
6
7
7


L
i
z
e
t
t
e
 
7
0
7


L
l
o
y
d
 
9
2
2


L
o
g
a
n
 
3
1
8


L
o
g
a
n
 
4
0


L
o
n
d
o
n
 
8
2
8


L
o
n
d
o
n
 
8
9
5


L
o
n
n
i
e
 
8
2
5


L
o
r
e
n
 
7
0
4


L
o
r
e
n
a
 
5
1
7


L
o
r
e
n
z
o
 
3
1
4


L
o
r
i
 
8
6
5


L
o
u
i
s
 
2
7
9


L
o
u
r
d
e
s
 
9
6
2


L
u
c
a
 
6
2
6


L
u
c
a
s
 
8
3


L
u
c
i
a
 
4
9
0


L
u
c
i
a
n
o
 
8
7
9


L
u
c
y
 
3
2
3


L
u
i
s
 
4
9


L
u
i
s
a
 
9
7
6


L
u
k
a
s
 
3
6
7


L
u
k
e
 
5
9


L
u
z
 
5
3
3


L
y
d
i
a
 
1
4
9


L
y
n
d
s
e
y
 
6
3
7


L
y
r
i
c
 
7
9
9


M
a
c
e
y
 
5
1
2


M
a
c
i
 
7
6
4


M
a
c
i
e
 
4
8
7


M
a
c
k
e
n
z
i
e
 
4
3


M
a
c
k
e
n
z
i
e
 
6
9
7


M
a
c
y
 
2
3
2


M
a
d
a
l
y
n
 
3
8
3


M
a
d
d
i
s
o
n
 
4
3
6


M
a
d
e
l
e
i
n
e
 
2
7
8


M
a
d
e
l
i
n
e
 
5
6


M
a
d
e
l
y
n
 
1
2
5


M
a
d
e
l
y
n
n
 
5
4
1


M
a
d
i
l
y
n
 
6
4
1


M
a
d
i
s
e
n
 
6
5
2


M
a
d
i
s
o
n
 
3


M
a
d
i
s
y
n
 
4
5
3


M
a
d
y
s
o
n
 
4
7
2


M
a
e
g
a
n
 
7
7
4


M
a
e
v
e
 
7
7
5


M
a
g
d
a
l
e
n
a
 
8
9
9


M
a
g
g
i
e
 
1
9
8


M
a
i
a
 
5
4
8


M
a
i
y
a
 
9
9
4


M
a
k
a
y
l
a
 
6
7


M
a
k
e
n
n
a
 
2
7
7


M
a
k
e
n
z
i
e
 
1
9
9


M
a
l
a
c
h
i
 
3
5
1


M
a
l
c
o
l
m
 
3
6
8


M
a
l
i
a
 
4
9
8


M
a
l
i
k
 
1
7
6


M
a
l
l
o
r
y
 
2
1
3


M
a
n
d
y
 
9
9
5


M
a
n
u
e
l
 
1
5
9


M
a
r
a
 
6
0
6


M
a
r
a
n
d
a
 
8
6
6


M
a
r
c
 
2
2
8


M
a
r
c
e
l
 
7
5
0


M
a
r
c
e
l
o
 
8
4
9


M
a
r
c
o
 
1
8
2


M
a
r
c
o
s
 
2
4
1


M
a
r
c
u
s
 
9
9


M
a
r
g
a
r
e
t
 
1
1
0


M
a
r
g
a
r
i
t
a
 
6
5
4


M
a
r
i
a
 
4
1


M
a
r
i
a
h
 
7
6


M
a
r
i
a
m
 
6
8
3


M
a
r
i
a
n
 
7
3
5


M
a
r
i
a
n
a
 
3
3
2


M
a
r
i
a
n
n
a
 
7
9
5


M
a
r
i
a
n
o
 
9
2
0


M
a
r
i
b
e
l
 
6
4
8


M
a
r
i
e
 
3
7
3


M
a
r
i
e
l
a
 
7
4
5


M
a
r
i
l
y
n
 
5
1
0


M
a
r
i
n
a
 
3
5
0


M
a
r
i
o
 
1
6
7


M
a
r
i
s
a
 
3
0
3


M
a
r
i
s
o
l
 
3
9
4


M
a
r
i
s
s
a
 
7
8


M
a
r
i
t
z
a
 
5
5
3


M
a
r
k
 
7
9


M
a
r
k
u
s
 
6
2
4


M
a
r
l
e
e
 
9
6
8


M
a
r
l
e
n
 
9
9
8


M
a
r
l
e
n
e
 
5
1
3


M
a
r
l
e
y
 
6
9
5


M
a
r
l
o
n
 
5
0
6


M
a
r
q
u
e
s
 
9
1
4


M
a
r
q
u
e
z
 
7
8
7


M
a
r
q
u
i
s
 
4
2
2


M
a
r
q
u
i
s
e
 
5
8
8


M
a
r
s
h
a
l
l
 
3
4
4


M
a
r
t
h
a
 
3
7
5


M
a
r
t
i
n
 
1
7
5


M
a
r
t
i
n
a
 
9
2
0


M
a
r
v
i
n
 
3
4
1


M
a
r
y
 
4
7


M
a
r
y
a
m
 
9
2
1


M
a
s
o
n
 
6
4


M
a
t
e
o
 
4
2
9


M
a
t
h
e
w
 
2
5
0


M
a
t
t
e
o
 
8
9
6


M
a
t
t
h
e
w
 
3


M
a
t
t
i
e
 
7
8
1


M
a
u
r
a
 
7
5
0


M
a
u
r
i
c
e
 
3
4
5


M
a
u
r
i
c
i
o
 
4
1
3


M
a
v
e
r
i
c
k
 
8
6
5


M
a
x
 
1
6
4


M
a
x
i
m
 
9
6
2


M
a
x
i
m
i
l
i
a
n
 
3
9
1


M
a
x
i
m
i
l
l
i
a
n
 
7
0
2


M
a
x
i
m
u
s
 
8
5
3


M
a
x
w
e
l
l
 
1
1
3


M
a
y
a
 
1
1
3


M
a
y
r
a
 
4
7
8


M
c
k
a
y
l
a
 
4
3
0


M
c
k
e
n
n
a
 
1
8
8


M
c
k
e
n
z
i
e
 
1
3
3


M
e
a
g
a
n
 
3
5
5


M
e
a
g
h
a
n
 
6
8
9


M
e
g
a
n
 
1
8


M
e
g
h
a
n
 
1
3
4


M
e
k
h
i
 
9
3
3


M
e
l
a
n
i
e
 
1
1
4


M
e
l
i
n
a
 
5
4
3


M
e
l
i
n
d
a
 
6
9
8


M
e
l
i
s
a
 
9
9
9


M
e
l
i
s
s
a
 
7
1


M
e
l
o
d
y
 
3
9
8


M
e
l
v
i
n
 
4
5
9


M
e
r
c
e
d
e
s
 
2
8
5


M
e
r
e
d
i
t
h
 
2
9
3


M
i
a
 
9
4


M
i
c
a
e
l
a
 
6
1
1


M
i
c
a
h
 
1
8
6


M
i
c
a
h
 
6
4
2


M
i
c
h
a
e
l
 
2


M
i
c
h
a
e
l
a
 
1
5
3


M
i
c
h
e
a
l
 
3
0
2


M
i
c
h
e
l
e
 
8
9
1


M
i
c
h
e
l
l
e
 
5
2


M
i
g
u
e
l
 
8
6


M
i
k
a
e
l
a
 
3
7
9


M
i
k
a
y
l
a
 
1
0
8


M
i
k
e
 
5
9
9


M
i
k
e
l
 
8
5
0


M
i
l
e
s
 
2
5
7


M
i
l
t
o
n
 
6
5
2


M
i
r
a
c
l
e
 
5
2
4


M
i
r
a
n
d
a
 
1
1
2


M
i
r
e
y
a
 
8
9
5


M
i
r
i
a
m
 
2
8
1


M
i
s
a
e
l
 
6
8
9


M
i
s
t
y
 
9
0
7


M
i
t
c
h
e
l
 
7
5
1


M
i
t
c
h
e
l
l
 
1
3
2


M
o
h
a
m
e
d
 
4
7
3


M
o
h
a
m
m
a
d
 
4
6
6


M
o
h
a
m
m
e
d
 
5
2
0


M
o
i
s
e
s
 
3
2
2


M
o
l
l
i
e
 
5
8
1


M
o
l
l
y
 
9
5


M
o
n
i
c
a
 
1
6
7


M
o
n
i
q
u
e
 
3
4
2


M
o
n
s
e
r
r
a
t
 
8
6
0


M
o
n
t
a
n
a
 
5
9
3


M
o
r
g
a
n
 
2
5


M
o
r
g
a
n
 
3
3
2


M
o
r
i
a
h
 
6
7
4


M
o
s
e
s
 
4
6
1


M
o
s
h
e
 
6
6
0


M
u
h
a
m
m
a
d
 
6
2
0


M
y
a
 
1
7
5


M
y
a
h
 
8
3
1


M
y
l
e
s
 
2
9
0


M
y
r
a
 
9
3
5


M
y
r
o
n
 
9
2
3


N
a
d
i
a
 
2
5
6


N
a
d
i
n
e
 
8
8
8


N
a
n
c
y
 
2
3
3


N
a
o
m
i
 
1
8
5


N
a
s
h
 
9
1
8


N
a
s
i
r
 
5
6
0


N
a
t
a
l
i
a
 
2
1
9


N
a
t
a
l
i
e
 
3
4


N
a
t
a
l
y
 
7
0
0


N
a
t
a
s
h
a
 
2
8
0


N
a
t
h
a
l
i
e
 
5
7
1


N
a
t
h
a
n
 
3
0


N
a
t
h
a
n
a
e
l
 
4
0
8


N
a
t
h
a
n
i
a
l
 
5
8
4


N
a
t
h
a
n
i
e
l
 
6
1


N
a
t
h
e
n
 
8
7
4


N
a
y
e
l
i
 
6
0
5


N
e
a
l
 
8
9
2


N
e
h
a
 
9
6
9


N
e
h
e
m
i
a
h
 
6
9
8


N
e
i
l
 
4
9
6


N
e
l
s
o
n
 
4
1
7


N
e
s
t
o
r
 
7
2
7


N
i
a
 
3
0
7


N
i
c
h
o
l
a
s
 
6


N
i
c
h
o
l
e
 
4
9
4


N
i
c
k
 
7
6
7


N
i
c
k
l
a
u
s
 
9
8
8


N
i
c
k
o
l
a
s
 
2
8
1


N
i
c
o
 
8
4
1


N
i
c
o
l
a
s
 
1
3
7


N
i
c
o
l
e
 
3
1


N
i
c
o
l
e
t
t
e
 
5
8
9


N
i
g
e
l
 
5
7
6


N
i
k
h
i
l
 
8
6
6


N
i
k
i
t
a
 
8
8
2


N
i
k
k
i
 
5
8
5


N
i
k
o
l
a
s
 
3
5
7


N
i
n
a
 
2
2
1


N
o
a
h
 
2
7


N
o
e
 
4
9
0


N
o
e
l
 
4
0
7


N
o
e
l
i
a
 
7
8
2


N
o
e
l
l
e
 
4
0
3


N
o
e
m
i
 
6
0
2


N
o
l
a
n
 
1
8
0


N
o
r
a
 
5
0
1


N
o
r
m
a
 
9
0
4


N
o
r
m
a
n
 
6
7
1


N
y
a
 
7
8
6


N
y
a
h
 
7
8
9


N
y
a
s
i
a
 
9
3
1


O
c
t
a
v
i
o
 
6
8
3


O
d
a
l
y
s
 
9
5
6


O
l
i
v
e
r
 
3
0
5


O
l
i
v
i
a
 
1
6


O
m
a
r
 
1
4
6


O
m
a
r
i
 
9
2
4


O
r
i
o
n
 
5
5
3


O
r
l
a
n
d
o
 
4
0
1


O
s
c
a
r
 
1
2
2


O
s
v
a
l
d
o
 
5
4
0


O
w
e
n
 
1
4
5


P
a
b
l
o
 
2
9
8


P
a
i
g
e
 
6
9


P
a
l
o
m
a
 
8
9
6


P
a
m
e
l
a
 
4
5
6


P
a
o
l
a
 
3
2
0


P
a
r
i
s
 
4
7
4


P
a
r
i
s
 
8
1
7


P
a
r
k
e
r
 
1
2
7


P
a
r
k
e
r
 
8
6
7


P
a
t
i
e
n
c
e
 
8
9
7


P
a
t
r
i
c
i
a
 
2
2
8


P
a
t
r
i
c
k
 
6
8


P
a
u
l
 
1
0
0


P
a
u
l
a
 
5
7
2


P
a
u
l
i
n
a
 
4
7
7


P
a
x
t
o
n
 
9
4
1


P
a
y
t
o
n
 
1
6
3


P
a
y
t
o
n
 
2
1
9


P
e
d
r
o
 
2
1
0


P
e
r
l
a
 
5
1
8


P
e
r
r
y
 
6
8
4


P
e
t
e
r
 
1
2
5


P
e
y
t
o
n
 
1
6
8


P
e
y
t
o
n
 
1
8
3


P
h
i
l
i
p
 
2
5
5


P
h
i
l
l
i
p
 
1
9
8


P
h
o
e
b
e
 
4
4
0


P
h
o
e
n
i
x
 
8
7
5


P
i
e
r
c
e
 
4
9
8


P
i
e
r
r
e
 
9
2
6


P
i
p
e
r
 
5
0
9


P
o
r
t
e
r
 
8
0
4


P
r
e
c
i
o
u
s
 
4
3
7


P
r
e
s
l
e
y
 
7
9
0


P
r
e
s
t
o
n
 
1
4
2


P
r
i
n
c
e
 
8
8
7


P
r
i
n
c
e
s
s
 
8
1
5


P
r
i
s
c
i
l
l
a
 
2
7
5


Q
u
e
n
t
i
n
 
3
2
5


Q
u
i
n
c
y
 
5
0
7


Q
u
i
n
n
 
3
1
1


Q
u
i
n
n
 
7
6
9


Q
u
i
n
t
e
n
 
6
9
1


Q
u
i
n
t
i
n
 
5
7
0


Q
u
i
n
t
o
n
 
3
7
9


R
a
c
h
a
e
l
 
2
2
7


R
a
c
h
e
l
 
2
1


R
a
c
h
e
l
l
e
 
8
0
5


R
a
e
g
a
n
 
6
2
1


R
a
f
a
e
l
 
2
3
0


R
a
h
e
e
m
 
9
1
9


R
a
h
u
l
 
8
1
8


R
a
i
n
a
 
9
6
3


R
a
l
p
h
 
5
8
6


R
a
m
i
r
o
 
4
9
7


R
a
m
o
n
 
3
1
9


R
a
n
d
a
l
l
 
4
4
2


R
a
n
d
i
 
8
6
1


R
a
n
d
y
 
2
7
8


R
a
p
h
a
e
l
 
6
2
1


R
a
q
u
e
l
 
3
4
1


R
a
s
h
a
d
 
6
4
6


R
a
s
h
a
w
n
 
8
4
2


R
a
s
h
e
e
d
 
9
4
2


R
a
u
l
 
2
2
3


R
a
v
e
n
 
2
1
6


R
a
v
e
n
 
8
9
8


R
a
y
 
5
1
6


R
a
y
m
o
n
d
 
1
6
2


R
a
y
m
u
n
d
o
 
8
1
3


R
a
y
n
a
 
9
9
6


R
e
a
g
a
n
 
2
8
6


R
e
a
g
a
n
 
8
7
6


R
e
a
n
n
a
 
8
6
2


R
e
b
e
c
a
 
7
0
8


R
e
b
e
c
c
a
 
3
9


R
e
b
e
k
a
h
 
1
7
3


R
e
e
c
e
 
3
8
6


R
e
e
d
 
4
5
0


R
e
e
s
e
 
4
1
9


R
e
e
s
e
 
8
8
6


R
e
g
a
n
 
4
6
7


R
e
g
i
n
a
 
5
3
1


R
e
g
i
n
a
l
d
 
3
7
2


R
e
i
d
 
4
3
9


R
e
i
l
l
y
 
7
9
2


R
e
i
l
l
y
 
8
2
6


R
e
i
n
a
 
8
5
0


R
e
m
i
n
g
t
o
n
 
7
9
2


R
e
n
e
 
3
8
7


R
e
n
e
e
 
3
6
2


R
e
u
b
e
n
 
8
0
5


R
e
y
 
9
8
1


R
e
y
n
a
 
5
8
7


R
e
y
n
a
l
d
o
 
7
5
8


R
h
e
t
t
 
6
7
5


R
h
i
a
n
n
a
 
9
8
2


R
h
i
a
n
n
o
n
 
4
5
4


R
i
c
a
r
d
o
 
1
3
4


R
i
c
h
a
r
d
 
6
5


R
i
c
k
 
9
3
0


R
i
c
k
e
y
 
8
8
8


R
i
c
k
y
 
2
9
5


R
i
g
o
b
e
r
t
o
 
6
8
0


R
i
l
e
y
 
1
0
9


R
i
l
e
y
 
1
3
1


R
i
t
a
 
8
8
3


R
i
v
e
r
 
6
1
1


R
o
b
e
r
t
 
2
9


R
o
b
e
r
t
o
 
1
8
7


R
o
b
i
n
 
5
9
9


R
o
b
y
n
 
6
8
4


R
o
c
i
o
 
7
7
6


R
o
c
k
y
 
9
0
8


R
o
d
e
r
i
c
k
 
6
1
4


R
o
d
n
e
y
 
3
4
3


R
o
d
o
l
f
o
 
4
2
3


R
o
d
r
i
g
o
 
3
8
4


R
o
g
e
l
i
o
 
4
8
1


R
o
g
e
r
 
3
7
3


R
o
h
a
n
 
6
1
8


R
o
l
a
n
d
 
6
9
0


R
o
l
a
n
d
o
 
5
1
8


R
o
m
a
n
 
3
2
1


R
o
m
e
o
 
6
0
7


R
o
n
a
l
d
 
2
0
3


R
o
n
a
l
d
o
 
8
8
6


R
o
n
n
i
e
 
4
8
2


R
o
r
y
 
6
3
0


R
o
s
a
 
3
1
6


R
o
s
a
l
i
n
d
a
 
7
0
1


R
o
s
e
 
2
9
9


R
o
s
e
m
a
r
y
 
6
3
4


R
o
s
s
 
4
3
3


R
o
w
a
n
 
9
6
9


R
o
x
a
n
n
e
 
9
5
0


R
o
y
 
4
0
2


R
o
y
c
e
 
8
8
4


R
u
b
e
n
 
2
0
7


R
u
b
y
 
2
6
0


R
u
d
y
 
5
5
7


R
u
s
s
e
l
l
 
3
2
0


R
u
t
h
 
3
4
4


R
y
a
n
 
1
3


R
y
a
n
 
5
7
9


R
y
a
n
n
 
8
4
0


R
y
d
e
r
 
7
9
5


R
y
l
a
n
 
5
6
7


R
y
l
e
e
 
2
9
0


R
y
l
e
i
g
h
 
8
3
5


R
y
l
e
y
 
9
0
4


R
y
l
i
e
 
6
3
1


S
a
b
a
s
t
i
a
n
 
9
3
4


S
a
b
r
i
n
a
 
9
2


S
a
d
i
e
 
2
4
6


S
a
g
e
 
4
8
9


S
a
g
e
 
5
4
3


S
a
i
g
e
 
9
3
9


S
a
l
l
y
 
7
0
5


S
a
l
m
a
 
6
7
5


S
a
l
v
a
d
o
r
 
3
3
0


S
a
l
v
a
t
o
r
e
 
5
8
2


S
a
m
 
4
6
2


S
a
m
a
n
t
h
a
 
7


S
a
m
a
r
a
 
8
8
9


S
a
m
i
r
 
8
3
1


S
a
m
m
y
 
7
6
1


S
a
m
s
o
n
 
8
9
9


S
a
m
u
e
l
 
2
8


S
a
n
d
r
a
 
2
5
7


S
a
n
d
y
 
6
4
9


S
a
n
t
i
a
g
o
 
3
6
0


S
a
n
t
o
s
 
7
4
8


S
a
r
a
 
5
7


S
a
r
a
h
 
5


S
a
r
a
i
 
5
6
0


S
a
r
i
n
a
 
8
2
6


S
a
s
h
a
 
4
7
6


S
a
u
l
 
2
8
6


S
a
v
a
n
a
 
7
3
0


S
a
v
a
n
a
h
 
5
9
0


S
a
v
a
n
n
a
 
2
1
0


S
a
v
a
n
n
a
h
 
3
7


S
a
v
i
o
n
 
8
1
9


S
a
w
y
e
r
 
4
5
8


S
c
a
r
l
e
t
t
 
9
4
1


S
c
o
t
t
 
1
5
8


S
e
a
m
u
s
 
8
2
7


S
e
a
n
 
5
7


S
e
b
a
s
t
i
a
n
 
8
1


S
e
l
e
n
a
 
1
9
4


S
e
l
i
n
a
 
8
1
2


S
e
r
e
n
a
 
2
0
9


S
e
r
e
n
i
t
y
 
4
3
3


S
e
r
g
i
o
 
1
7
9


S
e
t
h
 
6
3


S
h
a
i
n
a
 
7
9
3


S
h
a
k
i
r
a
 
8
4
4


S
h
a
m
a
r
 
5
4
9


S
h
a
n
e
 
1
1
6


S
h
a
n
i
a
 
2
9
1


S
h
a
n
i
y
a
 
9
2
4


S
h
a
n
n
o
n
 
1
5
2


S
h
a
n
n
o
n
 
7
2
3


S
h
a
r
o
n
 
4
2
0


S
h
a
u
n
 
3
5
5


S
h
a
w
n
 
1
3
5


S
h
a
w
n
a
 
6
9
4


S
h
a
y
l
a
 
3
1
3


S
h
a
y
l
e
e
 
8
3
2


S
h
a
y
n
a
 
5
8
2


S
h
a
y
n
e
 
7
2
4


S
h
e
a
 
7
2
3


S
h
e
a
 
9
3
5


S
h
e
i
l
a
 
6
9
0


S
h
e
l
b
y
 
7
0


S
h
e
l
d
o
n
 
6
2
3


S
h
e
m
a
r
 
6
7
2


S
h
e
r
i
d
a
n
 
8
4
5


S
h
i
r
l
e
y
 
8
5
1


S
h
y
a
n
n
 
7
6
5


S
h
y
a
n
n
e
 
5
3
2


S
i
d
n
e
y
 
2
6
4


S
i
d
n
e
y
 
5
9
5


S
i
e
n
n
a
 
6
1
9


S
i
e
r
r
a
 
5
3


S
i
l
a
s
 
6
0
0


S
i
l
v
i
a
 
8
5
3


S
i
m
e
o
n
 
9
0
9


S
i
m
o
n
 
2
6
3


S
i
m
o
n
e
 
5
8
3


S
i
n
c
e
r
e
 
8
4
6


S
k
y
 
1
0
0
0


S
k
y
e
 
4
8
0


S
k
y
l
a
 
6
6
6


S
k
y
l
a
r
 
1
3
5


S
k
y
l
a
r
 
3
5
6


S
k
y
l
e
r
 
2
2
9


S
k
y
l
e
r
 
2
5
0


S
o
f
i
a
 
1
6
1


S
o
l
o
m
o
n
 
4
6
3


S
o
n
i
a
 
5
0
6


S
o
n
n
y
 
8
6
9


S
o
n
y
a
 
8
9
2


S
o
p
h
i
a
 
4
2


S
o
p
h
i
e
 
1
6
0


S
p
e
n
c
e
r
 
9
8


S
t
a
c
e
y
 
6
8
2


S
t
a
c
y
 
5
9
7


S
t
a
n
l
e
y
 
5
0
5


S
t
e
f
a
n
 
5
7
1


S
t
e
f
a
n
i
e
 
8
8
7


S
t
e
l
l
a
 
6
5
6


S
t
e
p
h
a
n
 
7
1
8


S
t
e
p
h
a
n
i
e
 
4
0


S
t
e
p
h
a
n
y
 
7
2
7


S
t
e
p
h
e
n
 
9
5


S
t
e
p
h
o
n
 
7
2
6


S
t
e
r
l
i
n
g
 
5
6
8


S
t
e
v
e
 
3
9
4


S
t
e
v
e
n
 
5
4


S
t
o
n
e
 
7
1
9


S
t
u
a
r
t
 
6
6
5


S
u
m
m
e
r
 
1
4
5


S
u
s
a
n
 
4
2
2


S
u
s
a
n
a
 
7
1
7


S
y
d
n
e
e
 
5
4
0


S
y
d
n
e
y
 
2
3


S
y
d
n
i
 
5
5
9


S
y
d
n
i
e
 
6
8
1


S
y
e
d
 
7
5
4


S
y
l
v
i
a
 
5
0
5


T
a
b
i
t
h
a
 
3
1
9


T
a
l
i
a
 
3
7
8


T
a
l
o
n
 
7
0
1


T
a
m
a
r
a
 
4
1
7


T
a
m
i
a
 
4
2
4


T
a
n
i
a
 
4
5
7


T
a
n
n
e
r
 
9
3


T
a
n
y
a
 
5
7
3


T
a
r
a
 
2
3
9


T
a
r
i
q
 
6
4
8


T
a
r
y
n
 
4
4
7


T
a
t
e
 
4
3
7


T
a
t
i
a
n
a
 
2
5
2


T
a
t
i
a
n
n
a
 
8
5
4


T
a
t
u
m
 
4
1
9


T
a
t
y
a
n
a
 
3
9
7


T
a
y
a
 
9
0
5


T
a
y
l
e
r
 
5
1
4


T
a
y
l
o
r
 
1
3
6


T
a
y
l
o
r
 
9


T
e
a
g
a
n
 
8
3
8


T
e
r
e
n
c
e
 
7
9
7


T
e
r
e
s
a
 
3
4
3


T
e
r
r
a
n
c
e
 
4
0
3


T
e
r
r
e
l
l
 
4
0
9


T
e
r
r
e
n
c
e
 
4
8
6


T
e
r
r
y
 
3
3
1


T
e
s
s
 
5
4
9


T
e
s
s
a
 
2
6
6


T
e
v
i
n
 
8
0
0


T
h
a
d
d
e
u
s
 
7
6
2


T
h
a
l
i
a
 
6
3
0


T
h
e
o
d
o
r
e
 
3
1
2


T
h
e
r
e
s
a
 
4
1
6


T
h
o
m
a
s
 
3
3


T
i
a
 
4
0
6


T
i
a
n
a
 
3
4
9


T
i
a
n
n
a
 
4
8
6


T
i
a
r
a
 
3
7
7


T
i
e
r
r
a
 
5
3
4


T
i
f
f
a
n
y
 
1
0
1


T
i
m
o
t
h
y
 
5
8


T
i
n
a
 
5
7
4


T
i
t
u
s
 
6
3
3


T
o
b
i
a
s
 
5
8
9


T
o
b
y
 
5
3
8


T
o
d
d
 
4
2
6


T
o
m
a
s
 
4
7
6


T
o
m
m
y
 
3
0
7


T
o
n
i
 
5
4
5


T
o
n
y
 
2
8
2


T
o
r
i
 
2
6
3


T
r
a
c
e
 
5
4
7


T
r
a
c
y
 
7
0
9


T
r
a
v
i
s
 
1
1
5


T
r
a
v
o
n
 
6
6
9


T
r
e
 
6
2
7


T
r
e
n
t
 
2
3
2


T
r
e
n
t
o
n
 
1
7
8


T
r
e
v
e
r
 
8
0
6


T
r
e
v
i
o
n
 
9
1
0


T
r
e
v
o
n
 
3
6
2


T
r
e
v
o
r
 
7
5


T
r
e
y
 
2
1
5


T
r
e
y
v
o
n
 
9
9
1


T
r
i
n
i
t
y
 
7
4


T
r
i
s
h
a
 
9
0
8


T
r
i
s
t
a
n
 
1
0
5


T
r
i
s
t
e
n
 
3
2
7


T
r
i
s
t
i
a
n
 
7
3
1


T
r
i
s
t
i
n
 
5
2
1


T
r
i
s
t
o
n
 
4
4
3


T
r
o
y
 
2
2
5


T
r
y
s
t
a
n
 
9
0
7


T
u
c
k
e
r
 
2
8
8


T
u
r
n
e
r
 
9
0
0


T
y
 
2
5
9


T
y
l
e
r
 
1
0


T
y
l
e
r
 
4
1
5


T
y
l
o
r
 
6
0
1


T
y
r
a
 
4
4
8


T
y
r
e
e
 
4
9
3


T
y
r
e
e
k
 
9
1
5


T
y
r
e
k
 
8
8
0


T
y
r
e
l
l
 
4
9
2


T
y
r
e
s
e
 
3
2
6


T
y
r
i
q
u
e
 
9
5
3


T
y
r
o
n
e
 
4
1
1


T
y
s
h
a
w
n
 
8
8
5


T
y
s
o
n
 
3
3
5


U
l
i
s
e
s
 
5
5
5


U
l
y
s
s
e
s
 
7
7
6


U
n
i
q
u
e
 
8
9
0


U
r
i
e
l
 
4
7
8


V
a
l
e
n
t
i
n
 
9
5
8


V
a
l
e
n
t
i
n
a
 
7
1
4


V
a
l
e
r
i
a
 
2
2
2


V
a
l
e
r
i
e
 
1
6
6


V
a
n
e
s
s
a
 
6
2


V
a
u
g
h
n
 
9
1
6


V
e
r
n
o
n
 
8
4
3


V
e
r
o
n
i
c
a
 
1
4
3


V
i
c
e
n
t
e
 
5
5
9


V
i
c
t
o
r
 
9
7


V
i
c
t
o
r
i
a
 
2
0


V
i
n
c
e
n
t
 
1
2
0


V
i
n
c
e
n
z
o
 
9
9
2


V
i
o
l
e
t
 
7
4
1


V
i
r
g
i
n
i
a
 
3
6
6


V
i
v
i
a
n
 
2
7
2


V
i
v
i
a
n
a
 
3
9
1


W
a
d
e
 
4
7
4


W
a
l
k
e
r
 
4
2
8


W
a
l
t
e
r
 
3
0
8


W
a
r
r
e
n
 
4
4
0


W
a
y
n
e
 
5
0
9


W
e
n
d
y
 
3
1
7


W
e
s
l
e
y
 
1
7
1


W
e
s
t
o
n
 
3
9
8


W
h
i
t
n
e
y
 
2
7
0


W
i
l
l
 
5
1
0


W
i
l
l
i
a
m
 
1
1


W
i
l
l
i
e
 
4
1
0


W
i
l
l
o
w
 
7
6
0


W
i
l
s
o
n
 
5
2
5


W
i
n
s
t
o
n
 
7
0
7


W
y
a
t
t
 
1
1
1


X
a
n
d
e
r
 
9
2
7


X
a
v
i
e
r
 
1
0
2


X
z
a
v
i
e
r
 
8
7
2


Y
a
d
i
r
a
 
7
9
1


Y
a
m
i
l
e
t
 
8
4
1


Y
a
s
m
e
e
n
 
9
7
7


Y
a
s
m
i
n
 
4
2
3


Y
a
s
m
i
n
e
 
4
1
8


Y
a
z
m
i
n
 
8
7
9


Y
e
s
e
n
i
a
 
2
4
8


Y
e
s
s
e
n
i
a
 
9
7
8


Y
o
l
a
n
d
a
 
7
7
7


Y
v
e
t
t
e
 
6
2
2


Y
v
o
n
n
e
 
8
2
9


Z
a
c
h
a
r
i
a
h
 
3
7
4


Z
a
c
h
a
r
y
 
1
5


Z
a
c
h
e
r
y
 
2
7
7


Z
a
c
k
a
r
y
 
2
4
9


Z
a
c
k
e
r
y
 
3
6
9


Z
a
i
r
e
 
7
9
8


Z
a
k
a
r
y
 
7
3
2


Z
a
n
d
e
r
 
9
9
3


Z
a
n
e
 
2
4
6


Z
a
r
i
a
 
4
7
9


Z
e
c
h
a
r
i
a
h
 
6
7
0


Z
i
o
n
 
3
0
0


Z
o
e
 
8
2


Z
o
e
y
 
4
0
9


Z
o
i
e
 
7
2
8


