1992
1 ['Michael', 'Ashley']
10 ['David', 'Megan']
100 ['Joel', 'Angelica']
1000 ['Donavon', 'Marla']
101 ['Tanner', 'Diana']
102 ['Keith', 'Margaret']
103 ['Dakota', 'April']
104 ['Raymond', 'Emma']
105 ['Casey', 'Caroline']
106 ['Lucas', 'Julie']
107 ['Phillip', 'Madison']
108 ['Chad', 'Kathleen']
109 ['Jorge', 'Casey']
11 ['Joseph', 'Jennifer']
110 ['Donald', 'Brandi']
111 ['Wesley', 'Patricia']
112 ['Ronald', 'Sabrina']
113 ['Alejandro', 'Kaitlin']
114 ['Angel', 'Bethany']
115 ['Ricardo', 'Kara']
116 ['Chase', 'Dominique']
117 ['Martin', 'Chelsey']
118 ['Francisco', 'Tara']
119 ['Jake', 'Brenda']
12 ['Nicholas', 'Lauren']
120 ['Derrick', 'Natasha']
121 ['Dalton', 'Desiree']
122 ['Johnathan', 'Karen']
123 ['Devon', 'Rachael']
124 ['Isaac', 'Sydney']
125 ['Frank', 'Mackenzie']
126 ['Douglas', 'Kendra']
127 ['Colin', 'Grace']
128 ['Mario', 'Krystal']
129 ['Alan', 'Destiny']
13 ['Ryan', 'Kayla']
130 ['Oscar', 'Sierra']
131 ['Manuel', 'Hillary']
132 ['Eduardo', 'Katrina']
133 ['Julian', 'Leslie']
134 ['Colton', 'Carly']
135 ['Hunter', 'Hayley']
136 ['Jonathon', 'Valerie']
137 ['Dominic', 'Ana']
138 ['Philip', 'Madeline']
139 ['Gary', 'Gabriela']
14 ['John', 'Nicole']
140 ['Andre', 'Alexa']
141 ['Henry', 'Adriana']
142 ['Curtis', 'Savannah']
143 ['Cole', 'Nancy']
144 ['Brendan', 'Dana']
145 ['Omar', 'Rebekah']
146 ['Troy', 'Felicia']
147 ['Xavier', 'Alison']
148 ['Mason', 'Jillian']
149 ['Edgar', 'Alejandra']
15 ['Jacob', 'Chelsea']
150 ['Dennis', 'Krista']
151 ['Ivan', 'Monique']
152 ['Javier', 'Raven']
153 ['Johnny', 'Sandra']
154 ['Craig', 'Ashlee']
155 ['Jack', 'Deanna']
156 ['Hector', 'Caitlyn']
157 ['Sergio', 'Meagan']
158 ['Randy', 'Claire']
159 ['Roberto', 'Karina']
16 ['Zachary', 'Rachel']
160 ['Brent', 'Hailey']
161 ['Jeremiah', 'Chloe']
162 ['Tevin', 'Alisha']
163 ['Tony', 'Shanice']
164 ['Darius', 'Gina']
165 ['Grant', 'Jocelyn']
166 ['Allen', 'Kirsten']
167 ['Clayton', 'Joanna']
168 ['Levi', 'Brandy']
169 ['Maxwell', 'Cheyenne']
17 ['Robert', 'Taylor']
170 ['Fernando', 'Autumn']
171 ['Max', 'Jaclyn']
172 ['Alec', 'Mallory']
173 ['Larry', 'Lacey']
174 ['Mathew', 'Kaylee']
175 ['Bryce', 'Audrey']
176 ['Jeffery', 'Yesenia']
177 ['Edwin', 'Mercedes']
178 ['Ruben', 'Bailey']
179 ['Nicolas', 'Priscilla']
18 ['Justin', 'Danielle']
180 ['Dominique', 'Angel']
181 ['Drew', 'Jade']
182 ['Carl', 'Anne']
183 ['Jerry', 'Cindy']
184 ['Zachery', 'Colleen']
185 ['Russell', 'Candace']
186 ['Andres', 'Cristina']
187 ['Collin', 'Daisy']
188 ['Pedro', 'Denise']
189 ['Kristopher', 'Tabitha']
19 ['Anthony', 'Amber']
190 ['Danny', 'Claudia']
191 ['Ricky', 'Nichole']
192 ['Lawrence', 'Linda']
193 ['Louis', 'Kiara']
194 ['Calvin', 'Britney']
195 ['Cesar', 'Kylie']
196 ['Terry', 'Carolyn']
197 ['Colby', 'Ashleigh']
198 ['Marco', 'Candice']
199 ['Devante', 'Meredith']
2 ['Christopher', 'Jessica']
20 ['William', 'Rebecca']
200 ['Jimmy', 'Mayra']
201 ['Julio', 'Bridget']
202 ['Preston', 'Evelyn']
203 ['Elijah', 'Kasey']
204 ['Lance', 'Kassandra']
205 ['Albert', 'Lydia']
206 ['Malcolm', 'Teresa']
207 ['Micheal', 'Ariana']
208 ['Rafael', 'Ciara']
209 ['Raul', 'Gabriella']
21 ['Jonathan', 'Courtney']
210 ['Rodney', 'Susan']
211 ['Clinton', 'Jasmin']
212 ['Isaiah', 'Sophia']
213 ['Marc', 'Ebony']
214 ['Roger', 'Amelia']
215 ['Jaime', 'Renee']
216 ['Todd', 'Kelli']
217 ['Walter', 'Ellen']
218 ['Arthur', 'Tori']
219 ['Noah', 'Diamond']
22 ['Kyle', 'Victoria']
220 ['Joe', 'Marisa']
221 ['Bobby', 'Carrie']
222 ['Erick', 'Wendy']
223 ['Jackson', 'Tamara']
224 ['Emmanuel', 'Justine']
225 ['Alberto', 'Heidi']
226 ['Devonte', 'Theresa']
227 ['Darren', 'Chelsie']
228 ['Gerardo', 'Carmen']
229 ['Sebastian', 'Allyson']
23 ['Alexander', 'Kelsey']
230 ['Billy', 'Stacey']
231 ['Ross', 'Janet']
232 ['Terrance', 'Stacy']
233 ['Armando', 'Hilary']
234 ['Reginald', 'Cassie']
235 ['Randall', 'Rosa']
236 ['Jay', 'Tessa']
237 ['Willie', 'Tiara']
238 ['Brady', 'Karla']
239 ['Trenton', 'Carissa']
24 ['Cody', 'Melissa']
240 ['Jon', 'Marie']
241 ['Micah', 'Jacquelyn']
242 ['Jamal', 'Raquel']
243 ['Donovan', 'Clarissa']
244 ['Gerald', 'Jenny']
245 ['Marvin', 'Faith']
246 ['Maurice', 'Martha']
247 ['Nolan', 'Cara']
248 ['Hayden', 'Kelsie']
249 ['Jamie', 'Barbara']
25 ['Kevin', 'Michelle']
250 ['Ramon', 'Gloria']
251 ['Branden', 'Asia']
252 ['Andy', 'Aubrey']
253 ['Kody', 'Naomi']
254 ['Abraham', 'Summer']
255 ['Lee', 'Jazmin']
256 ['Parker', 'Jessie']
257 ['Trent', 'Virginia']
258 ['Skyler', 'Melinda']
259 ['Eddie', 'Camille']
26 ['Eric', 'Hannah']
260 ['Theodore', 'Abby']
261 ['Bryant', 'Kellie']
262 ['Damian', 'Janelle']
263 ['Marcos', 'Robin']
264 ['Riley', 'Cierra']
265 ['Desmond', 'Isabel']
266 ['Gavin', 'Jazmine']
267 ['Nickolas', 'Tanya']
268 ['Arturo', 'Nina']
269 ['Trey', 'Tatiana']
27 ['Thomas', 'Katherine']
270 ['Terrence', 'Miriam']
271 ['Enrique', 'Maggie']
272 ['Cristian', 'Alissa']
273 ['Jessie', 'Devin']
274 ['Alfredo', 'Ruby']
275 ['Frederick', 'Cecilia']
276 ['Landon', 'Carla']
277 ['Deandre', 'Marina']
278 ['Zackary', 'Tracy']
279 ['Johnathon', 'Adrienne']
28 ['Dylan', 'Jasmine']
280 ['Kaleb', 'Christian']
281 ['Demetrius', 'Tyler']
282 ['Harrison', 'Zoe']
283 ['Miles', 'Arielle']
284 ['Damon', 'Angelina']
285 ['Josue', 'Daniela']
286 ['Roy', 'Tia']
287 ['Morgan', 'Charlotte']
288 ['Shaun', 'Michaela']
289 ['Tyrone', 'Adrianna']
29 ['Steven', 'Alexandra']
290 ['Conor', 'Hanna']
291 ['Bruce', 'Mckenzie']
292 ['Salvador', 'Callie']
293 ['Darrell', 'Guadalupe']
294 ['Wayne', 'Katlyn']
295 ['Marquis', 'Ann']
296 ['Conner', 'Sasha']
297 ['Israel', 'Elise']
298 ['Jerome', 'Sharon']
299 ['Dallas', 'Katelynn']
3 ['Matthew', 'Amanda']
30 ['Aaron', 'Alyssa']
300 ['Giovanni', 'Deborah']
301 ['Diego', 'Devon']
302 ['Steve', 'Esther']
303 ['Tommy', 'Pamela']
304 ['Marshall', 'Kristi']
305 ['Zachariah', 'Carolina']
306 ['Brock', 'Shawna']
307 ['Gustavo', 'Vivian']
308 ['Damien', 'Melody']
309 ['Ronnie', 'Karissa']
31 ['Brian', 'Heather']
310 ['Terrell', 'Hope']
311 ['Franklin', 'Nikki']
312 ['Geoffrey', 'Tina']
313 ['Ernesto', 'Angelique']
314 ['Byron', 'Aimee']
315 ['Dean', 'Toni']
316 ['Forrest', 'Kristine']
317 ['Dominick', 'Shayla']
318 ['Francis', 'Rose']
319 ['Kelvin', 'Cortney']
32 ['Jordan', 'Tiffany']
320 ['Nelson', 'Brittani']
321 ['Darryl', 'Leticia']
322 ['Kendall', 'Jeanette']
323 ['Neil', 'Ruth']
324 ['Josiah', 'Kristy']
325 ['Melvin', 'Kate']
326 ['Zackery', 'Helen']
327 ['Leonard', 'Kari']
328 ['Rene', 'Michele']
329 ['Chance', 'Mia']
33 ['Benjamin', 'Christina']
330 ['Denzel', 'Sonia']
331 ['Alexis', 'Regina']
332 ['Pablo', 'Brianne']
333 ['Lorenzo', 'Tasha']
334 ['Angelo', 'Bria']
335 ['Gage', 'Trisha']
336 ['Karl', 'Tiana']
337 ['Ernest', 'Elena']
338 ['Eugene', 'Paula']
339 ['Fabian', 'Stefanie']
34 ['Timothy', 'Shelby']
340 ['Dale', 'Eva']
341 ['Elias', 'Elisabeth']
342 ['Glenn', 'Yvette']
343 ['Stanley', 'Nicolette']
344 ['Kurt', 'Christa']
345 ['Ty', 'Liliana']
346 ['Felix', 'Dakota']
347 ['Wade', 'Lillian']
348 ['Simon', 'Robyn']
349 ['Jermaine', 'Tierra']
35 ['Christian', 'Kimberly']
350 ['Eli', 'Kendall']
351 ['Kendrick', 'Misty']
352 ['Dwayne', 'Anastasia']
353 ['Quinton', 'Annie']
354 ['Tyrell', 'Ashton']
355 ['Harold', 'Cassidy']
356 ['Orlando', 'Brenna']
357 ['Carson', 'Christy']
358 ['Warren', 'Marlene']
359 ['Oliver', 'Randi']
36 ['Adam', 'Sara']
360 ['Dante', 'Lorena']
361 ['Guillermo', 'Katharine']
362 ['Keenan', 'Chasity']
363 ['Brendon', 'Sylvia']
364 ['Quentin', 'Kelley']
365 ['Emanuel', 'Kyla']
366 ['Harry', 'Natalia']
367 ['Brennan', 'Rachelle']
368 ['Wyatt', 'Alma']
369 ['Alvin', 'Maya']
37 ['Jose', 'Mary']
370 ['Abel', 'Taryn']
371 ['Tristan', 'Ashlyn']
372 ['Weston', 'Alice']
373 ['Zane', 'Francesca']
374 ['Roman', 'Larissa']
375 ['Saul', 'Genesis']
376 ['Stefan', 'Jaime']
377 ['Jalen', 'Donna']
378 ['Gilbert', 'Jordyn']
379 ['Hugo', 'Kylee']
38 ['Austin', 'Laura']
380 ['Sheldon', 'Ericka']
381 ['Ismael', 'Yvonne']
382 ['Leonardo', 'Marilyn']
383 ['Rodolfo', 'Marisol']
384 ['Jarrod', 'Tania']
385 ['Allan', 'Celeste']
386 ['Emilio', 'Alana']
387 ['Rudy', 'Tanisha']
388 ['Leon', 'Frances']
389 ['Esteban', 'Valeria']
39 ['Patrick', 'Andrea']
390 ['Myles', 'India']
391 ['Ashton', 'Shayna']
392 ['Beau', 'Johanna']
393 ['Corbin', 'Chanel']
394 ['Ray', 'Corinne']
395 ['Malik', 'Jane']
396 ['Clint', 'Arianna']
397 ['Devan', 'Jill']
398 ['Kameron', 'Kierra']
399 ['Elliott', 'Alyson']
4 ['Joshua', 'Brittany']
40 ['Richard', 'Alexis']
400 ['Sam', 'Lori']
401 ['Graham', 'Sheila']
402 ['Joey', 'Kiana']
403 ['Alfred', 'Esmeralda']
404 ['Elliot', 'Kali']
405 ['Jordon', 'Chantel']
406 ['Coty', 'Meaghan']
407 ['Cedric', 'Kayleigh']
408 ['Harley', 'Simone']
409 ['Chandler', 'Carley']
41 ['Samuel', 'Morgan']
410 ['Dane', 'Ciera']
411 ['Mackenzie', 'Joy']
412 ['Braden', 'Carol']
413 ['Lewis', 'Dawn']
414 ['Felipe', 'Diane']
415 ['Clifford', 'Maribel']
416 ['Rashad', 'Tayler']
417 ['Kelly', 'Elaine']
418 ['Bernard', 'Shaina']
419 ['Darnell', 'Blanca']
42 ['Sean', 'Kaitlyn']
420 ['Alfonso', 'Shaniqua']
421 ['Donte', 'Sadie']
422 ['Tylor', 'Yolanda']
423 ['Gilberto', 'Shana']
424 ['Moises', 'Lacy']
425 ['Drake', 'Nadia']
426 ['Shaquille', 'Josephine']
427 ['Stuart', 'Maritza']
428 ['Tre', 'Kaila']
429 ['Clarence', 'Kira']
43 ['Charles', 'Brianna']
430 ['Kirk', 'Irene']
431 ['Roderick', 'Roxanne']
432 ['Wilson', 'Latoya']
433 ['Brenden', 'Macy']
434 ['Noel', 'Iesha']
435 ['Rogelio', 'Kaleigh']
436 ['Stephan', 'Alaina']
437 ['Kenny', 'Kelsi']
438 ['Blaine', 'Kyra']
439 ['Jarred', 'Cristal']
44 ['Nathan', 'Erica']
440 ['Sterling', 'Logan']
441 ['Ralph', 'Juliana']
442 ['Garret', 'Precious']
443 ['Tucker', 'Breana']
444 ['Deshawn', 'Kourtney']
445 ['Lamar', 'Rochelle']
446 ['Antoine', 'Suzanne']
447 ['Jarrett', 'Tiffani']
448 ['Kristian', 'Iris']
449 ['Davon', 'Bonnie']
45 ['Stephen', 'Maria']
450 ['Quinn', 'Julianne']
451 ['Carter', 'Kaitlynn']
452 ['Charlie', 'Noelle']
453 ['Julius', 'Stephany']
454 ['Keegan', 'Anita']
455 ['Reid', 'Lyndsey']
456 ['Ramiro', 'Tonya']
457 ['Lukas', 'Elisa']
458 ['Earl', 'Savanna']
459 ['Barry', 'Kiera']
46 ['Jason', 'Erin']
460 ['Kurtis', 'Shauna']
461 ['Avery', 'Latasha']
462 ['Brad', 'Sandy']
463 ['Skylar', 'Margarita']
464 ['Leo', 'Paris']
465 ['Shannon', 'Tess']
466 ['Bret', 'Kailey']
467 ['Howard', 'Judith']
468 ['Rodrigo', 'Madeleine']
469 ['Demarcus', 'Clara']
47 ['Jeremy', 'Kelly']
470 ['Kory', 'Kaley']
471 ['Chris', 'Lily']
472 ['Ariel', 'Mariela']
473 ['Shelby', 'Nora']
474 ['Dexter', 'Carina']
475 ['Marlon', 'Bryanna']
476 ['Owen', 'Antoinette']
477 ['Ali', 'Desirae']
478 ['Nikolas', 'Lucy']
479 ['Tyree', 'Moriah']
48 ['Travis', 'Allison']
480 ['Carlton', 'Shelbi']
481 ['Jakob', 'Kristie']
482 ['Terence', 'Alysha']
483 ['Clay', 'Daniella']
484 ['Tomas', 'Dorothy']
485 ['Jaron', 'Sophie']
486 ['Derick', 'Breanne']
487 ['Kyler', 'Isabella']
488 ['Daryl', 'Leanna']
489 ['Courtney', 'Beatriz']
49 ['Mark', 'Anna']
490 ['Jarvis', 'Paola']
491 ['Davonte', 'Serena']
492 ['Jayson', 'Jalisa']
493 ['Jamar', 'Maranda']
494 ['Leroy', 'Talia']
495 ['Dwight', 'Sally']
496 ['Mauricio', 'Casandra']
497 ['Nathanael', 'Kerri']
498 ['Adan', 'Janae']
499 ['Javon', 'Mollie']
5 ['Andrew', 'Sarah']
50 ['Jesse', 'Crystal']
500 ['Rolando', 'Charity']
501 ['Kasey', 'Emilee']
502 ['Dimitri', 'Alanna']
503 ['Gordon', 'Latisha']
504 ['Norman', 'Kacie']
505 ['Quincy', 'Ashlie']
506 ['Alonzo', 'Charlene']
507 ['Fredrick', 'Lena']
508 ['Neal', 'Alexandrea']
509 ['Raheem', 'Kathy']
51 ['Jeffrey', 'Amy']
510 ['Bryson', 'Kenya']
511 ['Chaz', 'Keri']
512 ['Isiah', 'Shanna']
513 ['Davis', 'Alisa']
514 ['Markus', 'Janice']
515 ['Trevon', 'Beth']
516 ['Nigel', 'Keisha']
517 ['Santiago', 'Norma']
518 ['Sidney', 'Christie']
519 ['Perry', 'Katy']
52 ['Taylor', 'Cassandra']
520 ['Humberto', 'Kelsea']
521 ['Efrain', 'Genevieve']
522 ['Keaton', 'Alexia']
523 ['Deonte', 'Araceli']
524 ['Dorian', 'Blair']
525 ['Freddy', 'Harley']
526 ['Glen', 'Stacie']
527 ['Deon', 'Shelbie']
528 ['Dion', 'Sofia']
529 ['Kent', 'Rocio']
53 ['Cameron', 'Kristen']
530 ['Reed', 'Shirley']
531 ['Korey', 'Beverly']
532 ['Tyson', 'Jodi']
533 ['Jean', 'Cheryl']
534 ['Deangelo', 'Tammy']
535 ['Roland', 'Jacklyn']
536 ['Ben', 'Shantel']
537 ['Noe', 'Staci']
538 ['Clifton', 'Mariana']
539 ['Dillion', 'Joyce']
54 ['Alex', 'Katie']
540 ['Lonnie', 'Kerry']
541 ['Brenton', 'Chandler']
542 ['Cornelius', 'Juanita']
543 ['Irvin', 'Avery']
544 ['Heath', 'Viviana']
545 ['Mike', 'Abbey']
546 ['Cooper', 'Jena']
547 ['Darian', 'Susana']
548 ['Kareem', 'Annette']
549 ['Marquise', 'Brittni']
55 ['Paul', 'Vanessa']
550 ['Jace', 'Imani']
551 ['Lamont', 'Paulina']
552 ['Lloyd', 'Brooklyn']
553 ['Dillan', 'Destinee']
554 ['Shayne', 'Edith']
555 ['Aron', 'Riley']
556 ['Frankie', 'Leigh']
557 ['Salvatore', 'Haylee']
558 ['Marcel', 'Karly']
559 ['Baby', 'Kirstie']
56 ['Juan', 'Haley']
560 ['Milton', 'Lizbeth']
561 ['Griffin', 'Allie']
562 ['Akeem', 'Bridgette']
563 ['Duane', 'Rosemary']
564 ['Rickey', 'Makayla']
565 ['Infant', 'Skylar']
566 ['Darrin', 'Mikayla']
567 ['Kristofer', 'Mindy']
568 ['Vernon', 'Cayla']
569 ['Devonta', 'Kiersten']
57 ['Bryan', 'Lindsey']
570 ['Leonel', 'Leanne']
571 ['Colten', 'Aisha']
572 ['Moses', 'Karli']
573 ['Fred', 'Connie']
574 ['Vicente', 'Katarina']
575 ['Rick', 'Madelyn']
576 ['Alvaro', 'Perla']
577 ['Arnold', 'Tianna']
578 ['Raphael', 'Loren']
579 ['Ahmad', 'Eileen']
58 ['Dustin', 'Olivia']
580 ['Damion', 'Kirstin']
581 ['Kadeem', 'Corina']
582 ['Jamel', 'Lucia']
583 ['Quintin', 'Peyton']
584 ['Brice', 'Julianna']
585 ['Jaquan', 'Eleanor']
586 ['Dashawn', 'Haleigh']
587 ['Herbert', 'Noemi']
588 ['Mohammad', 'Rita']
589 ['Uriel', 'Mckenna']
59 ['Kenneth', 'Brooke']
590 ['Darrius', 'Ashly']
591 ['Tracy', 'Emilie']
592 ['Cortez', 'Maureen']
593 ['Liam', 'Sonya']
594 ['Everett', 'Georgia']
595 ['Sawyer', 'Kaylyn']
596 ['Robin', 'Tracey']
597 ['Lane', 'Octavia']
598 ['Nestor', 'Hallie']
599 ['Rigoberto', 'Stevie']
6 ['Brandon', 'Samantha']
60 ['Gregory', 'Kathryn']
600 ['Cullen', 'Brandie']
601 ['Darin', 'Darlene']
602 ['Don', 'Tabatha']
603 ['Pierre', 'Makenzie']
604 ['Deven', 'Ryan']
605 ['Daquan', 'Carlie']
606 ['Reynaldo', 'Kaylie']
607 ['Toby', 'Selena']
608 ['Kerry', 'Karlee']
609 ['Mitchel', 'Laurel']
61 ['Scott', 'Natalie']
610 ['Antwan', 'Britany']
611 ['Maximilian', 'Brittanie']
612 ['Brody', 'Yasmin']
613 ['Ignacio', 'Mara']
614 ['Nico', 'Silvia']
615 ['Guy', 'Celina']
616 ['Darien', 'Alexus']
617 ['Nathanial', 'Alex']
618 ['Agustin', 'Sidney']
619 ['Freddie', 'Arlene']
62 ['Derek', 'Caitlin']
620 ['Grayson', 'Josie']
621 ['Winston', 'Sheena']
622 ['Bo', 'Gianna']
623 ['Clark', 'Jackie']
624 ['Conrad', 'Justina']
625 ['Paris', 'Selina']
626 ['Rory', 'Yadira']
627 ['Dana', 'Fatima']
628 ['Bradford', 'Jaimie']
629 ['Sammy', 'Devan']
63 ['Trevor', 'Jordan']
630 ['Gerard', 'Deidre']
631 ['Joaquin', 'Luz']
632 ['Johnnie', 'Lea']
633 ['Aidan', 'Jami']
634 ['Addison', 'Katelin']
635 ['Jimmie', 'Debra']
636 ['Ezekiel', 'Demi']
637 ['Gino', 'Kala']
638 ['Payton', 'Lesley']
639 ['Austen', 'Alina']
64 ['Luis', 'Paige']
640 ['Brandyn', 'Jennie']
641 ['Donnie', 'Kristyn']
642 ['Duncan', 'Lara']
643 ['Dylon', 'Maegan']
644 ['Jovan', 'Patrice']
645 ['Loren', 'Mandy']
646 ['Solomon', 'Dallas']
647 ['Irving', 'Shelly']
648 ['Braxton', 'Dulce']
649 ['Coleman', 'Ivette']
65 ['Corey', 'Shannon']
650 ['Will', 'Nikita']
651 ['Amir', 'Sade']
652 ['Blair', 'Angie']
653 ['Issac', 'Antonia']
654 ['Jamison', 'Constance']
655 ['Gene', 'Celia']
656 ['Osvaldo', 'Tricia']
657 ['Thaddeus', 'Jana']
658 ['Brandan', 'Judy']
659 ['Garth', 'Lacie']
66 ['Evan', 'Katelyn']
660 ['Khalil', 'Traci']
661 ['Guadalupe', 'Eliza']
662 ['Dewayne', 'Kacey']
663 ['Stephon', 'Shanae']
664 ['German', 'Alysia']
665 ['Ladarius', 'Hollie']
666 ['Jasper', 'Racheal']
667 ['Arron', 'Kori']
668 ['Lester', 'Nathalie']
669 ['Travon', 'Elyse']
67 ['Jared', 'Jenna']
670 ['Reuben', 'Christen']
671 ['Bennett', 'Joanne']
672 ['Brooks', 'Jenifer']
673 ['Vance', 'Jessika']
674 ['Dominque', 'Krysta']
675 ['Rico', 'Yasmine']
676 ['Ryne', 'Rhiannon']
677 ['Adolfo', 'Chelsi']
678 ['Mohammed', 'Kaylin']
679 ['Stewart', 'Clare']
68 ['Ian', 'Brittney']
680 ['Myron', 'Aurora']
681 ['Codey', 'Lizette']
682 ['Dandre', 'Maricela']
683 ['Jamaal', 'Gretchen']
684 ['Javonte', 'Gwendolyn']
685 ['Estevan', 'Janette']
686 ['Tate', 'Alycia']
687 ['Elmer', 'Cheyanne']
688 ['Jerrod', 'Jayme']
689 ['Nick', 'Skyler']
69 ['Carlos', 'Angela']
690 ['Rashawn', 'Marisela']
691 ['Colt', 'Maura']
692 ['Edgardo', 'Brook']
693 ['Holden', 'Jesse']
694 ['Jonah', 'Cori']
695 ['Anton', 'Gladys']
696 ['Leland', 'Kasandra']
697 ['Jeff', 'Eden']
698 ['Trever', 'Cameron']
699 ['Herman', 'Kristian']
7 ['Daniel', 'Emily']
70 ['Edward', 'Julia']
700 ['Reece', 'Kiley']
701 ['Jackie', 'Lakeisha']
702 ['Leslie', 'Adrian']
703 ['Zechariah', 'Payton']
704 ['Donavan', 'Darian']
705 ['Chadwick', 'Nia']
706 ['Kolby', 'Terri']
707 ['Bradly', 'Delaney']
708 ['Devontae', 'Ingrid']
709 ['Octavio', 'Janie']
71 ['Shawn', 'Alicia']
710 ['Jefferson', 'Sherry']
711 ['Aubrey', 'Rebeca']
712 ['Codie', 'Audra']
713 ['Jairo', 'Carli']
714 ['Zakary', 'Yessenia']
715 ['Dan', 'Carlee']
716 ['Tory', 'Domonique']
717 ['Heriberto', 'Jada']
718 ['Rex', 'Katlin']
719 ['Jameson', 'Chantal']
72 ['Bradley', 'Marissa']
720 ['Aric', 'Karlie']
721 ['Jaleel', 'Betty']
722 ['Benny', 'Estefania']
723 ['Donnell', 'Skye']
724 ['Ahmed', 'Elisha']
725 ['Chester', 'Baby']
726 ['Pierce', 'Hali']
727 ['Antwon', 'Elissa']
728 ['Jacoby', 'Melina']
729 ['Cyrus', 'Dianna']
73 ['Dillon', 'Alexandria']
730 ['Erich', 'Janessa']
731 ['Hakeem', 'Christin']
732 ['Clyde', 'Maira']
733 ['Gonzalo', 'Janine']
734 ['Mohamed', 'Anjelica']
735 ['Ervin', 'Belinda']
736 ['Royce', 'Breann']
737 ['Walker', 'Christiana']
738 ['Jabari', 'Kaci']
739 ['Benito', 'Keely']
74 ['Caleb', 'Mariah']
740 ['Floyd', 'Deja']
741 ['Kirby', 'Ivy']
742 ['Cecil', 'Beatrice']
743 ['Jamil', 'Lynn']
744 ['Jim', 'Reyna']
745 ['Sage', 'Shakira']
746 ['Gunnar', 'Infant']
747 ['Houston', 'Terra']
748 ['Lionel', 'Liana']
749 ['Darion', 'Marcella']
75 ['Devin', 'Jamie']
750 ['Elvis', 'Lorraine']
751 ['Deion', 'Alecia']
752 ['Rocky', 'Dayna']
753 ['Santos', 'Halie']
754 ['Sonny', 'Lauryn']
755 ['Jarod', 'Thalia']
756 ['Jessy', 'Julissa']
757 ['Lyle', 'Roxana']
758 ['Rhett', 'Kalyn']
759 ['Ted', 'Nadine']
76 ['Ethan', 'Jacqueline']
760 ['Ulises', 'Devyn']
761 ['Vaughn', 'Myra']
762 ['Bronson', 'Tiera']
763 ['Peyton', 'Allyssa']
764 ['Wendell', 'Bobbie']
765 ['Ellis', 'Shea']
766 ['Malcom', 'Elaina']
767 ['Cristopher', 'Fabiola']
768 ['Scotty', 'Laurie']
769 ['Alton', 'Micah']
77 ['Shane', 'Monica']
770 ['Bryon', 'Rhonda']
771 ['Jerrell', 'Ali']
772 ['Rakeem', 'Danica']
773 ['Keon', 'Mariel']
774 ['Demarco', 'Ashely']
775 ['Josh', 'Melisa']
776 ['Martez', 'Shelley']
777 ['Brennen', 'Brianda']
778 ['Demetri', 'Chantelle']
779 ['Jade', 'Lyndsay']
78 ['Jesus', 'Catherine']
780 ['Junior', 'Charmaine']
781 ['Madison', 'Lucero']
782 ['Demario', 'Alesha']
783 ['Isaias', 'Ayla']
784 ['Malachi', 'Abbie']
785 ['Shea', 'Kathrine']
786 ['Wilfredo', 'Krystle']
787 ['Ezequiel', 'Heaven']
788 ['Randolph', 'Michael']
789 ['Jamarcus', 'Tamika']
79 ['Nathaniel', 'Briana']
790 ['Kegan', 'Corey']
791 ['Amos', 'Tiffanie']
792 ['Brayden', 'Hailee']
793 ['Ezra', 'Jaleesa']
794 ['Greg', 'Rikki']
795 ['Sherman', 'Aileen']
796 ['Erin', 'Micaela']
797 ['Kellen', 'Sarai']
798 ['Reese', 'Karley']
799 ['Hans', 'Mikaela']
8 ['Tyler', 'Stephanie']
80 ['Connor', 'Erika']
800 ['Raymundo', 'Joan']
801 ['Cruz', 'Latifah']
802 ['Davante', 'Stormy']
803 ['Emmett', 'Athena']
804 ['Hernan', 'Brielle']
805 ['Kelsey', 'Jerrica']
806 ['Ashley', 'Shanika']
807 ['Dyllan', 'Alessandra']
808 ['Grady', 'Cora']
809 ['Harvey', 'Dina']
81 ['Peter', 'Lindsay']
810 ['Garry', 'Dominque']
811 ['Marquez', 'Janay']
812 ['Misael', 'Marlena']
813 ['Moshe', 'Kia']
814 ['August', 'Leann']
815 ['Dontae', 'Jaqueline']
816 ['Rusty', 'Tyesha']
817 ['Silas', 'Ashlynn']
818 ['Camron', 'China']
819 ['Eddy', 'Deidra']
82 ['Marcus', 'Christine']
820 ['Forest', 'Iliana']
821 ['Josef', 'Noel']
822 ['Justice', 'Adrianne']
823 ['Trae', 'Berenice']
824 ['Bernardo', 'Eboni']
825 ['Dionte', 'Jodie']
826 ['Efren', 'Lisette']
827 ['Cade', 'Juana']
828 ['Gregorio', 'Kaela']
829 ['Alonso', 'Felisha']
83 ['Cory', 'Molly']
830 ['Hugh', 'Olga']
831 ['Spenser', 'Bobbi']
832 ['Denzell', 'Lynette']
833 ['Mickey', 'Ava']
834 ['Titus', 'Griselda']
835 ['Tobias', 'Irma']
836 ['Aldo', 'Kortney']
837 ['Kai', 'Betsy']
838 ['Kolton', 'Giselle']
839 ['Deonta', 'Isabelle']
84 ['Blake', 'Gabrielle']
840 ['Fidel', 'Bernadette']
841 ['Daron', 'Marjorie']
842 ['Talon', 'Asha']
843 ['Unknown', 'Fallon']
844 ['Antony', 'Kallie']
845 ['Ari', 'Lourdes']
846 ['Asa', 'Macey']
847 ['Davin', 'Porsha']
848 ['Lincoln', 'Santana']
849 ['Tyron', 'Whitley']
85 ['Antonio', 'Whitney']
850 ['Mikel', 'Anais']
851 ['Otis', 'Gabriel']
852 ['Anderson', 'Alayna']
853 ['Davion', 'Kimberley']
854 ['Dondre', 'Anissa']
855 ['Kelby', 'Ellie']
856 ['Codi', 'Shanequa']
857 ['Hassan', 'Aubree']
858 ['Robbie', 'Lana']
859 ['Randal', 'Chrystal']
86 ['Gabriel', 'Abigail']
860 ['Tayler', 'Amie']
861 ['Tom', 'Kristal']
862 ['Ulysses', 'Symone']
863 ['Cale', 'Tatyana']
864 ['Rasheed', 'Alysa']
865 ['Stevie', 'Ashli']
866 ['Galen', 'Brittaney']
867 ['Jerald', 'Elsa']
868 ['Morris', 'Kimberlee']
869 ['Stacy', 'Leandra']
87 ['Victor', 'Ariel']
870 ['Caden', 'Princess']
871 ['Julien', 'Shawnee']
872 ['Westley', 'Joann']
873 ['Dario', 'Lora']
874 ['Dequan', 'Marquita']
875 ['Jess', 'Brea']
876 ['Shelton', 'Essence']
877 ['Timmy', 'Britni']
878 ['Camden', 'Cassondra']
879 ['Coby', 'Chelsy']
88 ['Garrett', 'Lisa']
880 ['Edmund', 'Laci']
881 ['Rodrick', 'Shante']
882 ['Alexandro', 'Brittny']
883 ['Dakotah', 'Doris']
884 ['Dusty', 'Ivana']
885 ['Barrett', 'Leeann']
886 ['Channing', 'Pauline']
887 ['Claude', 'Trista']
888 ['Keven', 'Demetria']
889 ['Nikko', 'Janel']
89 ['Logan', 'Miranda']
890 ['Niko', 'Billie']
891 ['Augustus', 'Daphne']
892 ['Garrison', 'Ella']
893 ['Montel', 'Joselyn']
894 ['Storm', 'Regan']
895 ['Jacques', 'Catalina']
896 ['Jody', 'Dara']
897 ['Wallace', 'Danyelle']
898 ['Bill', 'Graciela']
899 ['Kevon', 'Ivonne']
9 ['James', 'Elizabeth']
90 ['Miguel', 'Kristin']
900 ['Deante', 'Katerina']
901 ['Domonique', 'Marlee']
902 ['Elisha', 'Martina']
903 ['Broderick', 'Myranda']
904 ['Derik', 'Eunice']
905 ['Jonas', 'Janell']
906 ['Luther', 'Kailee']
907 ['Muhammad', 'Monika']
908 ['Axel', 'Jeannette']
909 ['Earnest', 'Kassie']
91 ['Mitchell', 'Meghan']
910 ['Eliseo', 'Madalyn']
911 ['Jevon', 'Marian']
912 ['Ron', 'Susanna']
913 ['Waylon', 'Valencia']
914 ['Carlo', 'Joelle']
915 ['Kenton', 'Latrice']
916 ['Andreas', 'Eliana']
917 ['Cordell', 'Emerald']
918 ['Davonta', 'Stefani']
919 ['Dereck', 'Kalie']
92 ['Vincent', 'Cynthia']
920 ['Garrick', 'Kandice']
921 ['Marques', 'Magdalena']
922 ['Chaim', 'Ayana']
923 ['Domingo', 'Jamila']
924 ['Elvin', 'Katheryn']
925 ['Isidro', 'Mariam']
926 ['Jerod', 'Rubi']
927 ['Justen', 'Alexander']
928 ['Najee', 'Jean']
929 ['Tariq', 'Nataly']
93 ['Luke', 'Kristina']
930 ['Tavon', 'Ayanna']
931 ['Dalvin', 'Nakia']
932 ['Garett', 'Breonna']
933 ['Justyn', 'Darcy']
934 ['Marion', 'Emilia']
935 ['Tyrel', 'Geneva']
936 ['Tyshawn', 'Jerica']
937 ['Brant', 'Shaniece']
938 ['Dejuan', 'Cecelia']
939 ['Kalen', 'Chynna']
94 ['Seth', 'Breanna']
940 ['Montrell', 'Danika']
941 ['Rocco', 'Flor']
942 ['Stetson', 'Kaylynn']
943 ['Britton', 'Laken']
944 ['Darrel', 'Salina']
945 ['Giancarlo', 'Annmarie']
946 ['Jarrell', 'Kandace']
947 ['Kwame', 'Krystina']
948 ['Prince', 'Nikole']
949 ['Laquan', 'Scarlett']
95 ['George', 'Veronica']
950 ['Deshaun', 'Carson']
951 ['Ira', 'Danae']
952 ['Pete', 'Georgina']
953 ['Remington', 'Shanelle']
954 ['Teddy', 'Kati']
955 ['Trace', 'Kinsey']
956 ['Darwin', 'Lizeth']
957 ['Jerel', 'Mai']
958 ['Marty', 'Aja']
959 ['Maximillian', 'Chaya']
96 ['Adrian', 'Leah']
960 ['Roosevelt', 'Janna']
961 ['Carey', 'Kenia']
962 ['Juwan', 'Anika']
963 ['Lazaro', 'Cody']
964 ['Tyquan', 'Destini']
965 ['Willis', 'Jessenia']
966 ['Asher', 'Jessi']
967 ['Cary', 'Chandra']
968 ['Cedrick', 'Delia']
969 ['Deron', 'Gillian']
97 ['Brett', 'Bianca']
970 ['Donta', 'Kelcie']
971 ['Kieran', 'Leila']
972 ['Laurence', 'Kayley']
973 ['Samir', 'Bree']
974 ['Van', 'Damaris']
975 ['Vince', 'Giovanna']
976 ['Dave', 'Maryann']
977 ['Dejon', 'Maxine']
978 ['Erwin', 'Andria']
979 ['Laron', 'Chanelle']
98 ['Erik', 'Melanie']
980 ['Abdul', 'Dora']
981 ['Jered', 'Kaycee']
982 ['Quinten', 'Phoebe']
983 ['Alphonso', 'Sonja']
984 ['Dayton', 'Isamar']
985 ['Marcelo', 'Lexus']
986 ['Stacey', 'Liza']
987 ['Alexandre', 'Marcela']
988 ['Armand', 'Catrina']
989 ['Bailey', 'Chastity']
99 ['Spencer', 'Holly']
990 ['Brannon', 'Coral']
991 ['Cassidy', 'Corrine']
992 ['Denver', 'Kasie']
993 ['Emerson', 'Becky']
994 ['Rudolph', 'Kenisha']
995 ['Theron', 'Selene']
996 ['Arnulfo', 'Blake']
997 ['Colter', 'Malia']
998 ['Coy', 'Bryana']
999 ['Domenic', 'Luisa']
